Component: ARM Compiler 5.06 update 6 (build 750) Tool: armlink [4d35ed]

==============================================================================

Section Cross References

    startup_stm32l051xx.o(RESET) refers to startup_stm32l051xx.o(STACK) for __initial_sp
    startup_stm32l051xx.o(RESET) refers to startup_stm32l051xx.o(.text) for Reset_Handler
    startup_stm32l051xx.o(RESET) refers to stm32l0xx_it.o(i.NMI_Handler) for NMI_Handler
    startup_stm32l051xx.o(RESET) refers to stm32l0xx_it.o(i.HardFault_Handler) for HardFault_Handler
    startup_stm32l051xx.o(RESET) refers to port.o(i.SVC_Handler) for SVC_Handler
    startup_stm32l051xx.o(RESET) refers to port.o(.emb_text) for PendSV_Handler
    startup_stm32l051xx.o(RESET) refers to port.o(i.SysTick_Handler) for SysTick_Handler
    startup_stm32l051xx.o(RESET) refers to stm32l0xx_it.o(i.EXTI2_3_IRQHandler) for EXTI2_3_IRQHandler
    startup_stm32l051xx.o(RESET) refers to stm32l0xx_it.o(i.EXTI4_15_IRQHandler) for EXTI4_15_IRQHandler
    startup_stm32l051xx.o(RESET) refers to stm32l0xx_it.o(i.DMA1_Channel2_3_IRQHandler) for DMA1_Channel2_3_IRQHandler
    startup_stm32l051xx.o(RESET) refers to stm32l0xx_it.o(i.LPTIM1_IRQHandler) for LPTIM1_IRQHandler
    startup_stm32l051xx.o(RESET) refers to stm32l0xx_it.o(i.TIM2_IRQHandler) for TIM2_IRQHandler
    startup_stm32l051xx.o(RESET) refers to stm32l0xx_it.o(i.LPUART1_IRQHandler) for LPUART1_IRQHandler
    startup_stm32l051xx.o(.text) refers to system_stm32l0xx.o(i.SystemInit) for SystemInit
    startup_stm32l051xx.o(.text) refers to entry.o(.ARM.Collect$$$$00000000) for __main
    cc1101.o(i.CC1101ClrRXBuff) refers to cc1101.o(i.CC1101WriteCmd) for CC1101WriteCmd
    cc1101.o(i.CC1101ClrTXBuff) refers to cc1101.o(i.CC1101WriteCmd) for CC1101WriteCmd
    cc1101.o(i.CC1101GetRXCnt) refers to cc1101.o(i.CC1101ReadStatus) for CC1101ReadStatus
    cc1101.o(i.CC1101Init) refers to stm32l0xx_hal_cortex.o(i.HAL_NVIC_DisableIRQ) for HAL_NVIC_DisableIRQ
    cc1101.o(i.CC1101Init) refers to cc1101.o(i.CC1101Reset) for CC1101Reset
    cc1101.o(i.CC1101Init) refers to cc1101.o(i.CC1101WriteReg) for CC1101WriteReg
    cc1101.o(i.CC1101Init) refers to cc1101.o(i.CC1101SetAddress) for CC1101SetAddress
    cc1101.o(i.CC1101Init) refers to cc1101.o(i.CC1101SetSYNC) for CC1101SetSYNC
    cc1101.o(i.CC1101Init) refers to cc1101.o(i.CC1101WriteMultiReg) for CC1101WriteMultiReg
    cc1101.o(i.CC1101Init) refers to stm32l0xx_hal_cortex.o(i.HAL_NVIC_EnableIRQ) for HAL_NVIC_EnableIRQ
    cc1101.o(i.CC1101Init) refers to memseta.o(.text) for __aeabi_memclr4
    cc1101.o(i.CC1101Init) refers to cc1101.o(i.CC1101ReadStatus) for CC1101ReadStatus
    cc1101.o(i.CC1101Init) refers to printf8.o(i.__0printf$8) for __2printf
    cc1101.o(i.CC1101Init) refers to cc1101.o(.constdata) for .constdata
    cc1101.o(i.CC1101Init) refers to cc1101.o(.data) for .data
    cc1101.o(i.CC1101Init) refers to cc1101.o(.bss) for .bss
    cc1101.o(i.CC1101ReadMultiReg) refers to stm32l0xx_hal_gpio.o(i.HAL_GPIO_WritePin) for HAL_GPIO_WritePin
    cc1101.o(i.CC1101ReadMultiReg) refers to spi.o(i.SPI_ExchangeByte) for SPI_ExchangeByte
    cc1101.o(i.CC1101ReadRSSI) refers to cc1101.o(i.CC1101ReadStatus) for CC1101ReadStatus
    cc1101.o(i.CC1101ReadReg) refers to stm32l0xx_hal_gpio.o(i.HAL_GPIO_WritePin) for HAL_GPIO_WritePin
    cc1101.o(i.CC1101ReadReg) refers to spi.o(i.SPI_ExchangeByte) for SPI_ExchangeByte
    cc1101.o(i.CC1101ReadStatus) refers to stm32l0xx_hal_gpio.o(i.HAL_GPIO_WritePin) for HAL_GPIO_WritePin
    cc1101.o(i.CC1101ReadStatus) refers to spi.o(i.SPI_ExchangeByte) for SPI_ExchangeByte
    cc1101.o(i.CC1101RecPacket) refers to cc1101.o(i.CC1101GetRXCnt) for CC1101GetRXCnt
    cc1101.o(i.CC1101RecPacket) refers to cc1101.o(i.CC1101ReadReg) for CC1101ReadReg
    cc1101.o(i.CC1101RecPacket) refers to cc1101.o(i.CC1101ReadMultiReg) for CC1101ReadMultiReg
    cc1101.o(i.CC1101RecPacket) refers to uidiv.o(.text) for __aeabi_uidivmod
    cc1101.o(i.CC1101RecPacket) refers to cc1101.o(i.CC1101ClrRXBuff) for CC1101ClrRXBuff
    cc1101.o(i.CC1101RecPacket) refers to cc1101.o(.data) for .data
    cc1101.o(i.CC1101RecvHandler) refers to cc1101.o(i.CC1101RecPacket) for CC1101RecPacket
    cc1101.o(i.CC1101RecvHandler) refers to cc1101.o(i.CC1101CalcRSSI_dBm) for CC1101CalcRSSI_dBm
    cc1101.o(i.CC1101RecvHandler) refers to printf8.o(i.__0printf$8) for __2printf
    cc1101.o(i.CC1101RecvHandler) refers to cc1101.o(i.CC1101SetTRMode) for CC1101SetTRMode
    cc1101.o(i.CC1101RecvHandler) refers to stm32l0xx_hal_crc.o(i.HAL_CRC_Calculate) for HAL_CRC_Calculate
    cc1101.o(i.CC1101RecvHandler) refers to uread4.o(.text) for __aeabi_uread4
    cc1101.o(i.CC1101RecvHandler) refers to cc1101.o(.data) for .data
    cc1101.o(i.CC1101RecvHandler) refers to cc1101.o(.bss) for .bss
    cc1101.o(i.CC1101RecvHandler) refers to crc.o(.bss) for hcrc
    cc1101.o(i.CC1101Reset) refers to stm32l0xx_hal_gpio.o(i.HAL_GPIO_WritePin) for HAL_GPIO_WritePin
[...]
    i.MX_LPTIM1_Init                         0x08002924   Section        0  lptim.o(i.MX_LPTIM1_Init)
    i.MX_LPUART1_UART_Init                   0x0800295c   Section        0  usart.o(i.MX_LPUART1_UART_Init)
    i.MX_RTC_Init                            0x08002a80   Section        0  rtc.o(i.MX_RTC_Init)
    i.MX_SPI1_Init                           0x08002afc   Section        0  spi.o(i.MX_SPI1_Init)
    i.MX_USART1_UART_Init                    0x08002bb0   Section        0  usart.o(i.MX_USART1_UART_Init)
    i.ModuleLtePowerOn                       0x08002c58   Section        0  main.o(i.ModuleLtePowerOn)
    i.NMI_Handler                            0x08002ca4   Section        0  stm32l0xx_it.o(i.NMI_Handler)
    i.RCC_GetHCLKClockFreq                   0x08002ca8   Section        0  stm32l0xx_ll_rcc.o(i.RCC_GetHCLKClockFreq)
    RCC_GetHCLKClockFreq                     0x08002ca9   Thumb Code    18  stm32l0xx_ll_rcc.o(i.RCC_GetHCLKClockFreq)
    i.RCC_GetPCLK1ClockFreq                  0x08002cc4   Section        0  stm32l0xx_ll_rcc.o(i.RCC_GetPCLK1ClockFreq)
    RCC_GetPCLK1ClockFreq                    0x08002cc5   Thumb Code    16  stm32l0xx_ll_rcc.o(i.RCC_GetPCLK1ClockFreq)
    i.RCC_GetPCLK2ClockFreq                  0x08002cdc   Section        0  stm32l0xx_ll_rcc.o(i.RCC_GetPCLK2ClockFreq)
    RCC_GetPCLK2ClockFreq                    0x08002cdd   Thumb Code    16  stm32l0xx_ll_rcc.o(i.RCC_GetPCLK2ClockFreq)
    i.RCC_GetSystemClockFreq                 0x08002cf4   Section        0  stm32l0xx_ll_rcc.o(i.RCC_GetSystemClockFreq)
    RCC_GetSystemClockFreq                   0x08002cf5   Thumb Code   116  stm32l0xx_ll_rcc.o(i.RCC_GetSystemClockFreq)
    i.RFIDInitial                            0x08002d78   Section        0  cc1101.o(i.RFIDInitial)
    i.RTC_Bcd2ToByte                         0x08002e08   Section        0  stm32l0xx_hal_rtc.o(i.RTC_Bcd2ToByte)
    i.RTC_ByteToBcd2                         0x08002e18   Section        0  stm32l0xx_hal_rtc.o(i.RTC_ByteToBcd2)
    i.RTC_EnterInitMode                      0x08002e30   Section        0  stm32l0xx_hal_rtc.o(i.RTC_EnterInitMode)
    i.SPI_ExchangeByte                       0x08002e68   Section        0  spi.o(i.SPI_ExchangeByte)
    i.SVC_Handler                            0x08002e84   Section        0  port.o(i.SVC_Handler)
    i.SendToCloud                            0x08002e88   Section        0  freertos.o(i.SendToCloud)
    i.SetRTC                                 0x08002fb0   Section        0  rtc.o(i.SetRTC)
    i.ShowMessage                            0x08003014   Section        0  main.o(i.ShowMessage)
    i.StartCommandTask                       0x080030ac   Section        0  freertos.o(i.StartCommandTask)
    i.StartRFIDInputTask                     0x08003198   Section        0  freertos.o(i.StartRFIDInputTask)
    i.StartUsartRxDmaTask                    0x080031dc   Section        0  freertos.o(i.StartUsartRxDmaTask)
    i.SysTick_Handler                        0x080031f8   Section        0  port.o(i.SysTick_Handler)
    i.SystemClock_Config                     0x0800321c   Section        0  main.o(i.SystemClock_Config)
    i.SystemInit                             0x080032c0   Section        0  system_stm32l0xx.o(i.SystemInit)
    i.SystemInitial                          0x080032c4   Section        0  main.o(i.SystemInitial)
    i.TIM2_IRQHandler                        0x0800332c   Section        0  stm32l0xx_it.o(i.TIM2_IRQHandler)
    i.TIM_Base_SetConfig                     0x0800333c   Section        0  stm32l0xx_hal_tim.o(i.TIM_Base_SetConfig)
    TIM_Base_SetConfig                       0x0800333d   Thumb Code    78  stm32l0xx_hal_tim.o(i.TIM_Base_SetConfig)
    i.__0printf$8                            0x08003394   Section        0  printf8.o(i.__0printf$8)
    i.__ARM_common_ll_muluu                  0x080033b4   Section        0  stm32l0xx_hal_rcc.o(i.__ARM_common_ll_muluu)
    i.__NVIC_EnableIRQ                       0x080033e4   Section        0  gpio.o(i.__NVIC_EnableIRQ)
    __NVIC_EnableIRQ                         0x080033e5   Thumb Code    18  gpio.o(i.__NVIC_EnableIRQ)
    i.__NVIC_SetPriority                     0x080033fc   Section        0  gpio.o(i.__NVIC_SetPriority)
    __NVIC_SetPriority                       0x080033fd   Thumb Code    60  gpio.o(i.__NVIC_SetPriority)
    i.__NVIC_SetPriority                     0x08003440   Section        0  stm32l0xx_hal_cortex.o(i.__NVIC_SetPriority)
    __NVIC_SetPriority                       0x08003441   Thumb Code    60  stm32l0xx_hal_cortex.o(i.__NVIC_SetPriority)
    i.__scatterload_copy                     0x08003484   Section       14  handlers.o(i.__scatterload_copy)
    i.__scatterload_null                     0x08003492   Section        2  handlers.o(i.__scatterload_null)
    i.__scatterload_zeroinit                 0x08003494   Section       14  handlers.o(i.__scatterload_zeroinit)
    i._printf_core                           0x080034a4   Section        0  printf8.o(i._printf_core)
    _printf_core                             0x080034a5   Thumb Code  1020  printf8.o(i._printf_core)
    i._printf_post_padding                   0x080038cc   Section        0  printf8.o(i._printf_post_padding)
    _printf_post_padding                     0x080038cd   Thumb Code    32  printf8.o(i._printf_post_padding)
    i._printf_pre_padding                    0x080038ec   Section        0  printf8.o(i._printf_pre_padding)
    _printf_pre_padding                      0x080038ed   Thumb Code    44  printf8.o(i._printf_pre_padding)
    i.fputc                                  0x08003918   Section        0  usart.o(i.fputc)
    i.inHandlerMode                          0x08003928   Section        0  cmsis_os.o(i.inHandlerMode)
    inHandlerMode                            0x08003929   Thumb Code    12  cmsis_os.o(i.inHandlerMode)
    i.lte_lpuart_init                        0x08003934   Section        0  usart.o(i.lte_lpuart_init)
    i.lte_lpuart_process_data                0x080039c0   Section        0  usart.o(i.lte_lpuart_process_data)
    i.lte_lpuart_rx_check                    0x08003aa8   Section        0  usart.o(i.lte_lpuart_rx_check)
    i.lte_lpuart_send_data                   0x08003afc   Section        0  usart.o(i.lte_lpuart_send_data)
    i.lte_lpuart_send_string                 0x08003b24   Section        0  usart.o(i.lte_lpuart_send_string)
    i.main                                   0x08003b36   Section        0  main.o(i.main)
    i.makeFreeRtosPriority                   0x08003b70   Section        0  cmsis_os.o(i.makeFreeRtosPriority)
    makeFreeRtosPriority                     0x08003b71   Thumb Code    12  cmsis_os.o(i.makeFreeRtosPriority)
    i.osDelay                                0x08003b7c   Section        0  cmsis_os.o(i.osDelay)
    i.osKernelStart                          0x08003b8c   Section        0  cmsis_os.o(i.osKernelStart)
    i.osMessageCreate                        0x08003b96   Section        0  cmsis_os.o(i.osMessageCreate)
    i.osMessageGet                           0x08003bc0   Section        0  cmsis_os.o(i.osMessageGet)
    i.osMessagePut                           0x08003c4c   Section        0  cmsis_os.o(i.osMessagePut)
    i.osSemaphoreCreate                      0x08003ca4   Section        0  cmsis_os.o(i.osSemaphoreCreate)
    i.osSemaphoreRelease                     0x08003ce4   Section        0  cmsis_os.o(i.osSemaphoreRelease)
    i.osSemaphoreWait                        0x08003d30   Section        0  cmsis_os.o(i.osSemaphoreWait)
    i.osThreadCreate                         0x08003d94   Section        0  cmsis_os.o(i.osThreadCreate)
    i.prvAddCurrentTaskToDelayedList         0x08003dec   Section        0  tasks.o(i.prvAddCurrentTaskToDelayedList)
    prvAddCurrentTaskToDelayedList           0x08003ded   Thumb Code    78  tasks.o(i.prvAddCurrentTaskToDelayedList)
    i.prvAddNewTaskToReadyList               0x08003e44   Section        0  tasks.o(i.prvAddNewTaskToReadyList)
    prvAddNewTaskToReadyList                 0x08003e45   Thumb Code   176  tasks.o(i.prvAddNewTaskToReadyList)
    i.prvCopyDataFromQueue                   0x08003efc   Section        0  queue.o(i.prvCopyDataFromQueue)
    prvCopyDataFromQueue                     0x08003efd   Thumb Code    38  queue.o(i.prvCopyDataFromQueue)
    i.prvCopyDataToQueue                     0x08003f22   Section        0  queue.o(i.prvCopyDataToQueue)
    prvCopyDataToQueue                       0x08003f23   Thumb Code   112  queue.o(i.prvCopyDataToQueue)
    i.prvDeleteTCB                           0x08003f92   Section        0  tasks.o(i.prvDeleteTCB)
    prvDeleteTCB                             0x08003f93   Thumb Code    38  tasks.o(i.prvDeleteTCB)
    i.prvHeapInit                            0x08003fb8   Section        0  heap_4.o(i.prvHeapInit)
    prvHeapInit                              0x08003fb9   Thumb Code    60  heap_4.o(i.prvHeapInit)
    i.prvIdleTask                            0x08003ffc   Section        0  tasks.o(i.prvIdleTask)
    prvIdleTask                              0x08003ffd   Thumb Code    68  tasks.o(i.prvIdleTask)
    i.prvInitialiseNewQueue                  0x08004048   Section        0  queue.o(i.prvInitialiseNewQueue)
    prvInitialiseNewQueue                    0x08004049   Thumb Code    28  queue.o(i.prvInitialiseNewQueue)
    i.prvInitialiseNewTask                   0x08004064   Section        0  tasks.o(i.prvInitialiseNewTask)
    prvInitialiseNewTask                     0x08004065   Thumb Code   138  tasks.o(i.prvInitialiseNewTask)
    i.prvInsertBlockIntoFreeList             0x080040f0   Section        0  heap_4.o(i.prvInsertBlockIntoFreeList)
    prvInsertBlockIntoFreeList               0x080040f1   Thumb Code    72  heap_4.o(i.prvInsertBlockIntoFreeList)
    i.prvIsQueueEmpty                        0x0800413c   Section        0  queue.o(i.prvIsQueueEmpty)
    prvIsQueueEmpty                          0x0800413d   Thumb Code    28  queue.o(i.prvIsQueueEmpty)
    i.prvResetNextTaskUnblockTime            0x08004158   Section        0  tasks.o(i.prvResetNextTaskUnblockTime)
    prvResetNextTaskUnblockTime              0x08004159   Thumb Code    28  tasks.o(i.prvResetNextTaskUnblockTime)
    i.prvTaskExitError                       0x08004178   Section        0  port.o(i.prvTaskExitError)
    prvTaskExitError                         0x08004179   Thumb Code    14  port.o(i.prvTaskExitError)
    i.prvUnlockQueue                         0x0800418c   Section        0  queue.o(i.prvUnlockQueue)
    prvUnlockQueue                           0x0800418d   Thumb Code   112  queue.o(i.prvUnlockQueue)
    i.pvPortMalloc                           0x080041fc   Section        0  heap_4.o(i.pvPortMalloc)
    i.pvTaskIncrementMutexHeldCount          0x080042ac   Section        0  tasks.o(i.pvTaskIncrementMutexHeldCount)
    i.pxPortInitialiseStack                  0x080042c4   Section        0  port.o(i.pxPortInitialiseStack)
    i.strcatArray                            0x080042e4   Section        0  main.o(i.strcatArray)
    i.uxListRemove                           0x0800430e   Section        0  list.o(i.uxListRemove)
    i.vApplicationGetIdleTaskMemory          0x08004334   Section        0  freertos.o(i.vApplicationGetIdleTaskMemory)
    i.vApplicationIdleHook                   0x08004348   Section        0  freertos.o(i.vApplicationIdleHook)
    i.vListInitialise                        0x08004370   Section        0  list.o(i.vListInitialise)
    i.vListInitialiseItem                    0x08004386   Section        0  list.o(i.vListInitialiseItem)
    i.vListInsert                            0x0800438c   Section        0  list.o(i.vListInsert)
    i.vListInsertEnd                         0x080043bc   Section        0  list.o(i.vListInsertEnd)
    i.vPortEnterCritical                     0x080043d4   Section        0  port.o(i.vPortEnterCritical)
    i.vPortExitCritical                      0x080043ec   Section        0  port.o(i.vPortExitCritical)
    i.vPortFree                              0x08004408   Section        0  heap_4.o(i.vPortFree)
    i.vPortYield                             0x0800444c   Section        0  port.o(i.vPortYield)
    i.vTaskDelay                             0x08004464   Section        0  tasks.o(i.vTaskDelay)
    i.vTaskInternalSetTimeOutState           0x08004494   Section        0  tasks.o(i.vTaskInternalSetTimeOutState)
    i.vTaskMissedYield                       0x080044a4   Section        0  tasks.o(i.vTaskMissedYield)
    i.vTaskPlaceOnEventList                  0x080044b0   Section        0  tasks.o(i.vTaskPlaceOnEventList)
    i.vTaskPriorityDisinheritAfterTimeout    0x080044d4   Section        0  tasks.o(i.vTaskPriorityDisinheritAfterTimeout)
    i.vTaskStartScheduler                    0x08004544   Section        0  tasks.o(i.vTaskStartScheduler)
    i.vTaskSuspendAll                        0x0800459c   Section        0  tasks.o(i.vTaskSuspendAll)
    i.vTaskSwitchContext                     0x080045ac   Section        0  tasks.o(i.vTaskSwitchContext)
    i.xPortStartScheduler                    0x08004604   Section        0  port.o(i.xPortStartScheduler)
    i.xQueueGenericCreate                    0x08004654   Section        0  queue.o(i.xQueueGenericCreate)
    i.xQueueGenericCreateStatic              0x08004690   Section        0  queue.o(i.xQueueGenericCreateStatic)
    i.xQueueGenericReset                     0x080046d0   Section        0  queue.o(i.xQueueGenericReset)
    i.xQueueGenericSend                      0x0800473c   Section        0  queue.o(i.xQueueGenericSend)
    i.xQueueGenericSendFromISR               0x08004854   Section        0  queue.o(i.xQueueGenericSendFromISR)
    i.xQueueGiveFromISR                      0x080048e0   Section        0  queue.o(i.xQueueGiveFromISR)
    i.xQueueReceive                          0x08004954   Section        0  queue.o(i.xQueueReceive)
    i.xQueueReceiveFromISR                   0x08004a56   Section        0  queue.o(i.xQueueReceiveFromISR)
    i.xQueueSemaphoreTake                    0x08004ace   Section        0  queue.o(i.xQueueSemaphoreTake)
    i.xTaskCheckForTimeOut                   0x08004c10   Section        0  tasks.o(i.xTaskCheckForTimeOut)
    i.xTaskCreate                            0x08004c6c   Section        0  tasks.o(i.xTaskCreate)
    i.xTaskCreateStatic                      0x08004cbe   Section        0  tasks.o(i.xTaskCreateStatic)
    i.xTaskGetSchedulerState                 0x08004d04   Section        0  tasks.o(i.xTaskGetSchedulerState)
    i.xTaskIncrementTick                     0x08004d24   Section        0  tasks.o(i.xTaskIncrementTick)
    i.xTaskPriorityDisinherit                0x08004de0   Section        0  tasks.o(i.xTaskPriorityDisinherit)
    i.xTaskPriorityInherit                   0x08004e48   Section        0  tasks.o(i.xTaskPriorityInherit)
    i.xTaskRemoveFromEventList               0x08004ec0   Section        0  tasks.o(i.xTaskRemoveFromEventList)
    i.xTaskResumeAll                         0x08004f24   Section        0  tasks.o(i.xTaskResumeAll)
    .constdata                               0x08004fd0   Section       94  cc1101.o(.constdata)
    CC1101InitData                           0x08004fd0   Data          94  cc1101.o(.constdata)
    .constdata                               0x08005030   Section      100  freertos.o(.constdata)
    .constdata                               0x08005094   Section        7  usart.o(.constdata)
    CHANNEL_OFFSET_TAB                       0x08005094   Data           7  usart.o(.constdata)
    .constdata                               0x0800509b   Section        7  stm32l0xx_it.o(.constdata)
    CHANNEL_OFFSET_TAB                       0x0800509b   Data           7  stm32l0xx_it.o(.constdata)
    .constdata                               0x080050a2   Section       25  system_stm32l0xx.o(.constdata)
    .constdata                               0x080050bb   Section        8  system_stm32l0xx.o(.constdata)
    .conststring                             0x080050c4   Section      142  main.o(.conststring)
    .conststring                             0x08005154   Section       42  freertos.o(.conststring)
    .data                                    0x20000000   Section       10  cc1101.o(.data)
    .data                                    0x2000000c   Section        4  main.o(.data)
    .data                                    0x20000010   Section       40  freertos.o(.data)
    tailBuffer                               0x20000010   Data           2  freertos.o(.data)
    TenMinutesCnt                            0x20000012   Data           2  freertos.o(.data)
    collectorIDBuffer                        0x20000014   Data           4  freertos.o(.data)
    .data                                    0x20000038   Section        4  usart.o(.data)
    old_pos                                  0x20000038   Data           4  usart.o(.data)
    .data                                    0x2000003c   Section       12  stm32l0xx_hal.o(.data)
    .data                                    0x20000048   Section        4  system_stm32l0xx.o(.data)
    .data                                    0x2000004c   Section       60  tasks.o(.data)
    pxDelayedTaskList                        0x20000050   Data           4  tasks.o(.data)
    pxOverflowDelayedTaskList                0x20000054   Data           4  tasks.o(.data)
    uxDeletedTasksWaitingCleanUp             0x20000058   Data           4  tasks.o(.data)
    uxCurrentNumberOfTasks                   0x2000005c   Data           4  tasks.o(.data)
    xTickCount                               0x20000060   Data           4  tasks.o(.data)
    uxTopReadyPriority                       0x20000064   Data           4  tasks.o(.data)
    xSchedulerRunning                        0x20000068   Data           4  tasks.o(.data)
    uxPendedTicks                            0x2000006c   Data           4  tasks.o(.data)
    xYieldPending                            0x20000070   Data           4  tasks.o(.data)
    xNumOfOverflows                          0x20000074   Data           4  tasks.o(.data)
    uxTaskNumber                             0x20000078   Data           4  tasks.o(.data)
    xNextTaskUnblockTime                     0x2000007c   Data           4  tasks.o(.data)
    xIdleTaskHandle                          0x20000080   Data           4  tasks.o(.data)
    uxSchedulerSuspended                     0x20000084   Data           4  tasks.o(.data)
    .data                                    0x20000088   Section       24  heap_4.o(.data)
    pxEnd                                    0x20000088   Data           4  heap_4.o(.data)
    xFreeBytesRemaining                      0x2000008c   Data           4  heap_4.o(.data)
    xMinimumEverFreeBytesRemaining           0x20000090   Data           4  heap_4.o(.data)
    xBlockAllocatedBit                       0x20000094   Data           4  heap_4.o(.data)
    xStart                                   0x20000098   Data           8  heap_4.o(.data)
    .data                                    0x200000a0   Section        4  port.o(.data)
    uxCriticalNesting                        0x200000a0   Data           4  port.o(.data)
    .data                                    0x200000a4   Section        4  stdout.o(.data)
    .bss                                     0x200000a8   Section      524  cc1101.o(.bss)
    .bss                                     0x200002b4   Section      852  freertos.o(.bss)
    sendToCloudBuffer                        0x200002b4   Data         256  freertos.o(.bss)
    xIdleTaskTCBBuffer                       0x200003b4   Data          84  freertos.o(.bss)
    xIdleStack                               0x20000408   Data         512  freertos.o(.bss)
    .bss                                     0x20000608   Section       36  crc.o(.bss)
    .bss                                     0x2000062c   Section       16  iwdg.o(.bss)
    .bss                                     0x2000063c   Section       48  lptim.o(.bss)
    .bss                                     0x2000066c   Section      258  usart.o(.bss)
    lte_lpuart_rx_dma_buffer                 0x2000066c   Data         128  usart.o(.bss)
    .bss                                     0x20000770   Section       36  rtc.o(.bss)
    .bss                                     0x20000794   Section       64  stm32l0xx_hal_timebase_tim.o(.bss)
    .bss                                     0x200007d4   Section       24  stm32l0xx_hal_flash.o(.bss)
    .bss                                     0x200007ec   Section      240  tasks.o(.bss)
    pxReadyTasksLists                        0x200007ec   Data         140  tasks.o(.bss)
    xDelayedTaskList1                        0x20000878   Data          20  tasks.o(.bss)
    xDelayedTaskList2                        0x2000088c   Data          20  tasks.o(.bss)
    xPendingReadyList                        0x200008a0   Data          20  tasks.o(.bss)
    xTasksWaitingTermination                 0x200008b4   Data          20  tasks.o(.bss)
    xSuspendedTaskList                       0x200008c8   Data          20  tasks.o(.bss)
    .bss                                     0x200008dc   Section     3072  heap_4.o(.bss)
    ucHeap                                   0x200008dc   Data        3072  heap_4.o(.bss)
    STACK                                    0x200014e0   Section     1024  startup_stm32l051xx.o(STACK)

    Global Symbols

    Symbol Name                              Value     Ov Type        Size  Object(Section)

    BuildAttributes$$THM_ISAv3M$S$PE$A:L22$X:L11$S22$IEEE1$IW$USESV6$~STKCKD$USESV7$~SHL$OSPACE$ROPI$EBA8$MICROLIB$REQ8$PRES8$EABIv2 0x00000000   Number         0  anon$$obj.o ABSOLUTE
    __ARM_use_no_argv                        0x00000000   Number         0  main.o ABSOLUTE
    _printf_a                                0x00000000   Number         0  stubs.o ABSOLUTE
    _printf_c                                0x00000000   Number         0  stubs.o ABSOLUTE
    _printf_charcount                        0x00000000   Number         0  stubs.o ABSOLUTE
    _printf_d                                0x00000000   Number         0  stubs.o ABSOLUTE
    _printf_e                                0x00000000   Number         0  stubs.o ABSOLUTE
    _printf_f                                0x00000000   Number         0  stubs.o ABSOLUTE
    _printf_flags                            0x00000000   Number         0  stubs.o ABSOLUTE
    _printf_fp_dec                           0x00000000   Number         0  stubs.o ABSOLUTE
    _printf_fp_hex                           0x00000000   Number         0  stubs.o ABSOLUTE
    _printf_g                                0x00000000   Number         0  stubs.o ABSOLUTE
    _printf_i                                0x00000000   Number         0  stubs.o ABSOLUTE
    _printf_int_dec                          0x00000000   Number         0  stubs.o ABSOLUTE
    _printf_l                                0x00000000   Number         0  stubs.o ABSOLUTE
    _printf_lc                               0x00000000   Number         0  stubs.o ABSOLUTE
    _printf_ll                               0x00000000   Number         0  stubs.o ABSOLUTE
    _printf_lld                              0x00000000   Number         0  stubs.o ABSOLUTE
    _printf_lli                              0x00000000   Number         0  stubs.o ABSOLUTE
    _printf_llo                              0x00000000   Number         0  stubs.o ABSOLUTE
    _printf_llu                              0x00000000   Number         0  stubs.o ABSOLUTE
    _printf_llx                              0x00000000   Number         0  stubs.o ABSOLUTE
    _printf_longlong_dec                     0x00000000   Number         0  stubs.o ABSOLUTE
    _printf_longlong_hex                     0x00000000   Number         0  stubs.o ABSOLUTE
    _printf_longlong_oct                     0x00000000   Number         0  stubs.o ABSOLUTE
    _printf_ls                               0x00000000   Number         0  stubs.o ABSOLUTE
    _printf_mbtowc                           0x00000000   Number         0  stubs.o ABSOLUTE
    _printf_n                                0x00000000   Number         0  stubs.o ABSOLUTE
    _printf_o                                0x00000000   Number         0  stubs.o ABSOLUTE
    _printf_p                                0x00000000   Number         0  stubs.o ABSOLUTE
    _printf_percent                          0x00000000   Number         0  stubs.o ABSOLUTE
    _printf_pre_padding                      0x00000000   Number         0  stubs.o ABSOLUTE
    _printf_return_value                     0x00000000   Number         0  stubs.o ABSOLUTE
    _printf_s                                0x00000000   Number         0  stubs.o ABSOLUTE
    _printf_sizespec                         0x00000000   Number         0  stubs.o ABSOLUTE
    _printf_str                              0x00000000   Number         0  stubs.o ABSOLUTE
    _printf_truncate_signed                  0x00000000   Number         0  stubs.o ABSOLUTE
    _printf_truncate_unsigned                0x00000000   Number         0  stubs.o ABSOLUTE
    _printf_u                                0x00000000   Number         0  stubs.o ABSOLUTE
    _printf_wc                               0x00000000   Number         0  stubs.o ABSOLUTE
    _printf_wctomb                           0x00000000   Number         0  stubs.o ABSOLUTE
    _printf_widthprec                        0x00000000   Number         0  stubs.o ABSOLUTE
    _printf_x                                0x00000000   Number         0  stubs.o ABSOLUTE
    __cpp_initialize__aeabi_                  - Undefined Weak Reference
    __cxa_finalize                            - Undefined Weak Reference
    __decompress                              - Undefined Weak Reference
    _clock_init                               - Undefined Weak Reference
    _microlib_exit                            - Undefined Weak Reference
    __Vectors_Size                           0x000000c0   Number         0  startup_stm32l051xx.o ABSOLUTE
    __Vectors                                0x08000000   Data           4  startup_stm32l051xx.o(RESET)
    __Vectors_End                            0x080000c0   Data           0  startup_stm32l051xx.o(RESET)
    __main                                   0x080000c1   Thumb Code     0  entry.o(.ARM.Collect$$$$00000000)
    _main_stk                                0x080000c1   Thumb Code     0  entry2.o(.ARM.Collect$$$$00000001)
    _main_scatterload                        0x080000c5   Thumb Code     0  entry5.o(.ARM.Collect$$$$00000004)
    __main_after_scatterload                 0x080000c9   Thumb Code     0  entry5.o(.ARM.Collect$$$$00000004)
    _main_clock                              0x080000c9   Thumb Code     0  entry7b.o(.ARM.Collect$$$$00000008)
    _main_cpp_init                           0x080000c9   Thumb Code     0  entry8b.o(.ARM.Collect$$$$0000000A)
    _main_init                               0x080000c9   Thumb Code     0  entry9a.o(.ARM.Collect$$$$0000000B)
    __rt_final_cpp                           0x080000d1   Thumb Code     0  entry10a.o(.ARM.Collect$$$$0000000D)
    __rt_final_exit                          0x080000d1   Thumb Code     0  entry11a.o(.ARM.Collect$$$$0000000F)
    __asm___6_port_c_39a90d8d__prvPortStartFirstTask 0x080000d5   Thumb Code    36  port.o(.emb_text)
    ulSetInterruptMaskFromISR                0x080000fd   Thumb Code     8  port.o(.emb_text)
    vClearInterruptMaskFromISR               0x08000105   Thumb Code     6  port.o(.emb_text)
    PendSV_Handler                           0x0800010b   Thumb Code    62  port.o(.emb_text)
    Reset_Handler                            0x0800014d   Thumb Code     8  startup_stm32l051xx.o(.text)
    ADC1_COMP_IRQHandler                     0x0800015f   Thumb Code     0  startup_stm32l051xx.o(.text)
    DMA1_Channel1_IRQHandler                 0x0800015f   Thumb Code     0  startup_stm32l051xx.o(.text)
    DMA1_Channel4_5_6_7_IRQHandler           0x0800015f   Thumb Code     0  startup_stm32l051xx.o(.text)
    EXTI0_1_IRQHandler                       0x0800015f   Thumb Code     0  startup_stm32l051xx.o(.text)
    FLASH_IRQHandler                         0x0800015f   Thumb Code     0  startup_stm32l051xx.o(.text)
    I2C1_IRQHandler                          0x0800015f   Thumb Code     0  startup_stm32l051xx.o(.text)
    I2C2_IRQHandler                          0x0800015f   Thumb Code     0  startup_stm32l051xx.o(.text)
    PVD_IRQHandler                           0x0800015f   Thumb Code     0  startup_stm32l051xx.o(.text)
    RCC_IRQHandler                           0x0800015f   Thumb Code     0  startup_stm32l051xx.o(.text)
    RTC_IRQHandler                           0x0800015f   Thumb Code     0  startup_stm32l051xx.o(.text)
    SPI1_IRQHandler                          0x0800015f   Thumb Code     0  startup_stm32l051xx.o(.text)
    SPI2_IRQHandler                          0x0800015f   Thumb Code     0  startup_stm32l051xx.o(.text)
    TIM21_IRQHandler                         0x0800015f   Thumb Code     0  startup_stm32l051xx.o(.text)
    TIM22_IRQHandler                         0x0800015f   Thumb Code     0  startup_stm32l051xx.o(.text)
    TIM6_IRQHandler                          0x0800015f   Thumb Code     0  startup_stm32l051xx.o(.text)
    USART1_IRQHandler                        0x0800015f   Thumb Code     0  startup_stm32l051xx.o(.text)
    USART2_IRQHandler                        0x0800015f   Thumb Code     0  startup_stm32l051xx.o(.text)
    WWDG_IRQHandler                          0x0800015f   Thumb Code     0  startup_stm32l051xx.o(.text)
    __aeabi_uidiv                            0x08000169   Thumb Code     0  uidiv.o(.text)
    __aeabi_uidivmod                         0x08000169   Thumb Code    44  uidiv.o(.text)
    __aeabi_uldivmod                         0x08000195   Thumb Code    96  uldiv.o(.text)
    __aeabi_memcpy                           0x080001f5   Thumb Code    36  memcpya.o(.text)
    __aeabi_memcpy4                          0x080001f5   Thumb Code     0  memcpya.o(.text)
    __aeabi_memcpy8                          0x080001f5   Thumb Code     0  memcpya.o(.text)
    __aeabi_memset                           0x08000219   Thumb Code    14  memseta.o(.text)
    __aeabi_memset4                          0x08000219   Thumb Code     0  memseta.o(.text)
    __aeabi_memset8                          0x08000219   Thumb Code     0  memseta.o(.text)
    __aeabi_memclr                           0x08000227   Thumb Code     4  memseta.o(.text)
    __aeabi_memclr4                          0x08000227   Thumb Code     0  memseta.o(.text)
    __aeabi_memclr8                          0x08000227   Thumb Code     0  memseta.o(.text)
    memset                                   0x0800022b   Thumb Code    18  memseta.o(.text)
    strlen                                   0x0800023d   Thumb Code    14  strlen.o(.text)
    __aeabi_uread4                           0x0800024b   Thumb Code    20  uread4.o(.text)
    __rt_uread4                              0x0800024b   Thumb Code     0  uread4.o(.text)
    _uread4                                  0x0800024b   Thumb Code     0  uread4.o(.text)
    __aeabi_llsl                             0x0800025f   Thumb Code    32  llshl.o(.text)
    _ll_shift_l                              0x0800025f   Thumb Code     0  llshl.o(.text)
    __aeabi_llsr                             0x0800027f   Thumb Code    34  llushr.o(.text)
    _ll_ushift_r                             0x0800027f   Thumb Code     0  llushr.o(.text)
    __scatterload                            0x080002a1   Thumb Code    28  init.o(.text)
    __scatterload_rt2                        0x080002a1   Thumb Code     0  init.o(.text)
    Activate_SPI                             0x080002c5   Thumb Code    12  spi.o(i.Activate_SPI)
    CC1101CalcRSSI_dBm                       0x080002d5   Thumb Code    22  cc1101.o(i.CC1101CalcRSSI_dBm)
    CC1101ClrRXBuff                          0x080002eb   Thumb Code    16  cc1101.o(i.CC1101ClrRXBuff)
    CC1101GetRXCnt                           0x080002fb   Thumb Code    14  cc1101.o(i.CC1101GetRXCnt)
    CC1101Init                               0x08000309   Thumb Code   130  cc1101.o(i.CC1101Init)
    CC1101ReadMultiReg                       0x080003c9   Thumb Code    74  cc1101.o(i.CC1101ReadMultiReg)
    CC1101ReadReg                            0x08000413   Thumb Code    50  cc1101.o(i.CC1101ReadReg)
    CC1101ReadStatus                         0x08000445   Thumb Code    50  cc1101.o(i.CC1101ReadStatus)
    CC1101RecPacket                          0x08000479   Thumb Code   214  cc1101.o(i.CC1101RecPacket)
    CC1101RecvHandler                        0x08000555   Thumb Code   226  cc1101.o(i.CC1101RecvHandler)
    CC1101Reset                              0x080006b5   Thumb Code    90  cc1101.o(i.CC1101Reset)
    CC1101SetAddress                         0x0800070f   Thumb Code    20  cc1101.o(i.CC1101SetAddress)
    CC1101SetSYNC                            0x08000723   Thumb Code    22  cc1101.o(i.CC1101SetSYNC)
    CC1101SetTRMode                          0x08000739   Thumb Code   100  cc1101.o(i.CC1101SetTRMode)
    CC1101SetWORMode                         0x080007a1   Thumb Code    30  cc1101.o(i.CC1101SetWORMode)
    CC1101WORInit                            0x080007bf   Thumb Code    44  cc1101.o(i.CC1101WORInit)
    CC1101WriteCmd                           0x080007eb   Thumb Code    36  cc1101.o(i.CC1101WriteCmd)
    CC1101WriteMultiReg                      0x0800080f   Thumb Code    62  cc1101.o(i.CC1101WriteMultiReg)
    CC1101WriteReg                           0x0800084d   Thumb Code    44  cc1101.o(i.CC1101WriteReg)
    DATAEEPROM_Program                       0x08000931   Thumb Code    62  main.o(i.DATAEEPROM_Program)
    DATAEEPROM_Read                          0x08000979   Thumb Code     4  main.o(i.DATAEEPROM_Read)
    DMA1_Channel2_3_IRQHandler               0x0800097d   Thumb Code    98  stm32l0xx_it.o(i.DMA1_Channel2_3_IRQHandler)
    EXTI2_3_IRQHandler                       0x080009f5   Thumb Code    26  stm32l0xx_it.o(i.EXTI2_3_IRQHandler)
    EXTI4_15_IRQHandler                      0x08000a19   Thumb Code    26  stm32l0xx_it.o(i.EXTI4_15_IRQHandler)
    EepromCtrl                               0x08000a3d   Thumb Code    90  freertos.o(i.EepromCtrl)
    Enable_LPUART1                           0x08000af9   Thumb Code    28  usart.o(i.Enable_LPUART1)
    Error_Handler                            0x08000b19   Thumb Code    18  main.o(i.Error_Handler)
    FLASH_WaitForLastOperation               0x08000be5   Thumb Code   106  stm32l0xx_hal_flash.o(i.FLASH_WaitForLastOperation)
    FunctionCtrl                             0x08000c55   Thumb Code   100  freertos.o(i.FunctionCtrl)
    GetRTC                                   0x08000cd5   Thumb Code   104  rtc.o(i.GetRTC)
    HAL_CRCEx_Polynomial_Set                 0x08000d61   Thumb Code    80  stm32l0xx_hal_crc_ex.o(i.HAL_CRCEx_Polynomial_Set)
    HAL_CRC_Calculate                        0x08000db1   Thumb Code    74  stm32l0xx_hal_crc.o(i.HAL_CRC_Calculate)
    HAL_CRC_Init                             0x08000dfd   Thumb Code   118  stm32l0xx_hal_crc.o(i.HAL_CRC_Init)
    HAL_CRC_MspInit                          0x08000e79   Thumb Code    28  crc.o(i.HAL_CRC_MspInit)
    HAL_Delay                                0x08000e9d   Thumb Code    32  stm32l0xx_hal.o(i.HAL_Delay)
    HAL_FLASHEx_DATAEEPROM_DisableFixedTimeProgram 0x08000ec1   Thumb Code    12  stm32l0xx_hal_flash_ex.o(i.HAL_FLASHEx_DATAEEPROM_DisableFixedTimeProgram)
    HAL_FLASHEx_DATAEEPROM_EnableFixedTimeProgram 0x08000ed1   Thumb Code    12  stm32l0xx_hal_flash_ex.o(i.HAL_FLASHEx_DATAEEPROM_EnableFixedTimeProgram)
    HAL_FLASHEx_DATAEEPROM_Erase             0x08000ee1   Thumb Code    30  stm32l0xx_hal_flash_ex.o(i.HAL_FLASHEx_DATAEEPROM_Erase)
    HAL_FLASHEx_DATAEEPROM_Lock              0x08000f09   Thumb Code    14  stm32l0xx_hal_flash_ex.o(i.HAL_FLASHEx_DATAEEPROM_Lock)
    HAL_FLASHEx_DATAEEPROM_Program           0x08000f1d   Thumb Code    76  stm32l0xx_hal_flash_ex.o(i.HAL_FLASHEx_DATAEEPROM_Program)
    HAL_FLASHEx_DATAEEPROM_Unlock            0x08000f71   Thumb Code    40  stm32l0xx_hal_flash_ex.o(i.HAL_FLASHEx_DATAEEPROM_Unlock)
    HAL_GPIO_ReadPin                         0x08000fa5   Thumb Code    10  stm32l0xx_hal_gpio.o(i.HAL_GPIO_ReadPin)
    HAL_GPIO_TogglePin                       0x08000faf   Thumb Code    16  stm32l0xx_hal_gpio.o(i.HAL_GPIO_TogglePin)
    HAL_GPIO_WritePin                        0x08000fbf   Thumb Code    12  stm32l0xx_hal_gpio.o(i.HAL_GPIO_WritePin)
    HAL_GetTick                              0x08000fcd   Thumb Code     6  stm32l0xx_hal.o(i.HAL_GetTick)
    HAL_IWDG_Init                            0x08000fd9   Thumb Code    94  stm32l0xx_hal_iwdg.o(i.HAL_IWDG_Init)
    HAL_IWDG_Refresh                         0x08001045   Thumb Code    10  stm32l0xx_hal_iwdg.o(i.HAL_IWDG_Refresh)
    HAL_IncTick                              0x08001055   Thumb Code    12  stm32l0xx_hal.o(i.HAL_IncTick)
    HAL_Init                                 0x08001065   Thumb Code    36  stm32l0xx_hal.o(i.HAL_Init)
    HAL_InitTick                             0x0800108d   Thumb Code    94  stm32l0xx_hal_timebase_tim.o(i.HAL_InitTick)
    HAL_LPTIM_AutoReloadMatchCallback        0x080010fd   Thumb Code     2  stm32l0xx_hal_lptim.o(i.HAL_LPTIM_AutoReloadMatchCallback)
    HAL_LPTIM_AutoReloadWriteCallback        0x080010ff   Thumb Code     2  stm32l0xx_hal_lptim.o(i.HAL_LPTIM_AutoReloadWriteCallback)
    HAL_LPTIM_CompareMatchCallback           0x08001101   Thumb Code     2  stm32l0xx_hal_lptim.o(i.HAL_LPTIM_CompareMatchCallback)
    HAL_LPTIM_CompareWriteCallback           0x08001103   Thumb Code     2  stm32l0xx_hal_lptim.o(i.HAL_LPTIM_CompareWriteCallback)
    HAL_LPTIM_DirectionDownCallback          0x08001105   Thumb Code     2  stm32l0xx_hal_lptim.o(i.HAL_LPTIM_DirectionDownCallback)
    HAL_LPTIM_DirectionUpCallback            0x08001107   Thumb Code     2  stm32l0xx_hal_lptim.o(i.HAL_LPTIM_DirectionUpCallback)
    HAL_LPTIM_IRQHandler                     0x08001109   Thumb Code   202  stm32l0xx_hal_lptim.o(i.HAL_LPTIM_IRQHandler)
    HAL_LPTIM_Init                           0x080011d5   Thumb Code   162  stm32l0xx_hal_lptim.o(i.HAL_LPTIM_Init)
    HAL_LPTIM_MspInit                        0x08001285   Thumb Code    38  lptim.o(i.HAL_LPTIM_MspInit)
    HAL_LPTIM_TriggerCallback                0x080012b5   Thumb Code     2  stm32l0xx_hal_lptim.o(i.HAL_LPTIM_TriggerCallback)
    HAL_MspInit                              0x080012b9   Thumb Code    32  stm32l0xx_hal_msp.o(i.HAL_MspInit)
    HAL_NVIC_DisableIRQ                      0x080012dd   Thumb Code    26  stm32l0xx_hal_cortex.o(i.HAL_NVIC_DisableIRQ)
    HAL_NVIC_EnableIRQ                       0x080012fd   Thumb Code    18  stm32l0xx_hal_cortex.o(i.HAL_NVIC_EnableIRQ)
    HAL_NVIC_SetPriority                     0x08001315   Thumb Code     8  stm32l0xx_hal_cortex.o(i.HAL_NVIC_SetPriority)
    HAL_PWR_EnableBkUpAccess                 0x0800131d   Thumb Code    12  stm32l0xx_hal_pwr.o(i.HAL_PWR_EnableBkUpAccess)
    HAL_RCCEx_PeriphCLKConfig                0x0800132d   Thumb Code   342  stm32l0xx_hal_rcc_ex.o(i.HAL_RCCEx_PeriphCLKConfig)
    HAL_RCC_ClockConfig                      0x08001491   Thumb Code   386  stm32l0xx_hal_rcc.o(i.HAL_RCC_ClockConfig)
    HAL_RCC_GetClockConfig                   0x0800162d   Thumb Code    54  stm32l0xx_hal_rcc.o(i.HAL_RCC_GetClockConfig)
    HAL_RCC_GetPCLK1Freq                     0x0800166d   Thumb Code    20  stm32l0xx_hal_rcc.o(i.HAL_RCC_GetPCLK1Freq)
    HAL_RCC_GetSysClockFreq                  0x0800168d   Thumb Code   108  stm32l0xx_hal_rcc.o(i.HAL_RCC_GetSysClockFreq)
    HAL_RCC_OscConfig                        0x08001705   Thumb Code  1062  stm32l0xx_hal_rcc.o(i.HAL_RCC_OscConfig)
    HAL_RTC_GetDate                          0x08001b2b   Thumb Code    68  stm32l0xx_hal_rtc.o(i.HAL_RTC_GetDate)
    HAL_RTC_GetTime                          0x08001b71   Thumb Code    88  stm32l0xx_hal_rtc.o(i.HAL_RTC_GetTime)
    HAL_RTC_Init                             0x08001bcd   Thumb Code   184  stm32l0xx_hal_rtc.o(i.HAL_RTC_Init)
    HAL_RTC_MspInit                          0x08001c89   Thumb Code    22  rtc.o(i.HAL_RTC_MspInit)
    HAL_RTC_SetDate                          0x08001ca9   Thumb Code   190  stm32l0xx_hal_rtc.o(i.HAL_RTC_SetDate)
    HAL_RTC_SetTime                          0x08001d6d   Thumb Code   228  stm32l0xx_hal_rtc.o(i.HAL_RTC_SetTime)
    HAL_RTC_WaitForSynchro                   0x08001e55   Thumb Code    52  stm32l0xx_hal_rtc.o(i.HAL_RTC_WaitForSynchro)
    HAL_TIM_Base_Init                        0x08001e89   Thumb Code    62  stm32l0xx_hal_tim.o(i.HAL_TIM_Base_Init)
    HAL_TIM_Base_MspInit                     0x08001ec7   Thumb Code     2  stm32l0xx_hal_tim.o(i.HAL_TIM_Base_MspInit)
    HAL_TIM_Base_Start_IT                    0x08001ec9   Thumb Code    68  stm32l0xx_hal_tim.o(i.HAL_TIM_Base_Start_IT)
    HAL_TIM_IC_CaptureCallback               0x08001f15   Thumb Code     2  stm32l0xx_hal_tim.o(i.HAL_TIM_IC_CaptureCallback)
    HAL_TIM_IRQHandler                       0x08001f17   Thumb Code   294  stm32l0xx_hal_tim.o(i.HAL_TIM_IRQHandler)
    HAL_TIM_OC_DelayElapsedCallback          0x0800203d   Thumb Code     2  stm32l0xx_hal_tim.o(i.HAL_TIM_OC_DelayElapsedCallback)
    HAL_TIM_PWM_PulseFinishedCallback        0x0800203f   Thumb Code     2  stm32l0xx_hal_tim.o(i.HAL_TIM_PWM_PulseFinishedCallback)
    HAL_TIM_PeriodElapsedCallback            0x08002041   Thumb Code    18  main.o(i.HAL_TIM_PeriodElapsedCallback)
    HAL_TIM_TriggerCallback                  0x08002053   Thumb Code     2  stm32l0xx_hal_tim.o(i.HAL_TIM_TriggerCallback)
    HardFault_Handler                        0x08002055   Thumb Code     2  stm32l0xx_it.o(i.HardFault_Handler)
    LED_Blinking                             0x08002057   Thumb Code    26  main.o(i.LED_Blinking)
    LL_EXTI_Init                             0x08002071   Thumb Code   156  stm32l0xx_ll_exti.o(i.LL_EXTI_Init)
    LL_GPIO_Init                             0x08002125   Thumb Code   174  stm32l0xx_ll_gpio.o(i.LL_GPIO_Init)
    LL_LPUART_Init                           0x0800222d   Thumb Code   104  stm32l0xx_ll_lpuart.o(i.LL_LPUART_Init)
    LL_RCC_GetLPUARTClockFreq                0x08002299   Thumb Code    88  stm32l0xx_ll_rcc.o(i.LL_RCC_GetLPUARTClockFreq)
    LL_RCC_GetUSARTClockFreq                 0x080022fd   Thumb Code   132  stm32l0xx_ll_rcc.o(i.LL_RCC_GetUSARTClockFreq)
    LL_SPI_Init                              0x080023cd   Thumb Code   102  stm32l0xx_ll_spi.o(i.LL_SPI_Init)
    LL_USART_Init                            0x08002459   Thumb Code   150  stm32l0xx_ll_usart.o(i.LL_USART_Init)
    LPTIM1_IRQHandler                        0x08002501   Thumb Code    10  stm32l0xx_it.o(i.LPTIM1_IRQHandler)
    LPUART1_IRQHandler                       0x08002511   Thumb Code    56  stm32l0xx_it.o(i.LPUART1_IRQHandler)
    MX_CRC_Init                              0x08002559   Thumb Code    40  crc.o(i.MX_CRC_Init)
    MX_DMA_Init                              0x08002589   Thumb Code    46  dma.o(i.MX_DMA_Init)
    MX_FREERTOS_Init                         0x080025c5   Thumb Code   196  freertos.o(i.MX_FREERTOS_Init)
    MX_GPIO_Init                             0x08002699   Thumb Code   600  gpio.o(i.MX_GPIO_Init)
    MX_IWDG_Init                             0x080028f9   Thumb Code    32  iwdg.o(i.MX_IWDG_Init)
    MX_LPTIM1_Init                           0x08002925   Thumb Code    42  lptim.o(i.MX_LPTIM1_Init)
    MX_LPUART1_UART_Init                     0x0800295d   Thumb Code   260  usart.o(i.MX_LPUART1_UART_Init)
    MX_RTC_Init                              0x08002a81   Thumb Code   116  rtc.o(i.MX_RTC_Init)
    MX_SPI1_Init                             0x08002afd   Thumb Code   172  spi.o(i.MX_SPI1_Init)
    MX_USART1_UART_Init                      0x08002bb1   Thumb Code   158  usart.o(i.MX_USART1_UART_Init)
    ModuleLtePowerOn                         0x08002c59   Thumb Code    40  main.o(i.ModuleLtePowerOn)
    NMI_Handler                              0x08002ca5   Thumb Code     2  stm32l0xx_it.o(i.NMI_Handler)
    RFIDInitial                              0x08002d79   Thumb Code   134  cc1101.o(i.RFIDInitial)
    RTC_Bcd2ToByte                           0x08002e09   Thumb Code    16  stm32l0xx_hal_rtc.o(i.RTC_Bcd2ToByte)
    RTC_ByteToBcd2                           0x08002e19   Thumb Code    24  stm32l0xx_hal_rtc.o(i.RTC_ByteToBcd2)
    RTC_EnterInitMode                        0x08002e31   Thumb Code    56  stm32l0xx_hal_rtc.o(i.RTC_EnterInitMode)
    SPI_ExchangeByte                         0x08002e69   Thumb Code    24  spi.o(i.SPI_ExchangeByte)
    SVC_Handler                              0x08002e85   Thumb Code     2  port.o(i.SVC_Handler)
    SendToCloud                              0x08002e89   Thumb Code   202  freertos.o(i.SendToCloud)
    SetRTC                                   0x08002fb1   Thumb Code    94  rtc.o(i.SetRTC)
    ShowMessage                              0x08003015   Thumb Code    48  main.o(i.ShowMessage)
    StartCommandTask                         0x080030ad   Thumb Code   154  freertos.o(i.StartCommandTask)
    StartRFIDInputTask                       0x08003199   Thumb Code    54  freertos.o(i.StartRFIDInputTask)
    StartUsartRxDmaTask                      0x080031dd   Thumb Code    24  freertos.o(i.StartUsartRxDmaTask)
    SysTick_Handler                          0x080031f9   Thumb Code    32  port.o(i.SysTick_Handler)
    SystemClock_Config                       0x0800321d   Thumb Code   154  main.o(i.SystemClock_Config)
    SystemInit                               0x080032c1   Thumb Code     2  system_stm32l0xx.o(i.SystemInit)
    SystemInitial                            0x080032c5   Thumb Code    82  main.o(i.SystemInitial)
    TIM2_IRQHandler                          0x0800332d   Thumb Code    10  stm32l0xx_it.o(i.TIM2_IRQHandler)
    __0printf$8                              0x08003395   Thumb Code    24  printf8.o(i.__0printf$8)
    __1printf$8                              0x08003395   Thumb Code     0  printf8.o(i.__0printf$8)
    __2printf                                0x08003395   Thumb Code     0  printf8.o(i.__0printf$8)
    __ARM_common_ll_muluu                    0x080033b5   Thumb Code    48  stm32l0xx_hal_rcc.o(i.__ARM_common_ll_muluu)
    __scatterload_copy                       0x08003485   Thumb Code    14  handlers.o(i.__scatterload_copy)
    __scatterload_null                       0x08003493   Thumb Code     2  handlers.o(i.__scatterload_null)
    __scatterload_zeroinit                   0x08003495   Thumb Code    14  handlers.o(i.__scatterload_zeroinit)
    fputc                                    0x08003919   Thumb Code    12  usart.o(i.fputc)
    lte_lpuart_init                          0x08003935   Thumb Code   122  usart.o(i.lte_lpuart_init)
    lte_lpuart_process_data                  0x080039c1   Thumb Code   216  usart.o(i.lte_lpuart_process_data)
    lte_lpuart_rx_check                      0x08003aa9   Thumb Code    68  usart.o(i.lte_lpuart_rx_check)
    lte_lpuart_send_data                     0x08003afd   Thumb Code    34  usart.o(i.lte_lpuart_send_data)
    lte_lpuart_send_string                   0x08003b25   Thumb Code    18  usart.o(i.lte_lpuart_send_string)
    main                                     0x08003b37   Thumb Code    58  main.o(i.main)
    osDelay                                  0x08003b7d   Thumb Code    16  cmsis_os.o(i.osDelay)
    osKernelStart                            0x08003b8d   Thumb Code    10  cmsis_os.o(i.osKernelStart)
    osMessageCreate                          0x08003b97   Thumb Code    40  cmsis_os.o(i.osMessageCreate)
    osMessageGet                             0x08003bc1   Thumb Code   136  cmsis_os.o(i.osMessageGet)
    osMessagePut                             0x08003c4d   Thumb Code    82  cmsis_os.o(i.osMessagePut)
    osSemaphoreCreate                        0x08003ca5   Thumb Code    64  cmsis_os.o(i.osSemaphoreCreate)
    osSemaphoreRelease                       0x08003ce5   Thumb Code    70  cmsis_os.o(i.osSemaphoreRelease)
    osSemaphoreWait                          0x08003d31   Thumb Code    94  cmsis_os.o(i.osSemaphoreWait)
    osThreadCreate                           0x08003d95   Thumb Code    88  cmsis_os.o(i.osThreadCreate)
    pvPortMalloc                             0x080041fd   Thumb Code   172  heap_4.o(i.pvPortMalloc)
    pvTaskIncrementMutexHeldCount            0x080042ad   Thumb Code    20  tasks.o(i.pvTaskIncrementMutexHeldCount)
    pxPortInitialiseStack                    0x080042c5   Thumb Code    28  port.o(i.pxPortInitialiseStack)
    strcatArray                              0x080042e5   Thumb Code    42  main.o(i.strcatArray)
    uxListRemove                             0x0800430f   Thumb Code    38  list.o(i.uxListRemove)
    vApplicationGetIdleTaskMemory            0x08004335   Thumb Code    16  freertos.o(i.vApplicationGetIdleTaskMemory)
    vApplicationIdleHook                     0x08004349   Thumb Code    30  freertos.o(i.vApplicationIdleHook)
    vListInitialise                          0x08004371   Thumb Code    22  list.o(i.vListInitialise)
    vListInitialiseItem                      0x08004387   Thumb Code     6  list.o(i.vListInitialiseItem)
    vListInsert                              0x0800438d   Thumb Code    48  list.o(i.vListInsert)
    vListInsertEnd                           0x080043bd   Thumb Code    24  list.o(i.vListInsertEnd)
    vPortEnterCritical                       0x080043d5   Thumb Code    20  port.o(i.vPortEnterCritical)
    vPortExitCritical                        0x080043ed   Thumb Code    22  port.o(i.vPortExitCritical)
    vPortFree                                0x08004409   Thumb Code    62  heap_4.o(i.vPortFree)
    vPortYield                               0x0800444d   Thumb Code    18  port.o(i.vPortYield)
    vTaskDelay                               0x08004465   Thumb Code    44  tasks.o(i.vTaskDelay)
    vTaskInternalSetTimeOutState             0x08004495   Thumb Code    12  tasks.o(i.vTaskInternalSetTimeOutState)
    vTaskMissedYield                         0x080044a5   Thumb Code     8  tasks.o(i.vTaskMissedYield)
    vTaskPlaceOnEventList                    0x080044b1   Thumb Code    32  tasks.o(i.vTaskPlaceOnEventList)
    vTaskPriorityDisinheritAfterTimeout      0x080044d5   Thumb Code   104  tasks.o(i.vTaskPriorityDisinheritAfterTimeout)
    vTaskStartScheduler                      0x08004545   Thumb Code    72  tasks.o(i.vTaskStartScheduler)
    vTaskSuspendAll                          0x0800459d   Thumb Code    10  tasks.o(i.vTaskSuspendAll)
    vTaskSwitchContext                       0x080045ad   Thumb Code    78  tasks.o(i.vTaskSwitchContext)
    xPortStartScheduler                      0x08004605   Thumb Code    62  port.o(i.xPortStartScheduler)
    xQueueGenericCreate                      0x08004655   Thumb Code    60  queue.o(i.xQueueGenericCreate)
    xQueueGenericCreateStatic                0x08004691   Thumb Code    64  queue.o(i.xQueueGenericCreateStatic)
    xQueueGenericReset                       0x080046d1   Thumb Code   108  queue.o(i.xQueueGenericReset)
    xQueueGenericSend                        0x0800473d   Thumb Code   280  queue.o(i.xQueueGenericSend)
    xQueueGenericSendFromISR                 0x08004855   Thumb Code   140  queue.o(i.xQueueGenericSendFromISR)
    xQueueGiveFromISR                        0x080048e1   Thumb Code   116  queue.o(i.xQueueGiveFromISR)
    xQueueReceive                            0x08004955   Thumb Code   258  queue.o(i.xQueueReceive)
    xQueueReceiveFromISR                     0x08004a57   Thumb Code   120  queue.o(i.xQueueReceiveFromISR)
    xQueueSemaphoreTake                      0x08004acf   Thumb Code   320  queue.o(i.xQueueSemaphoreTake)
    xTaskCheckForTimeOut                     0x08004c11   Thumb Code    86  tasks.o(i.xTaskCheckForTimeOut)
    xTaskCreate                              0x08004c6d   Thumb Code    82  tasks.o(i.xTaskCreate)
    xTaskCreateStatic                        0x08004cbf   Thumb Code    68  tasks.o(i.xTaskCreateStatic)
    xTaskGetSchedulerState                   0x08004d05   Thumb Code    26  tasks.o(i.xTaskGetSchedulerState)
    xTaskIncrementTick                       0x08004d25   Thumb Code   180  tasks.o(i.xTaskIncrementTick)
    xTaskPriorityDisinherit                  0x08004de1   Thumb Code    96  tasks.o(i.xTaskPriorityDisinherit)
    xTaskPriorityInherit                     0x08004e49   Thumb Code   110  tasks.o(i.xTaskPriorityInherit)
    xTaskRemoveFromEventList                 0x08004ec1   Thumb Code    90  tasks.o(i.xTaskRemoveFromEventList)
    xTaskResumeAll                           0x08004f25   Thumb Code   164  tasks.o(i.xTaskResumeAll)
    AHBPrescTable                            0x080050a2   Data          16  system_stm32l0xx.o(.constdata)
    PLLMulTable                              0x080050b2   Data           9  system_stm32l0xx.o(.constdata)
    APBPrescTable                            0x080050bb   Data           8  system_stm32l0xx.o(.constdata)
    Region$$Table$$Base                      0x08005180   Number         0  anon$$obj.o(Region$$Table)
    Region$$Table$$Limit                     0x080051a0   Number         0  anon$$obj.o(Region$$Table)
    rxCatch                                  0x20000000   Data           1  cc1101.o(.data)
    txFiFoUnFlow                             0x20000001   Data           1  cc1101.o(.data)
    PaTabel                                  0x20000002   Data           8  cc1101.o(.data)
    CollectorID                              0x2000000c   Data           4  main.o(.data)
    usartRxDmaTaskHandle                     0x20000018   Data           4  freertos.o(.data)
    rfidInputTaskHandle                      0x2000001c   Data           4  freertos.o(.data)
    commandTaskHandle                        0x20000020   Data           4  freertos.o(.data)
    usartRxQueueHandle                       0x20000024   Data           4  freertos.o(.data)
    rxBufferBinarySemHandle                  0x20000028   Data           4  freertos.o(.data)
    usartIdleBinarySemHandle                 0x2000002c   Data           4  freertos.o(.data)
    dmaHTBinarySemHandle                     0x20000030   Data           4  freertos.o(.data)
    dmaTCBinarySemHandle                     0x20000034   Data           4  freertos.o(.data)
    uwTickFreq                               0x2000003c   Data           1  stm32l0xx_hal.o(.data)
    uwTickPrio                               0x20000040   Data           4  stm32l0xx_hal.o(.data)
    uwTick                                   0x20000044   Data           4  stm32l0xx_hal.o(.data)
    SystemCoreClock                          0x20000048   Data           4  system_stm32l0xx.o(.data)
    pxCurrentTCB                             0x2000004c   Data           4  tasks.o(.data)
    __stdout                                 0x200000a4   Data           4  stdout.o(.data)
    cc1101                                   0x200000a8   Data         524  cc1101.o(.bss)
    hcrc                                     0x20000608   Data          36  crc.o(.bss)
    hiwdg                                    0x2000062c   Data          16  iwdg.o(.bss)
    hlptim1                                  0x2000063c   Data          48  lptim.o(.bss)
    lte                                      0x200006ec   Data         130  usart.o(.bss)
    hrtc                                     0x20000770   Data          36  rtc.o(.bss)
    htim2                                    0x20000794   Data          64  stm32l0xx_hal_timebase_tim.o(.bss)
    pFlash                                   0x200007d4   Data          24  stm32l0xx_hal_flash.o(.bss)
    __initial_sp                             0x200018e0   Data           0  startup_stm32l051xx.o(STACK)



==============================================================================

Memory Map of the image

  Image Entry point : 0x080000c1

  Load Region LR_IROM1 (Base: 0x08000000, Size: 0x00005248, Max: 0x00010000, ABSOLUTE)

    Execution Region ER_IROM1 (Exec base: 0x08000000, Load base: 0x08000000, Size: 0x000051a0, Max: 0x00010000, ABSOLUTE)

    Exec Addr    Load Addr    Size         Type   Attr      Idx    E Section Name        Object

    0x08000000   0x08000000   0x000000c0   Data   RO            3    RESET               startup_stm32l051xx.o
    0x080000c0   0x080000c0   0x00000000   Code   RO         5935  * .ARM.Collect$$$$00000000  mc_p.l(entry.o)
    0x080000c0   0x080000c0   0x00000004   Code   RO         6215    .ARM.Collect$$$$00000001  mc_p.l(entry2.o)
    0x080000c4   0x080000c4   0x00000004   Code   RO         6218    .ARM.Collect$$$$00000004  mc_p.l(entry5.o)
    0x080000c8   0x080000c8   0x00000000   Code   RO         6220    .ARM.Collect$$$$00000008  mc_p.l(entry7b.o)
    0x080000c8   0x080000c8   0x00000000   Code   RO         6222    .ARM.Collect$$$$0000000A  mc_p.l(entry8b.o)
    0x080000c8   0x080000c8   0x00000008   Code   RO         6223    .ARM.Collect$$$$0000000B  mc_p.l(entry9a.o)
    0x080000d0   0x080000d0   0x00000000   Code   RO         6225    .ARM.Collect$$$$0000000D  mc_p.l(entry10a.o)
    0x080000d0   0x080000d0   0x00000000   Code   RO         6227    .ARM.Collect$$$$0000000F  mc_p.l(entry11a.o)
    0x080000d0   0x080000d0   0x00000004   Code   RO         6216    .ARM.Collect$$$$00002712  mc_p.l(entry2.o)
    0x080000d4   0x080000d4   0x00000078   Code   RO         5870    .emb_text           port.o
    0x0800014c   0x0800014c   0x0000001c   Code   RO            4    .text               startup_stm32l051xx.o
    0x08000168   0x08000168   0x0000002c   Code   RO         5938    .text               mc_p.l(uidiv.o)
    0x08000194   0x08000194   0x00000060   Code   RO         5940    .text               mc_p.l(uldiv.o)
    0x080001f4   0x080001f4   0x00000024   Code   RO         5942    .text               mc_p.l(memcpya.o)
    0x08000218   0x08000218   0x00000024   Code   RO         5946    .text               mc_p.l(memseta.o)
    0x0800023c   0x0800023c   0x0000000e   Code   RO         5948    .text               mc_p.l(strlen.o)
    0x0800024a   0x0800024a   0x00000014   Code   RO         6213    .text               mc_p.l(uread4.o)
    0x0800025e   0x0800025e   0x00000020   Code   RO         6230    .text               mc_p.l(llshl.o)
    0x0800027e   0x0800027e   0x00000022   Code   RO         6232    .text               mc_p.l(llushr.o)
    0x080002a0   0x080002a0   0x00000024   Code   RO         6245    .text               mc_p.l(init.o)
    0x080002c4   0x080002c4   0x00000010   Code   RO          932    i.Activate_SPI      spi.o
    0x080002d4   0x080002d4   0x00000016   Code   RO           12    i.CC1101CalcRSSI_dBm  cc1101.o
    0x080002ea   0x080002ea   0x00000010   Code   RO           13    i.CC1101ClrRXBuff   cc1101.o
    0x080002fa   0x080002fa   0x0000000e   Code   RO           15    i.CC1101GetRXCnt    cc1101.o
    0x08000308   0x08000308   0x000000c0   Code   RO           16    i.CC1101Init        cc1101.o
    0x080003c8   0x080003c8   0x0000004a   Code   RO           17    i.CC1101ReadMultiReg  cc1101.o
    0x08000412   0x08000412   0x00000032   Code   RO           19    i.CC1101ReadReg     cc1101.o
    0x08000444   0x08000444   0x00000032   Code   RO           20    i.CC1101ReadStatus  cc1101.o
    0x08000476   0x08000476   0x00000002   PAD
    0x08000478   0x08000478   0x000000dc   Code   RO           21    i.CC1101RecPacket   cc1101.o
    0x08000554   0x08000554   0x00000160   Code   RO           22    i.CC1101RecvHandler  cc1101.o
    0x080006b4   0x080006b4   0x0000005a   Code   RO           23    i.CC1101Reset       cc1101.o
    0x0800070e   0x0800070e   0x00000014   Code   RO           25    i.CC1101SetAddress  cc1101.o
    0x08000722   0x08000722   0x00000016   Code   RO           27    i.CC1101SetSYNC     cc1101.o
    0x08000738   0x08000738   0x00000068   Code   RO           28    i.CC1101SetTRMode   cc1101.o
    0x080007a0   0x080007a0   0x0000001e   Code   RO           29    i.CC1101SetWORMode  cc1101.o
    0x080007be   0x080007be   0x0000002c   Code   RO           30    i.CC1101WORInit     cc1101.o
    0x080007ea   0x080007ea   0x00000024   Code   RO           31    i.CC1101WriteCmd    cc1101.o
    0x0800080e   0x0800080e   0x0000003e   Code   RO           32    i.CC1101WriteMultiReg  cc1101.o
    0x0800084c   0x0800084c   0x0000002c   Code   RO           33    i.CC1101WriteReg    cc1101.o
    0x08000878   0x08000878   0x00000038   Code   RO         1161    i.CRC_Handle_16     stm32l0xx_hal_crc.o
    0x080008b0   0x080008b0   0x00000080   Code   RO         1162    i.CRC_Handle_8      stm32l0xx_hal_crc.o
    0x08000930   0x08000930   0x00000048   Code   RO          346    i.DATAEEPROM_Program  main.o
    0x08000978   0x08000978   0x00000004   Code   RO          347    i.DATAEEPROM_Read   main.o
    0x0800097c   0x0800097c   0x00000078   Code   RO          976    i.DMA1_Channel2_3_IRQHandler  stm32l0xx_it.o
    0x080009f4   0x080009f4   0x00000024   Code   RO          977    i.EXTI2_3_IRQHandler  stm32l0xx_it.o
    0x08000a18   0x08000a18   0x00000024   Code   RO          978    i.EXTI4_15_IRQHandler  stm32l0xx_it.o
    0x08000a3c   0x08000a3c   0x000000bc   Code   RO          554    i.EepromCtrl        freertos.o
    0x08000af8   0x08000af8   0x00000020   Code   RO          767    i.Enable_LPUART1    usart.o
    0x08000b18   0x08000b18   0x0000003c   Code   RO          348    i.Error_Handler     main.o
    0x08000b54   0x08000b54   0x00000090   Code   RO         2178    i.FLASH_SetErrorCode  stm32l0xx_hal_flash.o
    0x08000be4   0x08000be4   0x00000070   Code   RO         2179    i.FLASH_WaitForLastOperation  stm32l0xx_hal_flash.o
    0x08000c54   0x08000c54   0x00000080   Code   RO          555    i.FunctionCtrl      freertos.o
    0x08000cd4   0x08000cd4   0x0000008c   Code   RO          882    i.GetRTC            rtc.o
    0x08000d60   0x08000d60   0x00000050   Code   RO         1229    i.HAL_CRCEx_Polynomial_Set  stm32l0xx_hal_crc_ex.o
    0x08000db0   0x08000db0   0x0000004a   Code   RO         1164    i.HAL_CRC_Calculate  stm32l0xx_hal_crc.o
    0x08000dfa   0x08000dfa   0x00000002   PAD
    0x08000dfc   0x08000dfc   0x0000007c   Code   RO         1167    i.HAL_CRC_Init      stm32l0xx_hal_crc.o
    0x08000e78   0x08000e78   0x00000024   Code   RO          640    i.HAL_CRC_MspInit   crc.o
    0x08000e9c   0x08000e9c   0x00000024   Code   RO         1268    i.HAL_Delay         stm32l0xx_hal.o
    0x08000ec0   0x08000ec0   0x00000010   Code   RO         2276    i.HAL_FLASHEx_DATAEEPROM_DisableFixedTimeProgram  stm32l0xx_hal_flash_ex.o
    0x08000ed0   0x08000ed0   0x00000010   Code   RO         2277    i.HAL_FLASHEx_DATAEEPROM_EnableFixedTimeProgram  stm32l0xx_hal_flash_ex.o
    0x08000ee0   0x08000ee0   0x00000028   Code   RO         2278    i.HAL_FLASHEx_DATAEEPROM_Erase  stm32l0xx_hal_flash_ex.o
    0x08000f08   0x08000f08   0x00000014   Code   RO         2279    i.HAL_FLASHEx_DATAEEPROM_Lock  stm32l0xx_hal_flash_ex.o
    0x08000f1c   0x08000f1c   0x00000054   Code   RO         2280    i.HAL_FLASHEx_DATAEEPROM_Program  stm32l0xx_hal_flash_ex.o
    0x08000f70   0x08000f70   0x00000034   Code   RO         2281    i.HAL_FLASHEx_DATAEEPROM_Unlock  stm32l0xx_hal_flash_ex.o
    0x08000fa4   0x08000fa4   0x0000000a   Code   RO         2386    i.HAL_GPIO_ReadPin  stm32l0xx_hal_gpio.o
    0x08000fae   0x08000fae   0x00000010   Code   RO         2387    i.HAL_GPIO_TogglePin  stm32l0xx_hal_gpio.o
    0x08000fbe   0x08000fbe   0x0000000c   Code   RO         2388    i.HAL_GPIO_WritePin  stm32l0xx_hal_gpio.o
    0x08000fca   0x08000fca   0x00000002   PAD
    0x08000fcc   0x08000fcc   0x0000000c   Code   RO         1272    i.HAL_GetTick       stm32l0xx_hal.o
    0x08000fd8   0x08000fd8   0x0000006c   Code   RO         3143    i.HAL_IWDG_Init     stm32l0xx_hal_iwdg.o
    0x08001044   0x08001044   0x00000010   Code   RO         3144    i.HAL_IWDG_Refresh  stm32l0xx_hal_iwdg.o
    0x08001054   0x08001054   0x00000010   Code   RO         1278    i.HAL_IncTick       stm32l0xx_hal.o
    0x08001064   0x08001064   0x00000028   Code   RO         1279    i.HAL_Init          stm32l0xx_hal.o
    0x0800108c   0x0800108c   0x00000070   Code   RO         1078    i.HAL_InitTick      stm32l0xx_hal_timebase_tim.o
    0x080010fc   0x080010fc   0x00000002   Code   RO         3169    i.HAL_LPTIM_AutoReloadMatchCallback  stm32l0xx_hal_lptim.o
    0x080010fe   0x080010fe   0x00000002   Code   RO         3170    i.HAL_LPTIM_AutoReloadWriteCallback  stm32l0xx_hal_lptim.o
    0x08001100   0x08001100   0x00000002   Code   RO         3171    i.HAL_LPTIM_CompareMatchCallback  stm32l0xx_hal_lptim.o
    0x08001102   0x08001102   0x00000002   Code   RO         3172    i.HAL_LPTIM_CompareWriteCallback  stm32l0xx_hal_lptim.o
    0x08001104   0x08001104   0x00000002   Code   RO         3178    i.HAL_LPTIM_DirectionDownCallback  stm32l0xx_hal_lptim.o
    0x08001106   0x08001106   0x00000002   Code   RO         3179    i.HAL_LPTIM_DirectionUpCallback  stm32l0xx_hal_lptim.o
    0x08001108   0x08001108   0x000000ca   Code   RO         3185    i.HAL_LPTIM_IRQHandler  stm32l0xx_hal_lptim.o
    0x080011d2   0x080011d2   0x00000002   PAD
    0x080011d4   0x080011d4   0x000000b0   Code   RO         3186    i.HAL_LPTIM_Init    stm32l0xx_hal_lptim.o
    0x08001284   0x08001284   0x00000030   Code   RO          730    i.HAL_LPTIM_MspInit  lptim.o
    0x080012b4   0x080012b4   0x00000002   Code   RO         3208    i.HAL_LPTIM_TriggerCallback  stm32l0xx_hal_lptim.o
    0x080012b6   0x080012b6   0x00000002   PAD
    0x080012b8   0x080012b8   0x00000024   Code   RO         1058    i.HAL_MspInit       stm32l0xx_hal_msp.o
    0x080012dc   0x080012dc   0x00000020   Code   RO         2712    i.HAL_NVIC_DisableIRQ  stm32l0xx_hal_cortex.o
    0x080012fc   0x080012fc   0x00000018   Code   RO         2713    i.HAL_NVIC_EnableIRQ  stm32l0xx_hal_cortex.o
    0x08001314   0x08001314   0x00000008   Code   RO         2717    i.HAL_NVIC_SetPriority  stm32l0xx_hal_cortex.o
    0x0800131c   0x0800131c   0x00000010   Code   RO         2543    i.HAL_PWR_EnableBkUpAccess  stm32l0xx_hal_pwr.o
    0x0800132c   0x0800132c   0x00000164   Code   RO         2074    i.HAL_RCCEx_PeriphCLKConfig  stm32l0xx_hal_rcc_ex.o
    0x08001490   0x08001490   0x0000019c   Code   RO         1974    i.HAL_RCC_ClockConfig  stm32l0xx_hal_rcc.o
    0x0800162c   0x0800162c   0x00000040   Code   RO         1977    i.HAL_RCC_GetClockConfig  stm32l0xx_hal_rcc.o
    0x0800166c   0x0800166c   0x00000020   Code   RO         1980    i.HAL_RCC_GetPCLK1Freq  stm32l0xx_hal_rcc.o
    0x0800168c   0x0800168c   0x00000078   Code   RO         1982    i.HAL_RCC_GetSysClockFreq  stm32l0xx_hal_rcc.o
    0x08001704   0x08001704   0x00000426   Code   RO         1985    i.HAL_RCC_OscConfig  stm32l0xx_hal_rcc.o
    0x08001b2a   0x08001b2a   0x00000044   Code   RO         3532    i.HAL_RTC_GetDate   stm32l0xx_hal_rtc.o
    0x08001b6e   0x08001b6e   0x00000002   PAD
    0x08001b70   0x08001b70   0x0000005c   Code   RO         3534    i.HAL_RTC_GetTime   stm32l0xx_hal_rtc.o
    0x08001bcc   0x08001bcc   0x000000bc   Code   RO         3535    i.HAL_RTC_Init      stm32l0xx_hal_rtc.o
    0x08001c88   0x08001c88   0x00000020   Code   RO          884    i.HAL_RTC_MspInit   rtc.o
    0x08001ca8   0x08001ca8   0x000000c4   Code   RO         3541    i.HAL_RTC_SetDate   stm32l0xx_hal_rtc.o
    0x08001d6c   0x08001d6c   0x000000e8   Code   RO         3542    i.HAL_RTC_SetTime   stm32l0xx_hal_rtc.o
    0x08001e54   0x08001e54   0x00000034   Code   RO         3543    i.HAL_RTC_WaitForSynchro  stm32l0xx_hal_rtc.o
    0x08001e88   0x08001e88   0x0000003e   Code   RO         3958    i.HAL_TIM_Base_Init  stm32l0xx_hal_tim.o
    0x08001ec6   0x08001ec6   0x00000002   Code   RO         3960    i.HAL_TIM_Base_MspInit  stm32l0xx_hal_tim.o
    0x08001ec8   0x08001ec8   0x0000004c   Code   RO         3963    i.HAL_TIM_Base_Start_IT  stm32l0xx_hal_tim.o
    0x08001f14   0x08001f14   0x00000002   Code   RO         3992    i.HAL_TIM_IC_CaptureCallback  stm32l0xx_hal_tim.o
    0x08001f16   0x08001f16   0x00000126   Code   RO         4006    i.HAL_TIM_IRQHandler  stm32l0xx_hal_tim.o
    0x0800203c   0x0800203c   0x00000002   Code   RO         4009    i.HAL_TIM_OC_DelayElapsedCallback  stm32l0xx_hal_tim.o
    0x0800203e   0x0800203e   0x00000002   Code   RO         4036    i.HAL_TIM_PWM_PulseFinishedCallback  stm32l0xx_hal_tim.o
    0x08002040   0x08002040   0x00000012   Code   RO          349    i.HAL_TIM_PeriodElapsedCallback  main.o
    0x08002052   0x08002052   0x00000002   Code   RO         4049    i.HAL_TIM_TriggerCallback  stm32l0xx_hal_tim.o
    0x08002054   0x08002054   0x00000002   Code   RO          979    i.HardFault_Handler  stm32l0xx_it.o
    0x08002056   0x08002056   0x0000001a   Code   RO          350    i.LED_Blinking      main.o
    0x08002070   0x08002070   0x000000a0   Code   RO         3064    i.LL_EXTI_Init      stm32l0xx_ll_exti.o
    0x08002110   0x08002110   0x00000014   Code   RO          980    i.LL_EXTI_IsActiveFlag_0_31  stm32l0xx_it.o
    0x08002124   0x08002124   0x000000ae   Code   RO         1114    i.LL_GPIO_Init      stm32l0xx_ll_gpio.o
    0x080021d2   0x080021d2   0x00000014   Code   RO          492    i.LL_GPIO_SetPinMode  gpio.o
    0x080021e6   0x080021e6   0x00000014   Code   RO          493    i.LL_GPIO_SetPinPull  gpio.o
    0x080021fa   0x080021fa   0x00000002   PAD
    0x080021fc   0x080021fc   0x00000018   Code   RO          494    i.LL_IOP_GRP1_EnableClock  gpio.o
    0x08002214   0x08002214   0x00000018   Code   RO          768    i.LL_IOP_GRP1_EnableClock  usart.o
    0x0800222c   0x0800222c   0x0000006c   Code   RO         3435    i.LL_LPUART_Init    stm32l0xx_ll_lpuart.o
    0x08002298   0x08002298   0x00000064   Code   RO         2891    i.LL_RCC_GetLPUARTClockFreq  stm32l0xx_ll_rcc.o
    0x080022fc   0x080022fc   0x00000090   Code   RO         2893    i.LL_RCC_GetUSARTClockFreq  stm32l0xx_ll_rcc.o
    0x0800238c   0x0800238c   0x00000010   Code   RO         2894    i.LL_RCC_GetUSARTClockSource  stm32l0xx_ll_rcc.o
    0x0800239c   0x0800239c   0x00000010   Code   RO         2895    i.LL_RCC_HSI_IsReady  stm32l0xx_ll_rcc.o
    0x080023ac   0x080023ac   0x00000010   Code   RO         2896    i.LL_RCC_IsActiveFlag_HSIDIV  stm32l0xx_ll_rcc.o
    0x080023bc   0x080023bc   0x00000010   Code   RO         2897    i.LL_RCC_LSE_IsReady  stm32l0xx_ll_rcc.o
    0x080023cc   0x080023cc   0x0000006c   Code   RO         3902    i.LL_SPI_Init       stm32l0xx_ll_spi.o
    0x08002438   0x08002438   0x00000020   Code   RO          495    i.LL_SYSCFG_SetEXTISource  gpio.o
    0x08002458   0x08002458   0x000000a8   Code   RO         3475    i.LL_USART_Init     stm32l0xx_ll_usart.o
    0x08002500   0x08002500   0x00000010   Code   RO          981    i.LPTIM1_IRQHandler  stm32l0xx_it.o
    0x08002510   0x08002510   0x00000048   Code   RO          982    i.LPUART1_IRQHandler  stm32l0xx_it.o
    0x08002558   0x08002558   0x00000030   Code   RO          641    i.MX_CRC_Init       crc.o
    0x08002588   0x08002588   0x0000003c   Code   RO          677    i.MX_DMA_Init       dma.o
    0x080025c4   0x080025c4   0x000000d4   Code   RO          556    i.MX_FREERTOS_Init  freertos.o
    0x08002698   0x08002698   0x00000260   Code   RO          496    i.MX_GPIO_Init      gpio.o
    0x080028f8   0x080028f8   0x0000002c   Code   RO          703    i.MX_IWDG_Init      iwdg.o
    0x08002924   0x08002924   0x00000038   Code   RO          731    i.MX_LPTIM1_Init    lptim.o
    0x0800295c   0x0800295c   0x00000124   Code   RO          769    i.MX_LPUART1_UART_Init  usart.o
    0x08002a80   0x08002a80   0x0000007c   Code   RO          885    i.MX_RTC_Init       rtc.o
    0x08002afc   0x08002afc   0x000000b4   Code   RO          933    i.MX_SPI1_Init      spi.o
    0x08002bb0   0x08002bb0   0x000000a8   Code   RO          770    i.MX_USART1_UART_Init  usart.o
    0x08002c58   0x08002c58   0x0000004c   Code   RO          351    i.ModuleLtePowerOn  main.o
    0x08002ca4   0x08002ca4   0x00000002   Code   RO          983    i.NMI_Handler       stm32l0xx_it.o
    0x08002ca6   0x08002ca6   0x00000002   PAD
    0x08002ca8   0x08002ca8   0x0000001c   Code   RO         2898    i.RCC_GetHCLKClockFreq  stm32l0xx_ll_rcc.o
    0x08002cc4   0x08002cc4   0x00000018   Code   RO         2899    i.RCC_GetPCLK1ClockFreq  stm32l0xx_ll_rcc.o
    0x08002cdc   0x08002cdc   0x00000018   Code   RO         2900    i.RCC_GetPCLK2ClockFreq  stm32l0xx_ll_rcc.o
    0x08002cf4   0x08002cf4   0x00000084   Code   RO         2901    i.RCC_GetSystemClockFreq  stm32l0xx_ll_rcc.o
    0x08002d78   0x08002d78   0x00000090   Code   RO           34    i.RFIDInitial       cc1101.o
    0x08002e08   0x08002e08   0x00000010   Code   RO         3544    i.RTC_Bcd2ToByte    stm32l0xx_hal_rtc.o
    0x08002e18   0x08002e18   0x00000018   Code   RO         3545    i.RTC_ByteToBcd2    stm32l0xx_hal_rtc.o
    0x08002e30   0x08002e30   0x00000038   Code   RO         3546    i.RTC_EnterInitMode  stm32l0xx_hal_rtc.o
    0x08002e68   0x08002e68   0x0000001c   Code   RO          934    i.SPI_ExchangeByte  spi.o
    0x08002e84   0x08002e84   0x00000002   Code   RO         5871    i.SVC_Handler       port.o
    0x08002e86   0x08002e86   0x00000002   PAD
    0x08002e88   0x08002e88   0x00000128   Code   RO          557    i.SendToCloud       freertos.o
    0x08002fb0   0x08002fb0   0x00000064   Code   RO          886    i.SetRTC            rtc.o
    0x08003014   0x08003014   0x00000098   Code   RO          352    i.ShowMessage       main.o
    0x080030ac   0x080030ac   0x000000ec   Code   RO          558    i.StartCommandTask  freertos.o
    0x08003198   0x08003198   0x00000044   Code   RO          559    i.StartRFIDInputTask  freertos.o
    0x080031dc   0x080031dc   0x0000001c   Code   RO          560    i.StartUsartRxDmaTask  freertos.o
    0x080031f8   0x080031f8   0x00000024   Code   RO         5872    i.SysTick_Handler   port.o
    0x0800321c   0x0800321c   0x000000a4   Code   RO          353    i.SystemClock_Config  main.o
    0x080032c0   0x080032c0   0x00000002   Code   RO         4680    i.SystemInit        system_stm32l0xx.o
    0x080032c2   0x080032c2   0x00000002   PAD
    0x080032c4   0x080032c4   0x00000068   Code   RO          354    i.SystemInitial     main.o
    0x0800332c   0x0800332c   0x00000010   Code   RO          984    i.TIM2_IRQHandler   stm32l0xx_it.o
    0x0800333c   0x0800333c   0x00000058   Code   RO         4051    i.TIM_Base_SetConfig  stm32l0xx_hal_tim.o
    0x08003394   0x08003394   0x00000020   Code   RO         6159    i.__0printf$8       mc_p.l(printf8.o)
    0x080033b4   0x080033b4   0x00000030   Code   RO         2059    i.__ARM_common_ll_muluu  stm32l0xx_hal_rcc.o
    0x080033e4   0x080033e4   0x00000018   Code   RO          497    i.__NVIC_EnableIRQ  gpio.o
    0x080033fc   0x080033fc   0x00000044   Code   RO          498    i.__NVIC_SetPriority  gpio.o
    0x08003440   0x08003440   0x00000044   Code   RO         2723    i.__NVIC_SetPriority  stm32l0xx_hal_cortex.o
    0x08003484   0x08003484   0x0000000e   Code   RO         6255    i.__scatterload_copy  mc_p.l(handlers.o)
    0x08003492   0x08003492   0x00000002   Code   RO         6256    i.__scatterload_null  mc_p.l(handlers.o)
    0x08003494   0x08003494   0x0000000e   Code   RO         6257    i.__scatterload_zeroinit  mc_p.l(handlers.o)
    0x080034a2   0x080034a2   0x00000002   PAD
    0x080034a4   0x080034a4   0x00000428   Code   RO         6166    i._printf_core      mc_p.l(printf8.o)
    0x080038cc   0x080038cc   0x00000020   Code   RO         6167    i._printf_post_padding  mc_p.l(printf8.o)
    0x080038ec   0x080038ec   0x0000002c   Code   RO         6168    i._printf_pre_padding  mc_p.l(printf8.o)
    0x08003918   0x08003918   0x00000010   Code   RO          773    i.fputc             usart.o
    0x08003928   0x08003928   0x0000000c   Code   RO         5470    i.inHandlerMode     cmsis_os.o
    0x08003934   0x08003934   0x0000008c   Code   RO          775    i.lte_lpuart_init   usart.o
    0x080039c0   0x080039c0   0x000000e8   Code   RO          776    i.lte_lpuart_process_data  usart.o
    0x08003aa8   0x08003aa8   0x00000054   Code   RO          777    i.lte_lpuart_rx_check  usart.o
    0x08003afc   0x08003afc   0x00000028   Code   RO          778    i.lte_lpuart_send_data  usart.o
    0x08003b24   0x08003b24   0x00000012   Code   RO          779    i.lte_lpuart_send_string  usart.o
    0x08003b36   0x08003b36   0x0000003a   Code   RO          355    i.main              main.o
    0x08003b70   0x08003b70   0x0000000c   Code   RO         5472    i.makeFreeRtosPriority  cmsis_os.o
    0x08003b7c   0x08003b7c   0x00000010   Code   RO         5474    i.osDelay           cmsis_os.o
    0x08003b8c   0x08003b8c   0x0000000a   Code   RO         5477    i.osKernelStart     cmsis_os.o
    0x08003b96   0x08003b96   0x00000028   Code   RO         5486    i.osMessageCreate   cmsis_os.o
    0x08003bbe   0x08003bbe   0x00000002   PAD
    0x08003bc0   0x08003bc0   0x0000008c   Code   RO         5488    i.osMessageGet      cmsis_os.o
    0x08003c4c   0x08003c4c   0x00000058   Code   RO         5490    i.osMessagePut      cmsis_os.o
    0x08003ca4   0x08003ca4   0x00000040   Code   RO         5503    i.osSemaphoreCreate  cmsis_os.o
    0x08003ce4   0x08003ce4   0x0000004c   Code   RO         5506    i.osSemaphoreRelease  cmsis_os.o
    0x08003d30   0x08003d30   0x00000064   Code   RO         5507    i.osSemaphoreWait   cmsis_os.o
    0x08003d94   0x08003d94   0x00000058   Code   RO         5511    i.osThreadCreate    cmsis_os.o
    0x08003dec   0x08003dec   0x00000058   Code   RO         5167    i.prvAddCurrentTaskToDelayedList  tasks.o
    0x08003e44   0x08003e44   0x000000b8   Code   RO         5168    i.prvAddNewTaskToReadyList  tasks.o
    0x08003efc   0x08003efc   0x00000026   Code   RO         4843    i.prvCopyDataFromQueue  queue.o
    0x08003f22   0x08003f22   0x00000070   Code   RO         4844    i.prvCopyDataToQueue  queue.o
    0x08003f92   0x08003f92   0x00000026   Code   RO         5169    i.prvDeleteTCB      tasks.o
    0x08003fb8   0x08003fb8   0x00000044   Code   RO         5821    i.prvHeapInit       heap_4.o
    0x08003ffc   0x08003ffc   0x0000004c   Code   RO         5170    i.prvIdleTask       tasks.o
    0x08004048   0x08004048   0x0000001c   Code   RO         4846    i.prvInitialiseNewQueue  queue.o
    0x08004064   0x08004064   0x0000008a   Code   RO         5171    i.prvInitialiseNewTask  tasks.o
    0x080040ee   0x080040ee   0x00000002   PAD
    0x080040f0   0x080040f0   0x0000004c   Code   RO         5822    i.prvInsertBlockIntoFreeList  heap_4.o
    0x0800413c   0x0800413c   0x0000001c   Code   RO         4847    i.prvIsQueueEmpty   queue.o
    0x08004158   0x08004158   0x00000020   Code   RO         5172    i.prvResetNextTaskUnblockTime  tasks.o
    0x08004178   0x08004178   0x00000014   Code   RO         5873    i.prvTaskExitError  port.o
    0x0800418c   0x0800418c   0x00000070   Code   RO         4848    i.prvUnlockQueue    queue.o
    0x080041fc   0x080041fc   0x000000b0   Code   RO         5823    i.pvPortMalloc      heap_4.o
    0x080042ac   0x080042ac   0x00000018   Code   RO         5174    i.pvTaskIncrementMutexHeldCount  tasks.o
    0x080042c4   0x080042c4   0x00000020   Code   RO         5874    i.pxPortInitialiseStack  port.o
    0x080042e4   0x080042e4   0x0000002a   Code   RO          356    i.strcatArray       main.o
    0x0800430e   0x0800430e   0x00000026   Code   RO         4806    i.uxListRemove      list.o
    0x08004334   0x08004334   0x00000014   Code   RO          561    i.vApplicationGetIdleTaskMemory  freertos.o
    0x08004348   0x08004348   0x00000028   Code   RO          562    i.vApplicationIdleHook  freertos.o
    0x08004370   0x08004370   0x00000016   Code   RO         4807    i.vListInitialise   list.o
    0x08004386   0x08004386   0x00000006   Code   RO         4808    i.vListInitialiseItem  list.o
    0x0800438c   0x0800438c   0x00000030   Code   RO         4809    i.vListInsert       list.o
    0x080043bc   0x080043bc   0x00000018   Code   RO         4810    i.vListInsertEnd    list.o
    0x080043d4   0x080043d4   0x00000018   Code   RO         5876    i.vPortEnterCritical  port.o
    0x080043ec   0x080043ec   0x0000001c   Code   RO         5877    i.vPortExitCritical  port.o
    0x08004408   0x08004408   0x00000044   Code   RO         5824    i.vPortFree         heap_4.o
    0x0800444c   0x0800444c   0x00000018   Code   RO         5878    i.vPortYield        port.o
    0x08004464   0x08004464   0x00000030   Code   RO         5180    i.vTaskDelay        tasks.o
    0x08004494   0x08004494   0x00000010   Code   RO         5183    i.vTaskInternalSetTimeOutState  tasks.o
    0x080044a4   0x080044a4   0x0000000c   Code   RO         5184    i.vTaskMissedYield  tasks.o
    0x080044b0   0x080044b0   0x00000024   Code   RO         5186    i.vTaskPlaceOnEventList  tasks.o
    0x080044d4   0x080044d4   0x00000070   Code   RO         5188    i.vTaskPriorityDisinheritAfterTimeout  tasks.o
    0x08004544   0x08004544   0x00000058   Code   RO         5193    i.vTaskStartScheduler  tasks.o
    0x0800459c   0x0800459c   0x00000010   Code   RO         5195    i.vTaskSuspendAll   tasks.o
    0x080045ac   0x080045ac   0x00000058   Code   RO         5196    i.vTaskSwitchContext  tasks.o
    0x08004604   0x08004604   0x00000050   Code   RO         5879    i.xPortStartScheduler  port.o
    0x08004654   0x08004654   0x0000003c   Code   RO         4857    i.xQueueGenericCreate  queue.o
    0x08004690   0x08004690   0x00000040   Code   RO         4858    i.xQueueGenericCreateStatic  queue.o
    0x080046d0   0x080046d0   0x0000006c   Code   RO         4859    i.xQueueGenericReset  queue.o
    0x0800473c   0x0800473c   0x00000118   Code   RO         4860    i.xQueueGenericSend  queue.o
    0x08004854   0x08004854   0x0000008c   Code   RO         4861    i.xQueueGenericSendFromISR  queue.o
    0x080048e0   0x080048e0   0x00000074   Code   RO         4862    i.xQueueGiveFromISR  queue.o
    0x08004954   0x08004954   0x00000102   Code   RO         4867    i.xQueueReceive     queue.o
    0x08004a56   0x08004a56   0x00000078   Code   RO         4868    i.xQueueReceiveFromISR  queue.o
    0x08004ace   0x08004ace   0x00000140   Code   RO         4869    i.xQueueSemaphoreTake  queue.o
    0x08004c0e   0x08004c0e   0x00000002   PAD
    0x08004c10   0x08004c10   0x0000005c   Code   RO         5197    i.xTaskCheckForTimeOut  tasks.o
    0x08004c6c   0x08004c6c   0x00000052   Code   RO         5198    i.xTaskCreate       tasks.o
    0x08004cbe   0x08004cbe   0x00000044   Code   RO         5199    i.xTaskCreateStatic  tasks.o
    0x08004d02   0x08004d02   0x00000002   PAD
    0x08004d04   0x08004d04   0x00000020   Code   RO         5203    i.xTaskGetSchedulerState  tasks.o
    0x08004d24   0x08004d24   0x000000bc   Code   RO         5206    i.xTaskIncrementTick  tasks.o
    0x08004de0   0x08004de0   0x00000068   Code   RO         5209    i.xTaskPriorityDisinherit  tasks.o
    0x08004e48   0x08004e48   0x00000078   Code   RO         5210    i.xTaskPriorityInherit  tasks.o
    0x08004ec0   0x08004ec0   0x00000064   Code   RO         5211    i.xTaskRemoveFromEventList  tasks.o
    0x08004f24   0x08004f24   0x000000ac   Code   RO         5212    i.xTaskResumeAll    tasks.o
    0x08004fd0   0x08004fd0   0x0000005e   Data   RO           36    .constdata          cc1101.o
    0x0800502e   0x0800502e   0x00000002   PAD
    0x08005030   0x08005030   0x00000064   Data   RO          564    .constdata          freertos.o
    0x08005094   0x08005094   0x00000007   Data   RO          781    .constdata          usart.o
    0x0800509b   0x0800509b   0x00000007   Data   RO          985    .constdata          stm32l0xx_it.o
    0x080050a2   0x080050a2   0x00000019   Data   RO         4681    .constdata          system_stm32l0xx.o
    0x080050bb   0x080050bb   0x00000008   Data   RO         4682    .constdata          system_stm32l0xx.o
    0x080050c3   0x080050c3   0x00000001   PAD
    0x080050c4   0x080050c4   0x0000008e   Data   RO          357    .conststring        main.o
    0x08005152   0x08005152   0x00000002   PAD
    0x08005154   0x08005154   0x0000002a   Data   RO          565    .conststring        freertos.o
    0x0800517e   0x0800517e   0x00000002   PAD
    0x08005180   0x08005180   0x00000020   Data   RO         6253    Region$$Table       anon$$obj.o


    Execution Region RW_IRAM1 (Exec base: 0x20000000, Load base: 0x080051a0, Size: 0x000018e0, Max: 0x00002000, ABSOLUTE)

    Exec Addr    Load Addr    Size         Type   Attr      Idx    E Section Name        Object

    0x20000000   0x080051a0   0x0000000a   Data   RW           37    .data               cc1101.o
    0x2000000a   0x080051aa   0x00000002   PAD
    0x2000000c   0x080051ac   0x00000004   Data   RW          358    .data               main.o
    0x20000010   0x080051b0   0x00000028   Data   RW          566    .data               freertos.o
    0x20000038   0x080051d8   0x00000004   Data   RW          782    .data               usart.o
    0x2000003c   0x080051dc   0x0000000c   Data   RW         1290    .data               stm32l0xx_hal.o
    0x20000048   0x080051e8   0x00000004   Data   RW         4683    .data               system_stm32l0xx.o
    0x2000004c   0x080051ec   0x0000003c   Data   RW         5215    .data               tasks.o
    0x20000088   0x08005228   0x00000018   Data   RW         5829    .data               heap_4.o
    0x200000a0   0x08005240   0x00000004   Data   RW         5880    .data               port.o
    0x200000a4   0x08005244   0x00000004   Data   RW         6229    .data               mc_p.l(stdout.o)
    0x200000a8        -       0x0000020c   Zero   RW           35    .bss                cc1101.o
    0x200002b4        -       0x00000354   Zero   RW          563    .bss                freertos.o
    0x20000608        -       0x00000024   Zero   RW          642    .bss                crc.o
    0x2000062c        -       0x00000010   Zero   RW          704    .bss                iwdg.o
    0x2000063c        -       0x00000030   Zero   RW          732    .bss                lptim.o
    0x2000066c        -       0x00000102   Zero   RW          780    .bss                usart.o
    0x2000076e   0x08005248   0x00000002   PAD
    0x20000770        -       0x00000024   Zero   RW          887    .bss                rtc.o
    0x20000794        -       0x00000040   Zero   RW         1081    .bss                stm32l0xx_hal_timebase_tim.o
    0x200007d4        -       0x00000018   Zero   RW         2191    .bss                stm32l0xx_hal_flash.o
    0x200007ec        -       0x000000f0   Zero   RW         5214    .bss                tasks.o
    0x200008dc        -       0x00000c00   Zero   RW         5828    .bss                heap_4.o
    0x200014dc   0x08005248   0x00000004   PAD
    0x200014e0        -       0x00000400   Zero   RW            1    STACK               startup_stm32l051xx.o


==============================================================================

Image component sizes


      Code (inc. data)   RO Data    RW Data    ZI Data      Debug   Object Name

      1586        208         94         10        524     342467   cc1101.o
       646         22          0          0          0      15764   cmsis_os.o
        84         16          0          0         36       1331   crc.o
        60         14          0          0          0      13530   dma.o
         0          0          0          0          0      10652   event_groups.o
      1216        350        142         40        852      16705   freertos.o
       796         32          0          0          0      25803   gpio.o
       388         22          0         24       3072       3971   heap_4.o
        44         12          0          0         16        603   iwdg.o
       138          0          0          0          0       3154   list.o
       104         24          0          0         48       1331   lptim.o
       776        224        142          4          0      36443   main.o
       366         58          0          4          0       6504   port.o
      1784          0          0          0          0      17767   queue.o
       396         60          0          0         36       2589   rtc.o
       224         16          0          0          0      15501   spi.o
        28          8        192          0       1024        596   startup_stm32l051xx.o
       104         18          0         12          0       7722   stm32l0xx_hal.o
       132         20          0          0          0      11818   stm32l0xx_hal_cortex.o
       382          6          0          0          0       3423   stm32l0xx_hal_crc.o
        80          0          0          0          0       1243   stm32l0xx_hal_crc_ex.o
       256         16          0          0         24       1610   stm32l0xx_hal_flash.o
       228         44          0          0          0       3875   stm32l0xx_hal_flash_ex.o
        38          0          0          0          0       2116   stm32l0xx_hal_gpio.o
       124         20          0          0          0       1751   stm32l0xx_hal_iwdg.o
       392         14          0          0          0       5449   stm32l0xx_hal_lptim.o
        36          4          0          0          0        426   stm32l0xx_hal_msp.o
        16          4          0          0          0        475   stm32l0xx_hal_pwr.o
      1738         88          0          0          0       5558   stm32l0xx_hal_rcc.o
       356         14          0          0          0       1356   stm32l0xx_hal_rcc_ex.o
       924         18          0          0          0       6840   stm32l0xx_hal_rtc.o
       530         18          0          0          0       6257   stm32l0xx_hal_tim.o
       112         18          0          0         64        939   stm32l0xx_hal_timebase_tim.o
       320         74          7          0          0      37861   stm32l0xx_it.o
       160          4          0          0          0       4967   stm32l0xx_ll_exti.o
       174          0          0          0          0       6779   stm32l0xx_ll_gpio.o
       108          4          0          0          0      15133   stm32l0xx_ll_lpuart.o
       516         88          0          0          0      19835   stm32l0xx_ll_rcc.o
       108          6          0          0          0      14398   stm32l0xx_ll_spi.o
       168         18          0          0          0      21568   stm32l0xx_ll_usart.o
         0          0          0          0          0       9572   stream_buffer.o
         2          0         33          4          0       1063   system_stm32l0xx.o
      1954        146          0         60        240      23959   tasks.o
      1046        112          7          4        258      57639   usart.o

    ----------------------------------------------------------------------
     18668       1820        656        164       6200     788343   Object Totals
         0          0         32          0          0          0   (incl. Generated)
        28          0          7          2          6          0   (incl. Padding)

    ----------------------------------------------------------------------

      Code (inc. data)   RO Data    RW Data    ZI Data      Debug   Library Member Name

         0          0          0          0          0          0   entry.o
         0          0          0          0          0          0   entry10a.o
         0          0          0          0          0          0   entry11a.o
         8          4          0          0          0          0   entry2.o
         4          0          0          0          0          0   entry5.o
         0          0          0          0          0          0   entry7b.o
         0          0          0          0          0          0   entry8b.o
         8          4          0          0          0          0   entry9a.o
        30          0          0          0          0          0   handlers.o
        36          8          0          0          0         68   init.o
        32          0          0          0          0         68   llshl.o
        34          0          0          0          0         68   llushr.o
        36          0          0          0          0         60   memcpya.o
        36          0          0          0          0        100   memseta.o
      1172         52          0          0          0        324   printf8.o
         0          0          0          4          0          0   stdout.o
        14          0          0          0          0         60   strlen.o
        44          0          0          0          0         72   uidiv.o
        96          0          0          0          0         84   uldiv.o
        20          0          0          0          0         60   uread4.o

    ----------------------------------------------------------------------
      1572         68          0          4          0        964   Library Totals
         2          0          0          0          0          0   (incl. Padding)

    ----------------------------------------------------------------------

      Code (inc. data)   RO Data    RW Data    ZI Data      Debug   Library Name

      1570         68          0          4          0        964   mc_p.l

    ----------------------------------------------------------------------
      1572         68          0          4          0        964   Library Totals

    ----------------------------------------------------------------------

==============================================================================


      Code (inc. data)   RO Data    RW Data    ZI Data      Debug   

     20240       1888        656        168       6200     779331   Grand Totals
     20240       1888        656        168       6200     779331   ELF Image Totals
     20240       1888        656        168          0          0   ROM Totals

==============================================================================

    Total RO  Size (Code + RO Data)                20896 (  20.41kB)
    Total RW  Size (RW Data + ZI Data)              6368 (   6.22kB)
    Total ROM Size (Code + RO Data + RW Data)      21064 (  20.57kB)

==============================================================================

