Component: ARM Compiler 5.06 update 6 (build 750) Tool: armlink [4d35ed]

==============================================================================

Section Cross References

    startup_stm32f407xx.o(RESET) refers to startup_stm32f407xx.o(STACK) for __initial_sp
    startup_stm32f407xx.o(RESET) refers to startup_stm32f407xx.o(.text) for Reset_Handler
    startup_stm32f407xx.o(RESET) refers to stm32f4xx_it.o(i.NMI_Handler) for NMI_Handler
    startup_stm32f407xx.o(RESET) refers to stm32f4xx_it.o(i.HardFault_Handler) for HardFault_Handler
    startup_stm32f407xx.o(RESET) refers to stm32f4xx_it.o(i.MemManage_Handler) for MemManage_Handler
    startup_stm32f407xx.o(RESET) refers to stm32f4xx_it.o(i.BusFault_Handler) for BusFault_Handler
    startup_stm32f407xx.o(RESET) refers to stm32f4xx_it.o(i.UsageFault_Handler) for UsageFault_Handler
    startup_stm32f407xx.o(RESET) refers to stm32f4xx_it.o(i.SVC_Handler) for SVC_Handler
    startup_stm32f407xx.o(RESET) refers to stm32f4xx_it.o(i.DebugMon_Handler) for DebugMon_Handler
    startup_stm32f407xx.o(RESET) refers to stm32f4xx_it.o(i.PendSV_Handler) for PendSV_Handler
    startup_stm32f407xx.o(RESET) refers to stm32f4xx_it.o(i.SysTick_Handler) for SysTick_Handler
    startup_stm32f407xx.o(RESET) refers to stm32f4xx_it.o(i.EXTI0_IRQHandler) for EXTI0_IRQHandler
    startup_stm32f407xx.o(RESET) refers to stm32f4xx_it.o(i.EXTI1_IRQHandler) for EXTI1_IRQHandler
    startup_stm32f407xx.o(RESET) refers to stm32f4xx_it.o(i.USART3_IRQHandler) for USART3_IRQHandler
    startup_stm32f407xx.o(RESET) refers to stm32f4xx_it.o(i.TIM6_DAC_IRQHandler) for TIM6_DAC_IRQHandler
    startup_stm32f407xx.o(.text) refers to system_stm32f4xx.o(i.SystemInit) for SystemInit
    startup_stm32f407xx.o(.text) refers to entry.o(.ARM.Collect$$$$00000000) for __main
    cc1101.o(i.CC1101ClrRXBuff) refers to cc1101.o(i.CC1101WriteCmd) for CC1101WriteCmd
    cc1101.o(i.CC1101ClrTXBuff) refers to cc1101.o(i.CC1101WriteCmd) for CC1101WriteCmd
    cc1101.o(i.CC1101GetRXCnt) refers to cc1101.o(i.CC1101ReadStatus) for CC1101ReadStatus
    cc1101.o(i.CC1101Init) refers to stm32f4xx_hal_cortex.o(i.HAL_NVIC_DisableIRQ) for HAL_NVIC_DisableIRQ
    cc1101.o(i.CC1101Init) refers to cc1101.o(i.CC1101Reset) for CC1101Reset
    cc1101.o(i.CC1101Init) refers to cc1101.o(i.CC1101WriteReg) for CC1101WriteReg
    cc1101.o(i.CC1101Init) refers to cc1101.o(i.CC1101SetAddress) for CC1101SetAddress
    cc1101.o(i.CC1101Init) refers to cc1101.o(i.CC1101SetSYNC) for CC1101SetSYNC
    cc1101.o(i.CC1101Init) refers to cc1101.o(i.CC1101WriteMultiReg) for CC1101WriteMultiReg
    cc1101.o(i.CC1101Init) refers to stm32f4xx_hal_cortex.o(i.HAL_NVIC_EnableIRQ) for HAL_NVIC_EnableIRQ
    cc1101.o(i.CC1101Init) refers to cc1101.o(.constdata) for .constdata
    cc1101.o(i.CC1101Init) refers to cc1101.o(.data) for .data
    cc1101.o(i.CC1101ReadMultiReg) refers to stm32f4xx_hal_gpio.o(i.HAL_GPIO_WritePin) for HAL_GPIO_WritePin
    cc1101.o(i.CC1101ReadMultiReg) refers to spi.o(i.SPI_ExchangeByte) for SPI_ExchangeByte
    cc1101.o(i.CC1101ReadRSSI) refers to cc1101.o(i.CC1101ReadStatus) for CC1101ReadStatus
    cc1101.o(i.CC1101ReadReg) refers to stm32f4xx_hal_gpio.o(i.HAL_GPIO_WritePin) for HAL_GPIO_WritePin
    cc1101.o(i.CC1101ReadReg) refers to spi.o(i.SPI_ExchangeByte) for SPI_ExchangeByte
    cc1101.o(i.CC1101ReadStatus) refers to stm32f4xx_hal_gpio.o(i.HAL_GPIO_WritePin) for HAL_GPIO_WritePin
    cc1101.o(i.CC1101ReadStatus) refers to spi.o(i.SPI_ExchangeByte) for SPI_ExchangeByte
    cc1101.o(i.CC1101RecPacket) refers to cc1101.o(i.CC1101GetRXCnt) for CC1101GetRXCnt
    cc1101.o(i.CC1101RecPacket) refers to cc1101.o(i.CC1101ReadReg) for CC1101ReadReg
    cc1101.o(i.CC1101RecPacket) refers to cc1101.o(i.CC1101ReadMultiReg) for CC1101ReadMultiReg
    cc1101.o(i.CC1101RecPacket) refers to cc1101.o(i.CC1101ClrRXBuff) for CC1101ClrRXBuff
    cc1101.o(i.CC1101RecPacket) refers to cc1101.o(.data) for .data
    cc1101.o(i.CC1101Reset) refers to stm32f4xx_hal_gpio.o(i.HAL_GPIO_WritePin) for HAL_GPIO_WritePin
    cc1101.o(i.CC1101Reset) refers to cc1101.o(i.CC1101WriteCmd) for CC1101WriteCmd
    cc1101.o(i.CC1101SendPacket) refers to cc1101.o(i.CC1101ReadReg) for CC1101ReadReg
    cc1101.o(i.CC1101SendPacket) refers to cc1101.o(i.CC1101ClrTXBuff) for CC1101ClrTXBuff
    cc1101.o(i.CC1101SendPacket) refers to cc1101.o(i.CC1101WriteReg) for CC1101WriteReg
    cc1101.o(i.CC1101SendPacket) refers to cc1101.o(i.CC1101WriteMultiReg) for CC1101WriteMultiReg
    cc1101.o(i.CC1101SendPacket) refers to cc1101.o(i.CC1101SetTRMode) for CC1101SetTRMode
    cc1101.o(i.CC1101SendPacket) refers to cc1101.o(.data) for .data
    cc1101.o(i.CC1101SetAddress) refers to cc1101.o(i.CC1101ReadReg) for CC1101ReadReg
    cc1101.o(i.CC1101SetAddress) refers to cc1101.o(i.CC1101WriteReg) for CC1101WriteReg
    cc1101.o(i.CC1101SetIdle) refers to cc1101.o(i.CC1101WriteCmd) for CC1101WriteCmd
[...]
    Removing stm32f4xx_hal_tim.o(i.HAL_TIM_OC_Stop), (88 bytes).
    Removing stm32f4xx_hal_tim.o(i.HAL_TIM_OC_Stop_DMA), (164 bytes).
    Removing stm32f4xx_hal_tim.o(i.HAL_TIM_OC_Stop_IT), (136 bytes).
    Removing stm32f4xx_hal_tim.o(i.HAL_TIM_OnePulse_ConfigChannel), (218 bytes).
    Removing stm32f4xx_hal_tim.o(i.HAL_TIM_OnePulse_DeInit), (56 bytes).
    Removing stm32f4xx_hal_tim.o(i.HAL_TIM_OnePulse_GetState), (6 bytes).
    Removing stm32f4xx_hal_tim.o(i.HAL_TIM_OnePulse_Init), (74 bytes).
    Removing stm32f4xx_hal_tim.o(i.HAL_TIM_OnePulse_MspDeInit), (2 bytes).
    Removing stm32f4xx_hal_tim.o(i.HAL_TIM_OnePulse_MspInit), (2 bytes).
    Removing stm32f4xx_hal_tim.o(i.HAL_TIM_OnePulse_Start), (60 bytes).
    Removing stm32f4xx_hal_tim.o(i.HAL_TIM_OnePulse_Start_IT), (80 bytes).
    Removing stm32f4xx_hal_tim.o(i.HAL_TIM_OnePulse_Stop), (100 bytes).
    Removing stm32f4xx_hal_tim.o(i.HAL_TIM_OnePulse_Stop_IT), (120 bytes).
    Removing stm32f4xx_hal_tim.o(i.HAL_TIM_PWM_ConfigChannel), (208 bytes).
    Removing stm32f4xx_hal_tim.o(i.HAL_TIM_PWM_DeInit), (56 bytes).
    Removing stm32f4xx_hal_tim.o(i.HAL_TIM_PWM_GetState), (6 bytes).
    Removing stm32f4xx_hal_tim.o(i.HAL_TIM_PWM_Init), (54 bytes).
    Removing stm32f4xx_hal_tim.o(i.HAL_TIM_PWM_MspDeInit), (2 bytes).
    Removing stm32f4xx_hal_tim.o(i.HAL_TIM_PWM_MspInit), (2 bytes).
    Removing stm32f4xx_hal_tim.o(i.HAL_TIM_PWM_PulseFinishedHalfCpltCallback), (2 bytes).
    Removing stm32f4xx_hal_tim.o(i.HAL_TIM_PWM_Start), (68 bytes).
    Removing stm32f4xx_hal_tim.o(i.HAL_TIM_PWM_Start_DMA), (288 bytes).
    Removing stm32f4xx_hal_tim.o(i.HAL_TIM_PWM_Start_IT), (116 bytes).
    Removing stm32f4xx_hal_tim.o(i.HAL_TIM_PWM_Stop), (92 bytes).
    Removing stm32f4xx_hal_tim.o(i.HAL_TIM_PWM_Stop_DMA), (164 bytes).
    Removing stm32f4xx_hal_tim.o(i.HAL_TIM_PWM_Stop_IT), (136 bytes).
    Removing stm32f4xx_hal_tim.o(i.HAL_TIM_PeriodElapsedHalfCpltCallback), (2 bytes).
    Removing stm32f4xx_hal_tim.o(i.HAL_TIM_ReadCapturedValue), (42 bytes).
    Removing stm32f4xx_hal_tim.o(i.HAL_TIM_SlaveConfigSynchro), (86 bytes).
    Removing stm32f4xx_hal_tim.o(i.HAL_TIM_SlaveConfigSynchro_IT), (86 bytes).
    Removing stm32f4xx_hal_tim.o(i.HAL_TIM_TriggerHalfCpltCallback), (2 bytes).
    Removing stm32f4xx_hal_tim.o(i.TIM_CCxChannelCmd), (26 bytes).
    Removing stm32f4xx_hal_tim.o(i.TIM_DMACaptureCplt), (62 bytes).
    Removing stm32f4xx_hal_tim.o(i.TIM_DMACaptureHalfCplt), (62 bytes).
    Removing stm32f4xx_hal_tim.o(i.TIM_DMADelayPulseCplt), (62 bytes).
    Removing stm32f4xx_hal_tim.o(i.TIM_DMADelayPulseHalfCplt), (62 bytes).
    Removing stm32f4xx_hal_tim.o(i.TIM_DMAError), (16 bytes).
    Removing stm32f4xx_hal_tim.o(i.TIM_DMAPeriodElapsedCplt), (16 bytes).
    Removing stm32f4xx_hal_tim.o(i.TIM_DMAPeriodElapsedHalfCplt), (16 bytes).
    Removing stm32f4xx_hal_tim.o(i.TIM_DMATriggerCplt), (16 bytes).
    Removing stm32f4xx_hal_tim.o(i.TIM_DMATriggerHalfCplt), (16 bytes).
    Removing stm32f4xx_hal_tim.o(i.TIM_ETR_SetConfig), (20 bytes).
    Removing stm32f4xx_hal_tim.o(i.TIM_ITRx_SetConfig), (16 bytes).
    Removing stm32f4xx_hal_tim.o(i.TIM_OC1_SetConfig), (96 bytes).
    Removing stm32f4xx_hal_tim.o(i.TIM_OC2_SetConfig), (108 bytes).
    Removing stm32f4xx_hal_tim.o(i.TIM_OC3_SetConfig), (104 bytes).
    Removing stm32f4xx_hal_tim.o(i.TIM_OC4_SetConfig), (80 bytes).
    Removing stm32f4xx_hal_tim.o(i.TIM_SlaveTimer_SetConfig), (134 bytes).
    Removing stm32f4xx_hal_tim.o(i.TIM_TI1_ConfigInputStage), (34 bytes).
    Removing stm32f4xx_hal_tim.o(i.TIM_TI1_SetConfig), (128 bytes).
    Removing stm32f4xx_hal_tim.o(i.TIM_TI2_ConfigInputStage), (36 bytes).
    Removing stm32f4xx_hal_tim.o(i.TIM_TI2_SetConfig), (54 bytes).
    Removing stm32f4xx_hal_tim_ex.o(.rev16_text), (4 bytes).
    Removing stm32f4xx_hal_tim_ex.o(.revsh_text), (4 bytes).
    Removing stm32f4xx_hal_tim_ex.o(.rrx_text), (6 bytes).
    Removing stm32f4xx_hal_tim_ex.o(i.HAL_TIMEx_CommutHalfCpltCallback), (2 bytes).
    Removing stm32f4xx_hal_tim_ex.o(i.HAL_TIMEx_ConfigBreakDeadTime), (84 bytes).
    Removing stm32f4xx_hal_tim_ex.o(i.HAL_TIMEx_ConfigCommutEvent), (112 bytes).
    Removing stm32f4xx_hal_tim_ex.o(i.HAL_TIMEx_ConfigCommutEvent_DMA), (144 bytes).
    Removing stm32f4xx_hal_tim_ex.o(i.HAL_TIMEx_ConfigCommutEvent_IT), (112 bytes).
    Removing stm32f4xx_hal_tim_ex.o(i.HAL_TIMEx_HallSensor_DeInit), (56 bytes).
    Removing stm32f4xx_hal_tim_ex.o(i.HAL_TIMEx_HallSensor_GetState), (6 bytes).
    Removing stm32f4xx_hal_tim_ex.o(i.HAL_TIMEx_HallSensor_Init), (188 bytes).
    Removing stm32f4xx_hal_tim_ex.o(i.HAL_TIMEx_HallSensor_MspDeInit), (2 bytes).
    Removing stm32f4xx_hal_tim_ex.o(i.HAL_TIMEx_HallSensor_MspInit), (2 bytes).
    Removing stm32f4xx_hal_tim_ex.o(i.HAL_TIMEx_HallSensor_Start), (38 bytes).
    Removing stm32f4xx_hal_tim_ex.o(i.HAL_TIMEx_HallSensor_Start_DMA), (128 bytes).
    Removing stm32f4xx_hal_tim_ex.o(i.HAL_TIMEx_HallSensor_Start_IT), (48 bytes).
    Removing stm32f4xx_hal_tim_ex.o(i.HAL_TIMEx_HallSensor_Stop), (46 bytes).
    Removing stm32f4xx_hal_tim_ex.o(i.HAL_TIMEx_HallSensor_Stop_DMA), (62 bytes).
    Removing stm32f4xx_hal_tim_ex.o(i.HAL_TIMEx_HallSensor_Stop_IT), (56 bytes).
    Removing stm32f4xx_hal_tim_ex.o(i.HAL_TIMEx_OCN_Start), (46 bytes).
    Removing stm32f4xx_hal_tim_ex.o(i.HAL_TIMEx_OCN_Start_DMA), (228 bytes).
    Removing stm32f4xx_hal_tim_ex.o(i.HAL_TIMEx_OCN_Start_IT), (94 bytes).
    Removing stm32f4xx_hal_tim_ex.o(i.HAL_TIMEx_OCN_Stop), (68 bytes).
    Removing stm32f4xx_hal_tim_ex.o(i.HAL_TIMEx_OCN_Stop_DMA), (130 bytes).
    Removing stm32f4xx_hal_tim_ex.o(i.HAL_TIMEx_OCN_Stop_IT), (122 bytes).
    Removing stm32f4xx_hal_tim_ex.o(i.HAL_TIMEx_OnePulseN_Start), (26 bytes).
    Removing stm32f4xx_hal_tim_ex.o(i.HAL_TIMEx_OnePulseN_Start_IT), (46 bytes).
    Removing stm32f4xx_hal_tim_ex.o(i.HAL_TIMEx_OnePulseN_Stop), (68 bytes).
    Removing stm32f4xx_hal_tim_ex.o(i.HAL_TIMEx_OnePulseN_Stop_IT), (88 bytes).
    Removing stm32f4xx_hal_tim_ex.o(i.HAL_TIMEx_PWMN_Start), (46 bytes).
    Removing stm32f4xx_hal_tim_ex.o(i.HAL_TIMEx_PWMN_Start_DMA), (228 bytes).
    Removing stm32f4xx_hal_tim_ex.o(i.HAL_TIMEx_PWMN_Start_IT), (94 bytes).
    Removing stm32f4xx_hal_tim_ex.o(i.HAL_TIMEx_PWMN_Stop), (68 bytes).
    Removing stm32f4xx_hal_tim_ex.o(i.HAL_TIMEx_PWMN_Stop_DMA), (130 bytes).
    Removing stm32f4xx_hal_tim_ex.o(i.HAL_TIMEx_PWMN_Stop_IT), (122 bytes).
    Removing stm32f4xx_hal_tim_ex.o(i.HAL_TIMEx_RemapConfig), (28 bytes).
    Removing stm32f4xx_hal_tim_ex.o(i.TIMEx_DMACommutationCplt), (16 bytes).
    Removing stm32f4xx_hal_tim_ex.o(i.TIMEx_DMACommutationHalfCplt), (16 bytes).
    Removing stm32f4xx_hal_tim_ex.o(i.TIM_CCxNChannelCmd), (26 bytes).
    Removing stm32f4xx_ll_usart.o(.rev16_text), (4 bytes).
    Removing stm32f4xx_ll_usart.o(.revsh_text), (4 bytes).
    Removing stm32f4xx_ll_usart.o(.rrx_text), (6 bytes).
    Removing stm32f4xx_ll_usart.o(i.LL_USART_ClockInit), (56 bytes).
    Removing stm32f4xx_ll_usart.o(i.LL_USART_ClockStructInit), (12 bytes).
    Removing stm32f4xx_ll_usart.o(i.LL_USART_StructInit), (24 bytes).
    Removing system_stm32f4xx.o(.rev16_text), (4 bytes).
    Removing system_stm32f4xx.o(.revsh_text), (4 bytes).
    Removing system_stm32f4xx.o(.rrx_text), (6 bytes).
    Removing system_stm32f4xx.o(i.SystemCoreClockUpdate), (120 bytes).
    Removing dadd.o(.text), (334 bytes).
    Removing dmul.o(.text), (228 bytes).
    Removing ddiv.o(.text), (222 bytes).
    Removing dfixul.o(.text), (48 bytes).
    Removing cdrcmple.o(.text), (48 bytes).
    Removing depilogue.o(.text), (186 bytes).

482 unused section(s) (total 29914 bytes) removed from the image.

==============================================================================

Image Symbol Table

    Local Symbols

    Symbol Name                              Value     Ov Type        Size  Object(Section)

    ../Core/Src/gpio.c                       0x00000000   Number         0  gpio.o ABSOLUTE
    ../Core/Src/iwdg.c                       0x00000000   Number         0  iwdg.o ABSOLUTE
    ../Core/Src/main.c                       0x00000000   Number         0  main.o ABSOLUTE
    ../Core/Src/rtc.c                        0x00000000   Number         0  rtc.o ABSOLUTE
    ../Core/Src/spi.c                        0x00000000   Number         0  spi.o ABSOLUTE
    ../Core/Src/stm32f4xx_hal_msp.c          0x00000000   Number         0  stm32f4xx_hal_msp.o ABSOLUTE
    ../Core/Src/stm32f4xx_it.c               0x00000000   Number         0  stm32f4xx_it.o ABSOLUTE
    ../Core/Src/system_stm32f4xx.c           0x00000000   Number         0  system_stm32f4xx.o ABSOLUTE
    ../Core/Src/tim.c                        0x00000000   Number         0  tim.o ABSOLUTE
    ../Core/Src/usart.c                      0x00000000   Number         0  usart.o ABSOLUTE
    ../Drivers/STM32F4xx_HAL_Driver/Src/stm32f4xx_hal.c 0x00000000   Number         0  stm32f4xx_hal.o ABSOLUTE
    ../Drivers/STM32F4xx_HAL_Driver/Src/stm32f4xx_hal_cortex.c 0x00000000   Number         0  stm32f4xx_hal_cortex.o ABSOLUTE
    ../Drivers/STM32F4xx_HAL_Driver/Src/stm32f4xx_hal_dma.c 0x00000000   Number         0  stm32f4xx_hal_dma.o ABSOLUTE
    ../Drivers/STM32F4xx_HAL_Driver/Src/stm32f4xx_hal_dma_ex.c 0x00000000   Number         0  stm32f4xx_hal_dma_ex.o ABSOLUTE
    ../Drivers/STM32F4xx_HAL_Driver/Src/stm32f4xx_hal_exti.c 0x00000000   Number         0  stm32f4xx_hal_exti.o ABSOLUTE
    ../Drivers/STM32F4xx_HAL_Driver/Src/stm32f4xx_hal_flash.c 0x00000000   Number         0  stm32f4xx_hal_flash.o ABSOLUTE
    ../Drivers/STM32F4xx_HAL_Driver/Src/stm32f4xx_hal_flash_ex.c 0x00000000   Number         0  stm32f4xx_hal_flash_ex.o ABSOLUTE
    ../Drivers/STM32F4xx_HAL_Driver/Src/stm32f4xx_hal_flash_ramfunc.c 0x00000000   Number         0  stm32f4xx_hal_flash_ramfunc.o ABSOLUTE
    ../Drivers/STM32F4xx_HAL_Driver/Src/stm32f4xx_hal_gpio.c 0x00000000   Number         0  stm32f4xx_hal_gpio.o ABSOLUTE
    ../Drivers/STM32F4xx_HAL_Driver/Src/stm32f4xx_hal_pwr.c 0x00000000   Number         0  stm32f4xx_hal_pwr.o ABSOLUTE
    ../Drivers/STM32F4xx_HAL_Driver/Src/stm32f4xx_hal_pwr_ex.c 0x00000000   Number         0  stm32f4xx_hal_pwr_ex.o ABSOLUTE
    ../Drivers/STM32F4xx_HAL_Driver/Src/stm32f4xx_hal_rcc.c 0x00000000   Number         0  stm32f4xx_hal_rcc.o ABSOLUTE
    ../Drivers/STM32F4xx_HAL_Driver/Src/stm32f4xx_hal_rcc_ex.c 0x00000000   Number         0  stm32f4xx_hal_rcc_ex.o ABSOLUTE
    ../Drivers/STM32F4xx_HAL_Driver/Src/stm32f4xx_hal_rtc.c 0x00000000   Number         0  stm32f4xx_hal_rtc.o ABSOLUTE
    ../Drivers/STM32F4xx_HAL_Driver/Src/stm32f4xx_hal_rtc_ex.c 0x00000000   Number         0  stm32f4xx_hal_rtc_ex.o ABSOLUTE
    ../Drivers/STM32F4xx_HAL_Driver/Src/stm32f4xx_hal_tim.c 0x00000000   Number         0  stm32f4xx_hal_tim.o ABSOLUTE
    ../Drivers/STM32F4xx_HAL_Driver/Src/stm32f4xx_hal_tim_ex.c 0x00000000   Number         0  stm32f4xx_hal_tim_ex.o ABSOLUTE
    ../Drivers/STM32F4xx_HAL_Driver/Src/stm32f4xx_ll_dma.c 0x00000000   Number         0  stm32f4xx_ll_dma.o ABSOLUTE
    ../Drivers/STM32F4xx_HAL_Driver/Src/stm32f4xx_ll_exti.c 0x00000000   Number         0  stm32f4xx_ll_exti.o ABSOLUTE
    ../Drivers/STM32F4xx_HAL_Driver/Src/stm32f4xx_ll_gpio.c 0x00000000   Number         0  stm32f4xx_ll_gpio.o ABSOLUTE
    ../Drivers/STM32F4xx_HAL_Driver/Src/stm32f4xx_ll_rcc.c 0x00000000   Number         0  stm32f4xx_ll_rcc.o ABSOLUTE
    ../Drivers/STM32F4xx_HAL_Driver/Src/stm32f4xx_ll_spi.c 0x00000000   Number         0  stm32f4xx_ll_spi.o ABSOLUTE
    ../Drivers/STM32F4xx_HAL_Driver/Src/stm32f4xx_ll_usart.c 0x00000000   Number         0  stm32f4xx_ll_usart.o ABSOLUTE
    ../Drivers/STM32F4xx_HAL_Driver/Src/stm32f4xx_ll_utils.c 0x00000000   Number         0  stm32f4xx_ll_utils.o ABSOLUTE
    ../clib/microlib/division.c              0x00000000   Number         0  uidiv.o ABSOLUTE
    ../clib/microlib/division.c              0x00000000   Number         0  uldiv.o ABSOLUTE
    ../clib/microlib/init/entry.s            0x00000000   Number         0  entry.o ABSOLUTE
    ../clib/microlib/init/entry.s            0x00000000   Number         0  entry11b.o ABSOLUTE
    ../clib/microlib/init/entry.s            0x00000000   Number         0  entry11a.o ABSOLUTE
    ../clib/microlib/init/entry.s            0x00000000   Number         0  entry10a.o ABSOLUTE
    ../clib/microlib/init/entry.s            0x00000000   Number         0  entry9b.o ABSOLUTE
    ../clib/microlib/init/entry.s            0x00000000   Number         0  entry9a.o ABSOLUTE
    ../clib/microlib/init/entry.s            0x00000000   Number         0  entry8b.o ABSOLUTE
    ../clib/microlib/init/entry.s            0x00000000   Number         0  entry8a.o ABSOLUTE
    ../clib/microlib/init/entry.s            0x00000000   Number         0  entry7b.o ABSOLUTE
    ../clib/microlib/init/entry.s            0x00000000   Number         0  entry10b.o ABSOLUTE
    ../clib/microlib/init/entry.s            0x00000000   Number         0  entry5.o ABSOLUTE
    ../clib/microlib/init/entry.s            0x00000000   Number         0  entry2.o ABSOLUTE
    ../clib/microlib/init/entry.s            0x00000000   Number         0  entry7a.o ABSOLUTE
    ../clib/microlib/longlong.c              0x00000000   Number         0  llshl.o ABSOLUTE
    ../clib/microlib/longlong.c              0x00000000   Number         0  llsshr.o ABSOLUTE
    ../clib/microlib/longlong.c              0x00000000   Number         0  llushr.o ABSOLUTE
    ../clib/microlib/printf/printf.c         0x00000000   Number         0  printfa.o ABSOLUTE
    ../clib/microlib/printf/printf.c         0x00000000   Number         0  printf8.o ABSOLUTE
    ../clib/microlib/printf/printf.c         0x00000000   Number         0  printf7.o ABSOLUTE
    ../clib/microlib/printf/printf.c         0x00000000   Number         0  printf6.o ABSOLUTE
    ../clib/microlib/printf/printf.c         0x00000000   Number         0  printfb.o ABSOLUTE
    ../clib/microlib/printf/printf.c         0x00000000   Number         0  printf5.o ABSOLUTE
    ../clib/microlib/printf/printf.c         0x00000000   Number         0  printf4.o ABSOLUTE
    ../clib/microlib/printf/printf.c         0x00000000   Number         0  printf3.o ABSOLUTE
    ../clib/microlib/printf/printf.c         0x00000000   Number         0  printf2.o ABSOLUTE
    ../clib/microlib/printf/printf.c         0x00000000   Number         0  printf0.o ABSOLUTE
    ../clib/microlib/printf/printf.c         0x00000000   Number         0  printf1.o ABSOLUTE
    ../clib/microlib/printf/stubs.s          0x00000000   Number         0  stubs.o ABSOLUTE
    ../clib/microlib/stdio/streams.c         0x00000000   Number         0  stdout.o ABSOLUTE
    ../clib/microlib/string/memset.c         0x00000000   Number         0  memseta.o ABSOLUTE
    ../clib/microlib/stubs.s                 0x00000000   Number         0  iusefp.o ABSOLUTE
    ../fplib/microlib/fpadd.c                0x00000000   Number         0  dadd.o ABSOLUTE
    ../fplib/microlib/fpdiv.c                0x00000000   Number         0  ddiv.o ABSOLUTE
    ../fplib/microlib/fpepilogue.c           0x00000000   Number         0  depilogue.o ABSOLUTE
    ../fplib/microlib/fpfix.c                0x00000000   Number         0  dfixul.o ABSOLUTE
    ../fplib/microlib/fpmul.c                0x00000000   Number         0  dmul.o ABSOLUTE
    ..\Core\Src\cc1101.c                     0x00000000   Number         0  cc1101.o ABSOLUTE
    ..\Core\Src\fram.c                       0x00000000   Number         0  fram.o ABSOLUTE
    ..\Core\Src\gpio.c                       0x00000000   Number         0  gpio.o ABSOLUTE
    ..\Core\Src\iwdg.c                       0x00000000   Number         0  iwdg.o ABSOLUTE
    ..\Core\Src\main.c                       0x00000000   Number         0  main.o ABSOLUTE
    ..\Core\Src\rtc.c                        0x00000000   Number         0  rtc.o ABSOLUTE
    ..\Core\Src\spi.c                        0x00000000   Number         0  spi.o ABSOLUTE
    ..\Core\Src\stm32f4xx_hal_msp.c          0x00000000   Number         0  stm32f4xx_hal_msp.o ABSOLUTE
    ..\Core\Src\stm32f4xx_it.c               0x00000000   Number         0  stm32f4xx_it.o ABSOLUTE
    ..\Core\Src\system_stm32f4xx.c           0x00000000   Number         0  system_stm32f4xx.o ABSOLUTE
    ..\Core\Src\tim.c                        0x00000000   Number         0  tim.o ABSOLUTE
    ..\Core\Src\usart.c                      0x00000000   Number         0  usart.o ABSOLUTE
    ..\Drivers\STM32F4xx_HAL_Driver\Src\stm32f4xx_hal.c 0x00000000   Number         0  stm32f4xx_hal.o ABSOLUTE
    ..\Drivers\STM32F4xx_HAL_Driver\Src\stm32f4xx_hal_cortex.c 0x00000000   Number         0  stm32f4xx_hal_cortex.o ABSOLUTE
    ..\Drivers\STM32F4xx_HAL_Driver\Src\stm32f4xx_hal_dma.c 0x00000000   Number         0  stm32f4xx_hal_dma.o ABSOLUTE
    ..\Drivers\STM32F4xx_HAL_Driver\Src\stm32f4xx_hal_dma_ex.c 0x00000000   Number         0  stm32f4xx_hal_dma_ex.o ABSOLUTE
    ..\Drivers\STM32F4xx_HAL_Driver\Src\stm32f4xx_hal_exti.c 0x00000000   Number         0  stm32f4xx_hal_exti.o ABSOLUTE
    ..\Drivers\STM32F4xx_HAL_Driver\Src\stm32f4xx_hal_flash.c 0x00000000   Number         0  stm32f4xx_hal_flash.o ABSOLUTE
    ..\Drivers\STM32F4xx_HAL_Driver\Src\stm32f4xx_hal_flash_ex.c 0x00000000   Number         0  stm32f4xx_hal_flash_ex.o ABSOLUTE
    ..\Drivers\STM32F4xx_HAL_Driver\Src\stm32f4xx_hal_flash_ramfunc.c 0x00000000   Number         0  stm32f4xx_hal_flash_ramfunc.o ABSOLUTE
    ..\Drivers\STM32F4xx_HAL_Driver\Src\stm32f4xx_hal_gpio.c 0x00000000   Number         0  stm32f4xx_hal_gpio.o ABSOLUTE
    ..\Drivers\STM32F4xx_HAL_Driver\Src\stm32f4xx_hal_pwr.c 0x00000000   Number         0  stm32f4xx_hal_pwr.o ABSOLUTE
    ..\Drivers\STM32F4xx_HAL_Driver\Src\stm32f4xx_hal_pwr_ex.c 0x00000000   Number         0  stm32f4xx_hal_pwr_ex.o ABSOLUTE
    ..\Drivers\STM32F4xx_HAL_Driver\Src\stm32f4xx_hal_rcc.c 0x00000000   Number         0  stm32f4xx_hal_rcc.o ABSOLUTE
    ..\Drivers\STM32F4xx_HAL_Driver\Src\stm32f4xx_hal_rcc_ex.c 0x00000000   Number         0  stm32f4xx_hal_rcc_ex.o ABSOLUTE
    ..\Drivers\STM32F4xx_HAL_Driver\Src\stm32f4xx_hal_rtc.c 0x00000000   Number         0  stm32f4xx_hal_rtc.o ABSOLUTE
    ..\Drivers\STM32F4xx_HAL_Driver\Src\stm32f4xx_hal_rtc_ex.c 0x00000000   Number         0  stm32f4xx_hal_rtc_ex.o ABSOLUTE
    ..\Drivers\STM32F4xx_HAL_Driver\Src\stm32f4xx_hal_tim.c 0x00000000   Number         0  stm32f4xx_hal_tim.o ABSOLUTE
    ..\Drivers\STM32F4xx_HAL_Driver\Src\stm32f4xx_hal_tim_ex.c 0x00000000   Number         0  stm32f4xx_hal_tim_ex.o ABSOLUTE
    ..\Drivers\STM32F4xx_HAL_Driver\Src\stm32f4xx_ll_dma.c 0x00000000   Number         0  stm32f4xx_ll_dma.o ABSOLUTE
    ..\Drivers\STM32F4xx_HAL_Driver\Src\stm32f4xx_ll_exti.c 0x00000000   Number         0  stm32f4xx_ll_exti.o ABSOLUTE
    ..\Drivers\STM32F4xx_HAL_Driver\Src\stm32f4xx_ll_gpio.c 0x00000000   Number         0  stm32f4xx_ll_gpio.o ABSOLUTE
    ..\Drivers\STM32F4xx_HAL_Driver\Src\stm32f4xx_ll_rcc.c 0x00000000   Number         0  stm32f4xx_ll_rcc.o ABSOLUTE
    ..\Drivers\STM32F4xx_HAL_Driver\Src\stm32f4xx_ll_spi.c 0x00000000   Number         0  stm32f4xx_ll_spi.o ABSOLUTE
    ..\Drivers\STM32F4xx_HAL_Driver\Src\stm32f4xx_ll_usart.c 0x00000000   Number         0  stm32f4xx_ll_usart.o ABSOLUTE
    ..\Drivers\STM32F4xx_HAL_Driver\Src\stm32f4xx_ll_utils.c 0x00000000   Number         0  stm32f4xx_ll_utils.o ABSOLUTE
    ..\\Core\\Src\\cc1101.c                  0x00000000   Number         0  cc1101.o ABSOLUTE
    ..\\Core\\Src\\fram.c                    0x00000000   Number         0  fram.o ABSOLUTE
    cdrcmple.s                               0x00000000   Number         0  cdrcmple.o ABSOLUTE
    dc.s                                     0x00000000   Number         0  dc.o ABSOLUTE
    handlers.s                               0x00000000   Number         0  handlers.o ABSOLUTE
    init.s                                   0x00000000   Number         0  init.o ABSOLUTE
    startup_stm32f407xx.s                    0x00000000   Number         0  startup_stm32f407xx.o ABSOLUTE
    RESET                                    0x08000000   Section      392  startup_stm32f407xx.o(RESET)
    .ARM.Collect$$$$00000000                 0x08000188   Section        0  entry.o(.ARM.Collect$$$$00000000)
    .ARM.Collect$$$$00000001                 0x08000188   Section        4  entry2.o(.ARM.Collect$$$$00000001)
    .ARM.Collect$$$$00000004                 0x0800018c   Section        4  entry5.o(.ARM.Collect$$$$00000004)
    .ARM.Collect$$$$00000008                 0x08000190   Section        0  entry7b.o(.ARM.Collect$$$$00000008)
    .ARM.Collect$$$$0000000A                 0x08000190   Section        0  entry8b.o(.ARM.Collect$$$$0000000A)
    .ARM.Collect$$$$0000000B                 0x08000190   Section        8  entry9a.o(.ARM.Collect$$$$0000000B)
    .ARM.Collect$$$$0000000D                 0x08000198   Section        0  entry10a.o(.ARM.Collect$$$$0000000D)
    .ARM.Collect$$$$0000000F                 0x08000198   Section        0  entry11a.o(.ARM.Collect$$$$0000000F)
    .ARM.Collect$$$$00002712                 0x08000198   Section        4  entry2.o(.ARM.Collect$$$$00002712)
    __lit__00000000                          0x08000198   Data           4  entry2.o(.ARM.Collect$$$$00002712)
    .text                                    0x0800019c   Section       36  startup_stm32f407xx.o(.text)
    $v0                                      0x0800019c   Number         0  startup_stm32f407xx.o(.text)
    .text                                    0x080001c0   Section        0  uldiv.o(.text)
    .text                                    0x08000222   Section        0  memseta.o(.text)
    .text                                    0x08000246   Section        0  llshl.o(.text)
    .text                                    0x08000264   Section        0  llushr.o(.text)
    .text                                    0x08000284   Section       36  init.o(.text)
    i.Activate_SPI                           0x080002a8   Section        0  spi.o(i.Activate_SPI)
    i.Activate_USART3_RXIT                   0x080002b8   Section        0  usart.o(i.Activate_USART3_RXIT)
    i.BusFault_Handler                       0x080002d0   Section        0  stm32f4xx_it.o(i.BusFault_Handler)
    i.CC1101CalcRSSI_dBm                     0x080002d2   Section        0  cc1101.o(i.CC1101CalcRSSI_dBm)
    i.CC1101ClrRXBuff                        0x080002ec   Section        0  cc1101.o(i.CC1101ClrRXBuff)
    i.CC1101ClrTXBuff                        0x080002fe   Section        0  cc1101.o(i.CC1101ClrTXBuff)
    i.CC1101GetRXCnt                         0x08000310   Section        0  cc1101.o(i.CC1101GetRXCnt)
    i.CC1101Init                             0x08000320   Section        0  cc1101.o(i.CC1101Init)
    i.CC1101ReadMultiReg                     0x0800038c   Section        0  cc1101.o(i.CC1101ReadMultiReg)
    i.CC1101ReadReg                          0x080003dc   Section        0  cc1101.o(i.CC1101ReadReg)
    i.CC1101ReadStatus                       0x08000410   Section        0  cc1101.o(i.CC1101ReadStatus)
    i.CC1101RecPacket                        0x08000444   Section        0  cc1101.o(i.CC1101RecPacket)
    i.CC1101Reset                            0x080004f4   Section        0  cc1101.o(i.CC1101Reset)
    i.CC1101SendPacket                       0x0800053c   Section        0  cc1101.o(i.CC1101SendPacket)
    i.CC1101SetAddress                       0x080005fc   Section        0  cc1101.o(i.CC1101SetAddress)
    i.CC1101SetSYNC                          0x08000612   Section        0  cc1101.o(i.CC1101SetSYNC)
    i.CC1101SetTRMode                        0x0800062a   Section        0  cc1101.o(i.CC1101SetTRMode)
    i.CC1101SetWORMode                       0x08000662   Section        0  cc1101.o(i.CC1101SetWORMode)
    i.CC1101WORInit                          0x08000682   Section        0  cc1101.o(i.CC1101WORInit)
    i.CC1101WriteCmd                         0x080006b0   Section        0  cc1101.o(i.CC1101WriteCmd)
    i.CC1101WriteMultiReg                    0x080006d8   Section        0  cc1101.o(i.CC1101WriteMultiReg)
    i.CC1101WriteReg                         0x0800071c   Section        0  cc1101.o(i.CC1101WriteReg)
    i.Check_Assign_RFID                      0x0800074c   Section        0  main.o(i.Check_Assign_RFID)
    i.DebugMon_Handler                       0x08000874   Section        0  stm32f4xx_it.o(i.DebugMon_Handler)
    i.EXTI0_IRQHandler                       0x08000878   Section        0  stm32f4xx_it.o(i.EXTI0_IRQHandler)
    i.EXTI1_IRQHandler                       0x0800088c   Section        0  stm32f4xx_it.o(i.EXTI1_IRQHandler)
    i.Error_Callback                         0x080008a0   Section        0  usart.o(i.Error_Callback)
    i.Error_Handler                          0x08000908   Section        0  main.o(i.Error_Handler)
    i.FM25L256Read                           0x0800090c   Section        0  fram.o(i.FM25L256Read)
    i.FM25L256Write                          0x08000950   Section        0  fram.o(i.FM25L256Write)
    i.FM25L256WriteEnable                    0x080009ac   Section        0  fram.o(i.FM25L256WriteEnable)
    i.FRAM_Ctrl                              0x080009e0   Section        0  fram.o(i.FRAM_Ctrl)
    i.Function_Ctrl                          0x08000b24   Section        0  main.o(i.Function_Ctrl)
    i.GetRTC                                 0x08000bac   Section        0  rtc.o(i.GetRTC)
    i.HAL_Delay                              0x08000bcc   Section        0  stm32f4xx_hal.o(i.HAL_Delay)
    i.HAL_GPIO_EXTI_Callback                 0x08000bf0   Section        0  stm32f4xx_hal_gpio.o(i.HAL_GPIO_EXTI_Callback)
    i.HAL_GPIO_EXTI_IRQHandler               0x08000bf4   Section        0  stm32f4xx_hal_gpio.o(i.HAL_GPIO_EXTI_IRQHandler)
    i.HAL_GPIO_Init                          0x08000c0c   Section        0  stm32f4xx_hal_gpio.o(i.HAL_GPIO_Init)
    i.HAL_GPIO_TogglePin                     0x08000dc4   Section        0  stm32f4xx_hal_gpio.o(i.HAL_GPIO_TogglePin)
    i.HAL_GPIO_WritePin                      0x08000dd2   Section        0  stm32f4xx_hal_gpio.o(i.HAL_GPIO_WritePin)
    i.HAL_GetTick                            0x08000ddc   Section        0  stm32f4xx_hal.o(i.HAL_GetTick)
    i.HAL_IncTick                            0x08000de8   Section        0  stm32f4xx_hal.o(i.HAL_IncTick)
    i.HAL_Init                               0x08000df8   Section        0  stm32f4xx_hal.o(i.HAL_Init)
    i.HAL_InitTick                           0x08000e2c   Section        0  stm32f4xx_hal.o(i.HAL_InitTick)
    i.HAL_MspInit                            0x08000e6c   Section        0  stm32f4xx_hal_msp.o(i.HAL_MspInit)
    i.HAL_NVIC_DisableIRQ                    0x08000e9c   Section        0  stm32f4xx_hal_cortex.o(i.HAL_NVIC_DisableIRQ)
    i.HAL_NVIC_EnableIRQ                     0x08000ebe   Section        0  stm32f4xx_hal_cortex.o(i.HAL_NVIC_EnableIRQ)
    i.HAL_NVIC_SetPriority                   0x08000ed8   Section        0  stm32f4xx_hal_cortex.o(i.HAL_NVIC_SetPriority)
    i.HAL_NVIC_SetPriorityGrouping           0x08000f18   Section        0  stm32f4xx_hal_cortex.o(i.HAL_NVIC_SetPriorityGrouping)
    i.HAL_RCCEx_PeriphCLKConfig              0x08000f3c   Section        0  stm32f4xx_hal_rcc_ex.o(i.HAL_RCCEx_PeriphCLKConfig)
    i.HAL_RCC_ClockConfig                    0x08001078   Section        0  stm32f4xx_hal_rcc.o(i.HAL_RCC_ClockConfig)
    i.HAL_RCC_GetSysClockFreq                0x080011ac   Section        0  stm32f4xx_hal_rcc.o(i.HAL_RCC_GetSysClockFreq)
    i.HAL_RCC_OscConfig                      0x0800120c   Section        0  stm32f4xx_hal_rcc.o(i.HAL_RCC_OscConfig)
    i.HAL_RTC_GetDate                        0x08001568   Section        0  stm32f4xx_hal_rtc.o(i.HAL_RTC_GetDate)
    i.HAL_RTC_GetTime                        0x080015ac   Section        0  stm32f4xx_hal_rtc.o(i.HAL_RTC_GetTime)
    i.HAL_RTC_Init                           0x08001604   Section        0  stm32f4xx_hal_rtc.o(i.HAL_RTC_Init)
    i.HAL_RTC_MspInit                        0x080016b0   Section        0  rtc.o(i.HAL_RTC_MspInit)
    i.HAL_RTC_SetDate                        0x080016c8   Section        0  stm32f4xx_hal_rtc.o(i.HAL_RTC_SetDate)
    i.HAL_RTC_SetTime                        0x08001790   Section        0  stm32f4xx_hal_rtc.o(i.HAL_RTC_SetTime)
    i.HAL_RTC_WaitForSynchro                 0x0800187c   Section        0  stm32f4xx_hal_rtc.o(i.HAL_RTC_WaitForSynchro)
    i.HAL_SYSTICK_Config                     0x080018b2   Section        0  stm32f4xx_hal_cortex.o(i.HAL_SYSTICK_Config)
    i.HAL_TIMEx_BreakCallback                0x080018da   Section        0  stm32f4xx_hal_tim_ex.o(i.HAL_TIMEx_BreakCallback)
    i.HAL_TIMEx_CommutCallback               0x080018dc   Section        0  stm32f4xx_hal_tim_ex.o(i.HAL_TIMEx_CommutCallback)
    i.HAL_TIMEx_MasterConfigSynchronization  0x080018e0   Section        0  stm32f4xx_hal_tim_ex.o(i.HAL_TIMEx_MasterConfigSynchronization)
    i.HAL_TIM_Base_Init                      0x08001970   Section        0  stm32f4xx_hal_tim.o(i.HAL_TIM_Base_Init)
    i.HAL_TIM_Base_MspInit                   0x080019a8   Section        0  tim.o(i.HAL_TIM_Base_MspInit)
    i.HAL_TIM_Base_Start_IT                  0x080019e4   Section        0  stm32f4xx_hal_tim.o(i.HAL_TIM_Base_Start_IT)
    i.HAL_TIM_IC_CaptureCallback             0x08001a06   Section        0  stm32f4xx_hal_tim.o(i.HAL_TIM_IC_CaptureCallback)
    i.HAL_TIM_IRQHandler                     0x08001a08   Section        0  stm32f4xx_hal_tim.o(i.HAL_TIM_IRQHandler)
    i.HAL_TIM_OC_DelayElapsedCallback        0x08001b6e   Section        0  stm32f4xx_hal_tim.o(i.HAL_TIM_OC_DelayElapsedCallback)
    i.HAL_TIM_PWM_PulseFinishedCallback      0x08001b70   Section        0  stm32f4xx_hal_tim.o(i.HAL_TIM_PWM_PulseFinishedCallback)
    i.HAL_TIM_PeriodElapsedCallback          0x08001b72   Section        0  stm32f4xx_hal_tim.o(i.HAL_TIM_PeriodElapsedCallback)
    i.HAL_TIM_TriggerCallback                0x08001b74   Section        0  stm32f4xx_hal_tim.o(i.HAL_TIM_TriggerCallback)
    i.HardFault_Handler                      0x08001b76   Section        0  stm32f4xx_it.o(i.HardFault_Handler)
    i.Init_RFID_Info                         0x08001b78   Section        0  fram.o(i.Init_RFID_Info)
    i.LL_AHB1_GRP1_EnableClock               0x08001be8   Section        0  usart.o(i.LL_AHB1_GRP1_EnableClock)
    LL_AHB1_GRP1_EnableClock                 0x08001be9   Thumb Code    18  usart.o(i.LL_AHB1_GRP1_EnableClock)
    i.LL_APB1_GRP1_EnableClock               0x08001c00   Section        0  usart.o(i.LL_APB1_GRP1_EnableClock)
    LL_APB1_GRP1_EnableClock                 0x08001c01   Thumb Code    18  usart.o(i.LL_APB1_GRP1_EnableClock)
    i.LL_APB1_GRP1_ForceReset                0x08001c18   Section        0  stm32f4xx_ll_usart.o(i.LL_APB1_GRP1_ForceReset)
    LL_APB1_GRP1_ForceReset                  0x08001c19   Thumb Code    10  stm32f4xx_ll_usart.o(i.LL_APB1_GRP1_ForceReset)
    i.LL_APB1_GRP1_ReleaseReset              0x08001c28   Section        0  stm32f4xx_ll_usart.o(i.LL_APB1_GRP1_ReleaseReset)
    LL_APB1_GRP1_ReleaseReset                0x08001c29   Thumb Code    10  stm32f4xx_ll_usart.o(i.LL_APB1_GRP1_ReleaseReset)
    i.LL_GPIO_Init                           0x08001c38   Section        0  stm32f4xx_ll_gpio.o(i.LL_GPIO_Init)
    i.LL_RCC_GetSystemClocksFreq             0x08001d6e   Section        0  stm32f4xx_ll_rcc.o(i.LL_RCC_GetSystemClocksFreq)
    i.LL_SPI_Init                            0x08001d8e   Section        0  stm32f4xx_ll_spi.o(i.LL_SPI_Init)
    i.LL_USART_DeInit                        0x08001df4   Section        0  stm32f4xx_ll_usart.o(i.LL_USART_DeInit)
    i.LL_USART_Init                          0x08001e88   Section        0  stm32f4xx_ll_usart.o(i.LL_USART_Init)
    i.LL_USART_SetBaudRate                   0x08001f28   Section        0  stm32f4xx_ll_usart.o(i.LL_USART_SetBaudRate)
    LL_USART_SetBaudRate                     0x08001f29   Thumb Code   176  stm32f4xx_ll_usart.o(i.LL_USART_SetBaudRate)
    i.MOD_GPRS_RESET                         0x08001fd8   Section        0  gpio.o(i.MOD_GPRS_RESET)
    i.MX_GPIO_Init                           0x08002030   Section        0  gpio.o(i.MX_GPIO_Init)
    i.MX_IWDG_Init                           0x080021e0   Section        0  iwdg.o(i.MX_IWDG_Init)
    i.MX_RTC_Init                            0x0800220c   Section        0  rtc.o(i.MX_RTC_Init)
    i.MX_SPI2_Init                           0x0800228c   Section        0  spi.o(i.MX_SPI2_Init)
    i.MX_TIM6_Init                           0x08002328   Section        0  tim.o(i.MX_TIM6_Init)
    i.MX_USART3_UART_Init                    0x08002370   Section        0  usart.o(i.MX_USART3_UART_Init)
    i.MemManage_Handler                      0x08002438   Section        0  stm32f4xx_it.o(i.MemManage_Handler)
    i.NMI_Handler                            0x0800243a   Section        0  stm32f4xx_it.o(i.NMI_Handler)
    i.PendSV_Handler                         0x0800243c   Section        0  stm32f4xx_it.o(i.PendSV_Handler)
    i.Polling_All_RFID                       0x08002440   Section        0  main.o(i.Polling_All_RFID)
    i.RCC_GetHCLKClockFreq                   0x08002538   Section        0  stm32f4xx_ll_rcc.o(i.RCC_GetHCLKClockFreq)
    i.RCC_GetPCLK1ClockFreq                  0x08002554   Section        0  stm32f4xx_ll_rcc.o(i.RCC_GetPCLK1ClockFreq)
    i.RCC_GetPCLK2ClockFreq                  0x08002570   Section        0  stm32f4xx_ll_rcc.o(i.RCC_GetPCLK2ClockFreq)
    i.RCC_GetSystemClockFreq                 0x0800258c   Section        0  stm32f4xx_ll_rcc.o(i.RCC_GetSystemClockFreq)
    i.RCC_PLL_GetFreqDomain_SYS              0x080025b8   Section        0  stm32f4xx_ll_rcc.o(i.RCC_PLL_GetFreqDomain_SYS)
    i.RFIDInitial                            0x08002604   Section        0  cc1101.o(i.RFIDInitial)
    i.RF_Acknowledge                         0x08002640   Section        0  main.o(i.RF_Acknowledge)
    i.RF_SendPacket                          0x08002758   Section        0  main.o(i.RF_SendPacket)
    i.RTC_Bcd2ToByte                         0x08002810   Section        0  stm32f4xx_hal_rtc.o(i.RTC_Bcd2ToByte)
    i.RTC_ByteToBcd2                         0x08002822   Section        0  stm32f4xx_hal_rtc.o(i.RTC_ByteToBcd2)
    i.RTC_EnterInitMode                      0x08002838   Section        0  stm32f4xx_hal_rtc.o(i.RTC_EnterInitMode)
    i.Reply_PC                               0x08002874   Section        0  main.o(i.Reply_PC)
    i.SPI_ExchangeByte                       0x08002abc   Section        0  spi.o(i.SPI_ExchangeByte)
    i.SVC_Handler                            0x08002ae0   Section        0  stm32f4xx_it.o(i.SVC_Handler)
    i.SetRTC                                 0x08002ae4   Section        0  rtc.o(i.SetRTC)
    i.Show_Message                           0x08002b50   Section        0  main.o(i.Show_Message)
    i.SpiFunction                            0x08002bf8   Section        0  spi.o(i.SpiFunction)
    i.SysTick_Handler                        0x08002c26   Section        0  stm32f4xx_it.o(i.SysTick_Handler)
    i.SystemClock_Config                     0x08002c2c   Section        0  main.o(i.SystemClock_Config)
    i.SystemInit                             0x08002cd0   Section        0  system_stm32f4xx.o(i.SystemInit)
    i.TIM6_DAC_IRQHandler                    0x08002cec   Section        0  stm32f4xx_it.o(i.TIM6_DAC_IRQHandler)
    i.TIM_Base_SetConfig                     0x08002d14   Section        0  stm32f4xx_hal_tim.o(i.TIM_Base_SetConfig)
    i.USART3_IRQHandler                      0x08002ddc   Section        0  stm32f4xx_it.o(i.USART3_IRQHandler)
    i.USART_CharReception_Callback           0x08002dfc   Section        0  usart.o(i.USART_CharReception_Callback)
    i.UsageFault_Handler                     0x08002e40   Section        0  stm32f4xx_it.o(i.UsageFault_Handler)
    i.__0printf$5                            0x08002e44   Section        0  printf5.o(i.__0printf$5)
    i.__NVIC_SetPriority                     0x08002e64   Section        0  stm32f4xx_hal_cortex.o(i.__NVIC_SetPriority)
    __NVIC_SetPriority                       0x08002e65   Thumb Code    32  stm32f4xx_hal_cortex.o(i.__NVIC_SetPriority)
    i.__scatterload_copy                     0x08002e84   Section       14  handlers.o(i.__scatterload_copy)
    i.__scatterload_null                     0x08002e92   Section        2  handlers.o(i.__scatterload_null)
    i.__scatterload_zeroinit                 0x08002e94   Section       14  handlers.o(i.__scatterload_zeroinit)
    i._printf_core                           0x08002ea4   Section        0  printf5.o(i._printf_core)
    _printf_core                             0x08002ea5   Thumb Code   658  printf5.o(i._printf_core)
    i.fputc                                  0x08003164   Section        0  usart.o(i.fputc)
    i.main                                   0x08003178   Section        0  main.o(i.main)
    .constdata                               0x080032d4   Section       94  cc1101.o(.constdata)
    CC1101InitData                           0x080032d4   Data          94  cc1101.o(.constdata)
    .constdata                               0x08003332   Section       16  system_stm32f4xx.o(.constdata)
    .constdata                               0x08003342   Section        8  system_stm32f4xx.o(.constdata)
    .data                                    0x20000000   Section       10  cc1101.o(.data)
    .data                                    0x2000000a   Section        4  fram.o(.data)
    .data                                    0x2000000e   Section        3  main.o(.data)
    .data                                    0x20000011   Section        2  usart.o(.data)
    .data                                    0x20000014   Section        4  stm32f4xx_it.o(.data)
    .data                                    0x20000018   Section       12  stm32f4xx_hal.o(.data)
    .data                                    0x20000024   Section        4  system_stm32f4xx.o(.data)
    .data                                    0x20000028   Section        4  stdout.o(.data)
    .bss                                     0x2000002c   Section    32752  fram.o(.bss)
    .bss                                     0x2000801c   Section      510  main.o(.bss)
    .bss                                     0x2000821c   Section       32  rtc.o(.bss)
    .bss                                     0x2000823c   Section       64  tim.o(.bss)
    .bss                                     0x2000827c   Section       21  usart.o(.bss)
    STACK                                    0x20008298   Section     1024  startup_stm32f407xx.o(STACK)

    Global Symbols

    Symbol Name                              Value     Ov Type        Size  Object(Section)

    BuildAttributes$$THM_ISAv4$E$P$D$K$B$S$7EM$VFPi3$EXTD16$VFPS$VFMA$PE$A:L22UL41UL21$X:L11$S22US41US21$IEEE1$IW$USESV6$~STKCKD$USESV7$~SHL$OSPACE$ROPI$EBA8$MICROLIB$REQ8$PRES8$EABIv2 0x00000000   Number         0  anon$$obj.o ABSOLUTE
    __ARM_use_no_argv                        0x00000000   Number         0  main.o ABSOLUTE
    _printf_a                                0x00000000   Number         0  stubs.o ABSOLUTE
    _printf_c                                0x00000000   Number         0  stubs.o ABSOLUTE
    _printf_charcount                        0x00000000   Number         0  stubs.o ABSOLUTE
    _printf_d                                0x00000000   Number         0  stubs.o ABSOLUTE
    _printf_e                                0x00000000   Number         0  stubs.o ABSOLUTE
    _printf_f                                0x00000000   Number         0  stubs.o ABSOLUTE
    _printf_flags                            0x00000000   Number         0  stubs.o ABSOLUTE
    _printf_fp_dec                           0x00000000   Number         0  stubs.o ABSOLUTE
    _printf_fp_hex                           0x00000000   Number         0  stubs.o ABSOLUTE
    _printf_g                                0x00000000   Number         0  stubs.o ABSOLUTE
    _printf_i                                0x00000000   Number         0  stubs.o ABSOLUTE
    _printf_int_dec                          0x00000000   Number         0  stubs.o ABSOLUTE
    _printf_l                                0x00000000   Number         0  stubs.o ABSOLUTE
    _printf_lc                               0x00000000   Number         0  stubs.o ABSOLUTE
    _printf_ll                               0x00000000   Number         0  stubs.o ABSOLUTE
    _printf_lld                              0x00000000   Number         0  stubs.o ABSOLUTE
    _printf_lli                              0x00000000   Number         0  stubs.o ABSOLUTE
    _printf_llo                              0x00000000   Number         0  stubs.o ABSOLUTE
    _printf_llu                              0x00000000   Number         0  stubs.o ABSOLUTE
    _printf_llx                              0x00000000   Number         0  stubs.o ABSOLUTE
    _printf_longlong_dec                     0x00000000   Number         0  stubs.o ABSOLUTE
    _printf_longlong_hex                     0x00000000   Number         0  stubs.o ABSOLUTE
    _printf_longlong_oct                     0x00000000   Number         0  stubs.o ABSOLUTE
    _printf_ls                               0x00000000   Number         0  stubs.o ABSOLUTE
    _printf_mbtowc                           0x00000000   Number         0  stubs.o ABSOLUTE
    _printf_n                                0x00000000   Number         0  stubs.o ABSOLUTE
    _printf_o                                0x00000000   Number         0  stubs.o ABSOLUTE
    _printf_p                                0x00000000   Number         0  stubs.o ABSOLUTE
    _printf_percent                          0x00000000   Number         0  stubs.o ABSOLUTE
    _printf_pre_padding                      0x00000000   Number         0  stubs.o ABSOLUTE
    _printf_return_value                     0x00000000   Number         0  stubs.o ABSOLUTE
    _printf_s                                0x00000000   Number         0  stubs.o ABSOLUTE
    _printf_sizespec                         0x00000000   Number         0  stubs.o ABSOLUTE
    _printf_str                              0x00000000   Number         0  stubs.o ABSOLUTE
    _printf_truncate_signed                  0x00000000   Number         0  stubs.o ABSOLUTE
    _printf_truncate_unsigned                0x00000000   Number         0  stubs.o ABSOLUTE
    _printf_u                                0x00000000   Number         0  stubs.o ABSOLUTE
    _printf_wc                               0x00000000   Number         0  stubs.o ABSOLUTE
    _printf_wctomb                           0x00000000   Number         0  stubs.o ABSOLUTE
    _printf_widthprec                        0x00000000   Number         0  stubs.o ABSOLUTE
    _printf_x                                0x00000000   Number         0  stubs.o ABSOLUTE
    __cpp_initialize__aeabi_                  - Undefined Weak Reference
    __cxa_finalize                            - Undefined Weak Reference
    __decompress                              - Undefined Weak Reference
    _clock_init                               - Undefined Weak Reference
    _microlib_exit                            - Undefined Weak Reference
    __Vectors_Size                           0x00000188   Number         0  startup_stm32f407xx.o ABSOLUTE
    __Vectors                                0x08000000   Data           4  startup_stm32f407xx.o(RESET)
    __Vectors_End                            0x08000188   Data           0  startup_stm32f407xx.o(RESET)
    __main                                   0x08000189   Thumb Code     0  entry.o(.ARM.Collect$$$$00000000)
    _main_stk                                0x08000189   Thumb Code     0  entry2.o(.ARM.Collect$$$$00000001)
    _main_scatterload                        0x0800018d   Thumb Code     0  entry5.o(.ARM.Collect$$$$00000004)
    __main_after_scatterload                 0x08000191   Thumb Code     0  entry5.o(.ARM.Collect$$$$00000004)
    _main_clock                              0x08000191   Thumb Code     0  entry7b.o(.ARM.Collect$$$$00000008)
    _main_cpp_init                           0x08000191   Thumb Code     0  entry8b.o(.ARM.Collect$$$$0000000A)
    _main_init                               0x08000191   Thumb Code     0  entry9a.o(.ARM.Collect$$$$0000000B)
    __rt_final_cpp                           0x08000199   Thumb Code     0  entry10a.o(.ARM.Collect$$$$0000000D)
    __rt_final_exit                          0x08000199   Thumb Code     0  entry11a.o(.ARM.Collect$$$$0000000F)
    Reset_Handler                            0x0800019d   Thumb Code     8  startup_stm32f407xx.o(.text)
    ADC_IRQHandler                           0x080001b7   Thumb Code     0  startup_stm32f407xx.o(.text)
    CAN1_RX0_IRQHandler                      0x080001b7   Thumb Code     0  startup_stm32f407xx.o(.text)
    CAN1_RX1_IRQHandler                      0x080001b7   Thumb Code     0  startup_stm32f407xx.o(.text)
    CAN1_SCE_IRQHandler                      0x080001b7   Thumb Code     0  startup_stm32f407xx.o(.text)
    CAN1_TX_IRQHandler                       0x080001b7   Thumb Code     0  startup_stm32f407xx.o(.text)
    CAN2_RX0_IRQHandler                      0x080001b7   Thumb Code     0  startup_stm32f407xx.o(.text)
    CAN2_RX1_IRQHandler                      0x080001b7   Thumb Code     0  startup_stm32f407xx.o(.text)
    CAN2_SCE_IRQHandler                      0x080001b7   Thumb Code     0  startup_stm32f407xx.o(.text)
    CAN2_TX_IRQHandler                       0x080001b7   Thumb Code     0  startup_stm32f407xx.o(.text)
    DCMI_IRQHandler                          0x080001b7   Thumb Code     0  startup_stm32f407xx.o(.text)
    DMA1_Stream0_IRQHandler                  0x080001b7   Thumb Code     0  startup_stm32f407xx.o(.text)
    DMA1_Stream1_IRQHandler                  0x080001b7   Thumb Code     0  startup_stm32f407xx.o(.text)
    DMA1_Stream2_IRQHandler                  0x080001b7   Thumb Code     0  startup_stm32f407xx.o(.text)
    DMA1_Stream3_IRQHandler                  0x080001b7   Thumb Code     0  startup_stm32f407xx.o(.text)
    DMA1_Stream4_IRQHandler                  0x080001b7   Thumb Code     0  startup_stm32f407xx.o(.text)
    DMA1_Stream5_IRQHandler                  0x080001b7   Thumb Code     0  startup_stm32f407xx.o(.text)
    DMA1_Stream6_IRQHandler                  0x080001b7   Thumb Code     0  startup_stm32f407xx.o(.text)
    DMA1_Stream7_IRQHandler                  0x080001b7   Thumb Code     0  startup_stm32f407xx.o(.text)
    DMA2_Stream0_IRQHandler                  0x080001b7   Thumb Code     0  startup_stm32f407xx.o(.text)
    DMA2_Stream1_IRQHandler                  0x080001b7   Thumb Code     0  startup_stm32f407xx.o(.text)
    DMA2_Stream2_IRQHandler                  0x080001b7   Thumb Code     0  startup_stm32f407xx.o(.text)
    DMA2_Stream3_IRQHandler                  0x080001b7   Thumb Code     0  startup_stm32f407xx.o(.text)
    DMA2_Stream4_IRQHandler                  0x080001b7   Thumb Code     0  startup_stm32f407xx.o(.text)
    DMA2_Stream5_IRQHandler                  0x080001b7   Thumb Code     0  startup_stm32f407xx.o(.text)
    DMA2_Stream6_IRQHandler                  0x080001b7   Thumb Code     0  startup_stm32f407xx.o(.text)
    DMA2_Stream7_IRQHandler                  0x080001b7   Thumb Code     0  startup_stm32f407xx.o(.text)
    ETH_IRQHandler                           0x080001b7   Thumb Code     0  startup_stm32f407xx.o(.text)
    ETH_WKUP_IRQHandler                      0x080001b7   Thumb Code     0  startup_stm32f407xx.o(.text)
    EXTI15_10_IRQHandler                     0x080001b7   Thumb Code     0  startup_stm32f407xx.o(.text)
    EXTI2_IRQHandler                         0x080001b7   Thumb Code     0  startup_stm32f407xx.o(.text)
    EXTI3_IRQHandler                         0x080001b7   Thumb Code     0  startup_stm32f407xx.o(.text)
    EXTI4_IRQHandler                         0x080001b7   Thumb Code     0  startup_stm32f407xx.o(.text)
    EXTI9_5_IRQHandler                       0x080001b7   Thumb Code     0  startup_stm32f407xx.o(.text)
    FLASH_IRQHandler                         0x080001b7   Thumb Code     0  startup_stm32f407xx.o(.text)
    FMC_IRQHandler                           0x080001b7   Thumb Code     0  startup_stm32f407xx.o(.text)
    FPU_IRQHandler                           0x080001b7   Thumb Code     0  startup_stm32f407xx.o(.text)
    HASH_RNG_IRQHandler                      0x080001b7   Thumb Code     0  startup_stm32f407xx.o(.text)
    I2C1_ER_IRQHandler                       0x080001b7   Thumb Code     0  startup_stm32f407xx.o(.text)
    I2C1_EV_IRQHandler                       0x080001b7   Thumb Code     0  startup_stm32f407xx.o(.text)
    I2C2_ER_IRQHandler                       0x080001b7   Thumb Code     0  startup_stm32f407xx.o(.text)
    I2C2_EV_IRQHandler                       0x080001b7   Thumb Code     0  startup_stm32f407xx.o(.text)
    I2C3_ER_IRQHandler                       0x080001b7   Thumb Code     0  startup_stm32f407xx.o(.text)
    I2C3_EV_IRQHandler                       0x080001b7   Thumb Code     0  startup_stm32f407xx.o(.text)
    OTG_FS_IRQHandler                        0x080001b7   Thumb Code     0  startup_stm32f407xx.o(.text)
    OTG_FS_WKUP_IRQHandler                   0x080001b7   Thumb Code     0  startup_stm32f407xx.o(.text)
    OTG_HS_EP1_IN_IRQHandler                 0x080001b7   Thumb Code     0  startup_stm32f407xx.o(.text)
    OTG_HS_EP1_OUT_IRQHandler                0x080001b7   Thumb Code     0  startup_stm32f407xx.o(.text)
    OTG_HS_IRQHandler                        0x080001b7   Thumb Code     0  startup_stm32f407xx.o(.text)
    OTG_HS_WKUP_IRQHandler                   0x080001b7   Thumb Code     0  startup_stm32f407xx.o(.text)
    PVD_IRQHandler                           0x080001b7   Thumb Code     0  startup_stm32f407xx.o(.text)
    RCC_IRQHandler                           0x080001b7   Thumb Code     0  startup_stm32f407xx.o(.text)
    RTC_Alarm_IRQHandler                     0x080001b7   Thumb Code     0  startup_stm32f407xx.o(.text)
    RTC_WKUP_IRQHandler                      0x080001b7   Thumb Code     0  startup_stm32f407xx.o(.text)
    SDIO_IRQHandler                          0x080001b7   Thumb Code     0  startup_stm32f407xx.o(.text)
    SPI1_IRQHandler                          0x080001b7   Thumb Code     0  startup_stm32f407xx.o(.text)
    SPI2_IRQHandler                          0x080001b7   Thumb Code     0  startup_stm32f407xx.o(.text)
    SPI3_IRQHandler                          0x080001b7   Thumb Code     0  startup_stm32f407xx.o(.text)
    TAMP_STAMP_IRQHandler                    0x080001b7   Thumb Code     0  startup_stm32f407xx.o(.text)
    TIM1_BRK_TIM9_IRQHandler                 0x080001b7   Thumb Code     0  startup_stm32f407xx.o(.text)
    TIM1_CC_IRQHandler                       0x080001b7   Thumb Code     0  startup_stm32f407xx.o(.text)
    TIM1_TRG_COM_TIM11_IRQHandler            0x080001b7   Thumb Code     0  startup_stm32f407xx.o(.text)
    TIM1_UP_TIM10_IRQHandler                 0x080001b7   Thumb Code     0  startup_stm32f407xx.o(.text)
    TIM2_IRQHandler                          0x080001b7   Thumb Code     0  startup_stm32f407xx.o(.text)
    TIM3_IRQHandler                          0x080001b7   Thumb Code     0  startup_stm32f407xx.o(.text)
    TIM4_IRQHandler                          0x080001b7   Thumb Code     0  startup_stm32f407xx.o(.text)
    TIM5_IRQHandler                          0x080001b7   Thumb Code     0  startup_stm32f407xx.o(.text)
    TIM7_IRQHandler                          0x080001b7   Thumb Code     0  startup_stm32f407xx.o(.text)
    TIM8_BRK_TIM12_IRQHandler                0x080001b7   Thumb Code     0  startup_stm32f407xx.o(.text)
    TIM8_CC_IRQHandler                       0x080001b7   Thumb Code     0  startup_stm32f407xx.o(.text)
    TIM8_TRG_COM_TIM14_IRQHandler            0x080001b7   Thumb Code     0  startup_stm32f407xx.o(.text)
    TIM8_UP_TIM13_IRQHandler                 0x080001b7   Thumb Code     0  startup_stm32f407xx.o(.text)
    UART4_IRQHandler                         0x080001b7   Thumb Code     0  startup_stm32f407xx.o(.text)
    UART5_IRQHandler                         0x080001b7   Thumb Code     0  startup_stm32f407xx.o(.text)
    USART1_IRQHandler                        0x080001b7   Thumb Code     0  startup_stm32f407xx.o(.text)
    USART2_IRQHandler                        0x080001b7   Thumb Code     0  startup_stm32f407xx.o(.text)
    USART6_IRQHandler                        0x080001b7   Thumb Code     0  startup_stm32f407xx.o(.text)
    WWDG_IRQHandler                          0x080001b7   Thumb Code     0  startup_stm32f407xx.o(.text)
    __aeabi_uldivmod                         0x080001c1   Thumb Code    98  uldiv.o(.text)
    __aeabi_memset                           0x08000223   Thumb Code    14  memseta.o(.text)
    __aeabi_memset4                          0x08000223   Thumb Code     0  memseta.o(.text)
    __aeabi_memset8                          0x08000223   Thumb Code     0  memseta.o(.text)
    __aeabi_memclr                           0x08000231   Thumb Code     4  memseta.o(.text)
    __aeabi_memclr4                          0x08000231   Thumb Code     0  memseta.o(.text)
    __aeabi_memclr8                          0x08000231   Thumb Code     0  memseta.o(.text)
    _memset$wrapper                          0x08000235   Thumb Code    18  memseta.o(.text)
    __aeabi_llsl                             0x08000247   Thumb Code    30  llshl.o(.text)
    _ll_shift_l                              0x08000247   Thumb Code     0  llshl.o(.text)
    __aeabi_llsr                             0x08000265   Thumb Code    32  llushr.o(.text)
    _ll_ushift_r                             0x08000265   Thumb Code     0  llushr.o(.text)
    __scatterload                            0x08000285   Thumb Code    28  init.o(.text)
    __scatterload_rt2                        0x08000285   Thumb Code     0  init.o(.text)
    Activate_SPI                             0x080002a9   Thumb Code    12  spi.o(i.Activate_SPI)
    Activate_USART3_RXIT                     0x080002b9   Thumb Code    20  usart.o(i.Activate_USART3_RXIT)
    BusFault_Handler                         0x080002d1   Thumb Code     2  stm32f4xx_it.o(i.BusFault_Handler)
    CC1101CalcRSSI_dBm                       0x080002d3   Thumb Code    26  cc1101.o(i.CC1101CalcRSSI_dBm)
    CC1101ClrRXBuff                          0x080002ed   Thumb Code    18  cc1101.o(i.CC1101ClrRXBuff)
    CC1101ClrTXBuff                          0x080002ff   Thumb Code    18  cc1101.o(i.CC1101ClrTXBuff)
    CC1101GetRXCnt                           0x08000311   Thumb Code    14  cc1101.o(i.CC1101GetRXCnt)
    CC1101Init                               0x08000321   Thumb Code    98  cc1101.o(i.CC1101Init)
    CC1101ReadMultiReg                       0x0800038d   Thumb Code    74  cc1101.o(i.CC1101ReadMultiReg)
    CC1101ReadReg                            0x080003dd   Thumb Code    46  cc1101.o(i.CC1101ReadReg)
    CC1101ReadStatus                         0x08000411   Thumb Code    46  cc1101.o(i.CC1101ReadStatus)
    CC1101RecPacket                          0x08000445   Thumb Code   172  cc1101.o(i.CC1101RecPacket)
    CC1101Reset                              0x080004f5   Thumb Code    66  cc1101.o(i.CC1101Reset)
    CC1101SendPacket                         0x0800053d   Thumb Code   188  cc1101.o(i.CC1101SendPacket)
    CC1101SetAddress                         0x080005fd   Thumb Code    22  cc1101.o(i.CC1101SetAddress)
    CC1101SetSYNC                            0x08000613   Thumb Code    24  cc1101.o(i.CC1101SetSYNC)
    CC1101SetTRMode                          0x0800062b   Thumb Code    56  cc1101.o(i.CC1101SetTRMode)
    CC1101SetWORMode                         0x08000663   Thumb Code    32  cc1101.o(i.CC1101SetWORMode)
    CC1101WORInit                            0x08000683   Thumb Code    46  cc1101.o(i.CC1101WORInit)
    CC1101WriteCmd                           0x080006b1   Thumb Code    36  cc1101.o(i.CC1101WriteCmd)
    CC1101WriteMultiReg                      0x080006d9   Thumb Code    62  cc1101.o(i.CC1101WriteMultiReg)
    CC1101WriteReg                           0x0800071d   Thumb Code    44  cc1101.o(i.CC1101WriteReg)
    Check_Assign_RFID                        0x0800074d   Thumb Code   270  main.o(i.Check_Assign_RFID)
    DebugMon_Handler                         0x08000875   Thumb Code     2  stm32f4xx_it.o(i.DebugMon_Handler)
    EXTI0_IRQHandler                         0x08000879   Thumb Code    16  stm32f4xx_it.o(i.EXTI0_IRQHandler)
    EXTI1_IRQHandler                         0x0800088d   Thumb Code    16  stm32f4xx_it.o(i.EXTI1_IRQHandler)
    Error_Callback                           0x080008a1   Thumb Code    90  usart.o(i.Error_Callback)
    Error_Handler                            0x08000909   Thumb Code     2  main.o(i.Error_Handler)
    FM25L256Read                             0x0800090d   Thumb Code    62  fram.o(i.FM25L256Read)
    FM25L256Write                            0x08000951   Thumb Code    86  fram.o(i.FM25L256Write)
    FM25L256WriteEnable                      0x080009ad   Thumb Code    48  fram.o(i.FM25L256WriteEnable)
    FRAM_Ctrl                                0x080009e1   Thumb Code   256  fram.o(i.FRAM_Ctrl)
    Function_Ctrl                            0x08000b25   Thumb Code   110  main.o(i.Function_Ctrl)
    GetRTC                                   0x08000bad   Thumb Code    28  rtc.o(i.GetRTC)
    HAL_Delay                                0x08000bcd   Thumb Code    32  stm32f4xx_hal.o(i.HAL_Delay)
    HAL_GPIO_EXTI_Callback                   0x08000bf1   Thumb Code     2  stm32f4xx_hal_gpio.o(i.HAL_GPIO_EXTI_Callback)
    HAL_GPIO_EXTI_IRQHandler                 0x08000bf5   Thumb Code    18  stm32f4xx_hal_gpio.o(i.HAL_GPIO_EXTI_IRQHandler)
    HAL_GPIO_Init                            0x08000c0d   Thumb Code   394  stm32f4xx_hal_gpio.o(i.HAL_GPIO_Init)
    HAL_GPIO_TogglePin                       0x08000dc5   Thumb Code    14  stm32f4xx_hal_gpio.o(i.HAL_GPIO_TogglePin)
    HAL_GPIO_WritePin                        0x08000dd3   Thumb Code    10  stm32f4xx_hal_gpio.o(i.HAL_GPIO_WritePin)
    HAL_GetTick                              0x08000ddd   Thumb Code     6  stm32f4xx_hal.o(i.HAL_GetTick)
    HAL_IncTick                              0x08000de9   Thumb Code    12  stm32f4xx_hal.o(i.HAL_IncTick)
    HAL_Init                                 0x08000df9   Thumb Code    48  stm32f4xx_hal.o(i.HAL_Init)
    HAL_InitTick                             0x08000e2d   Thumb Code    54  stm32f4xx_hal.o(i.HAL_InitTick)
    HAL_MspInit                              0x08000e6d   Thumb Code    42  stm32f4xx_hal_msp.o(i.HAL_MspInit)
    HAL_NVIC_DisableIRQ                      0x08000e9d   Thumb Code    34  stm32f4xx_hal_cortex.o(i.HAL_NVIC_DisableIRQ)
    HAL_NVIC_EnableIRQ                       0x08000ebf   Thumb Code    26  stm32f4xx_hal_cortex.o(i.HAL_NVIC_EnableIRQ)
    HAL_NVIC_SetPriority                     0x08000ed9   Thumb Code    60  stm32f4xx_hal_cortex.o(i.HAL_NVIC_SetPriority)
    HAL_NVIC_SetPriorityGrouping             0x08000f19   Thumb Code    26  stm32f4xx_hal_cortex.o(i.HAL_NVIC_SetPriorityGrouping)
    HAL_RCCEx_PeriphCLKConfig                0x08000f3d   Thumb Code   296  stm32f4xx_hal_rcc_ex.o(i.HAL_RCCEx_PeriphCLKConfig)
    HAL_RCC_ClockConfig                      0x08001079   Thumb Code   288  stm32f4xx_hal_rcc.o(i.HAL_RCC_ClockConfig)
    HAL_RCC_GetSysClockFreq                  0x080011ad   Thumb Code    88  stm32f4xx_hal_rcc.o(i.HAL_RCC_GetSysClockFreq)
    HAL_RCC_OscConfig                        0x0800120d   Thumb Code   840  stm32f4xx_hal_rcc.o(i.HAL_RCC_OscConfig)
    HAL_RTC_GetDate                          0x08001569   Thumb Code    62  stm32f4xx_hal_rtc.o(i.HAL_RTC_GetDate)
    HAL_RTC_GetTime                          0x080015ad   Thumb Code    82  stm32f4xx_hal_rtc.o(i.HAL_RTC_GetTime)
    HAL_RTC_Init                             0x08001605   Thumb Code   166  stm32f4xx_hal_rtc.o(i.HAL_RTC_Init)
    HAL_RTC_MspInit                          0x080016b1   Thumb Code    16  rtc.o(i.HAL_RTC_MspInit)
    HAL_RTC_SetDate                          0x080016c9   Thumb Code   194  stm32f4xx_hal_rtc.o(i.HAL_RTC_SetDate)
    HAL_RTC_SetTime                          0x08001791   Thumb Code   230  stm32f4xx_hal_rtc.o(i.HAL_RTC_SetTime)
    HAL_RTC_WaitForSynchro                   0x0800187d   Thumb Code    54  stm32f4xx_hal_rtc.o(i.HAL_RTC_WaitForSynchro)
    HAL_SYSTICK_Config                       0x080018b3   Thumb Code    40  stm32f4xx_hal_cortex.o(i.HAL_SYSTICK_Config)
    HAL_TIMEx_BreakCallback                  0x080018db   Thumb Code     2  stm32f4xx_hal_tim_ex.o(i.HAL_TIMEx_BreakCallback)
    HAL_TIMEx_CommutCallback                 0x080018dd   Thumb Code     2  stm32f4xx_hal_tim_ex.o(i.HAL_TIMEx_CommutCallback)
    HAL_TIMEx_MasterConfigSynchronization    0x080018e1   Thumb Code   116  stm32f4xx_hal_tim_ex.o(i.HAL_TIMEx_MasterConfigSynchronization)
    HAL_TIM_Base_Init                        0x08001971   Thumb Code    54  stm32f4xx_hal_tim.o(i.HAL_TIM_Base_Init)
    HAL_TIM_Base_MspInit                     0x080019a9   Thumb Code    50  tim.o(i.HAL_TIM_Base_MspInit)
    HAL_TIM_Base_Start_IT                    0x080019e5   Thumb Code    34  stm32f4xx_hal_tim.o(i.HAL_TIM_Base_Start_IT)
    HAL_TIM_IC_CaptureCallback               0x08001a07   Thumb Code     2  stm32f4xx_hal_tim.o(i.HAL_TIM_IC_CaptureCallback)
    HAL_TIM_IRQHandler                       0x08001a09   Thumb Code   358  stm32f4xx_hal_tim.o(i.HAL_TIM_IRQHandler)
    HAL_TIM_OC_DelayElapsedCallback          0x08001b6f   Thumb Code     2  stm32f4xx_hal_tim.o(i.HAL_TIM_OC_DelayElapsedCallback)
    HAL_TIM_PWM_PulseFinishedCallback        0x08001b71   Thumb Code     2  stm32f4xx_hal_tim.o(i.HAL_TIM_PWM_PulseFinishedCallback)
    HAL_TIM_PeriodElapsedCallback            0x08001b73   Thumb Code     2  stm32f4xx_hal_tim.o(i.HAL_TIM_PeriodElapsedCallback)
    HAL_TIM_TriggerCallback                  0x08001b75   Thumb Code     2  stm32f4xx_hal_tim.o(i.HAL_TIM_TriggerCallback)
    HardFault_Handler                        0x08001b77   Thumb Code     2  stm32f4xx_it.o(i.HardFault_Handler)
    Init_RFID_Info                           0x08001b79   Thumb Code    98  fram.o(i.Init_RFID_Info)
    LL_GPIO_Init                             0x08001c39   Thumb Code   310  stm32f4xx_ll_gpio.o(i.LL_GPIO_Init)
    LL_RCC_GetSystemClocksFreq               0x08001d6f   Thumb Code    32  stm32f4xx_ll_rcc.o(i.LL_RCC_GetSystemClocksFreq)
    LL_SPI_Init                              0x08001d8f   Thumb Code   100  stm32f4xx_ll_spi.o(i.LL_SPI_Init)
    LL_USART_DeInit                          0x08001df5   Thumb Code   118  stm32f4xx_ll_usart.o(i.LL_USART_DeInit)
    LL_USART_Init                            0x08001e89   Thumb Code   136  stm32f4xx_ll_usart.o(i.LL_USART_Init)
    MOD_GPRS_RESET                           0x08001fd9   Thumb Code    54  gpio.o(i.MOD_GPRS_RESET)
    MX_GPIO_Init                             0x08002031   Thumb Code   398  gpio.o(i.MX_GPIO_Init)
    MX_IWDG_Init                             0x080021e1   Thumb Code    38  iwdg.o(i.MX_IWDG_Init)
    MX_RTC_Init                              0x0800220d   Thumb Code   120  rtc.o(i.MX_RTC_Init)
    MX_SPI2_Init                             0x0800228d   Thumb Code   142  spi.o(i.MX_SPI2_Init)
    MX_TIM6_Init                             0x08002329   Thumb Code    62  tim.o(i.MX_TIM6_Init)
    MX_USART3_UART_Init                      0x08002371   Thumb Code   184  usart.o(i.MX_USART3_UART_Init)
    MemManage_Handler                        0x08002439   Thumb Code     2  stm32f4xx_it.o(i.MemManage_Handler)
    NMI_Handler                              0x0800243b   Thumb Code     2  stm32f4xx_it.o(i.NMI_Handler)
    PendSV_Handler                           0x0800243d   Thumb Code     2  stm32f4xx_it.o(i.PendSV_Handler)
    Polling_All_RFID                         0x08002441   Thumb Code   230  main.o(i.Polling_All_RFID)
    RCC_GetHCLKClockFreq                     0x08002539   Thumb Code    18  stm32f4xx_ll_rcc.o(i.RCC_GetHCLKClockFreq)
    RCC_GetPCLK1ClockFreq                    0x08002555   Thumb Code    20  stm32f4xx_ll_rcc.o(i.RCC_GetPCLK1ClockFreq)
    RCC_GetPCLK2ClockFreq                    0x08002571   Thumb Code    20  stm32f4xx_ll_rcc.o(i.RCC_GetPCLK2ClockFreq)
    RCC_GetSystemClockFreq                   0x0800258d   Thumb Code    30  stm32f4xx_ll_rcc.o(i.RCC_GetSystemClockFreq)
    RCC_PLL_GetFreqDomain_SYS                0x080025b9   Thumb Code    68  stm32f4xx_ll_rcc.o(i.RCC_PLL_GetFreqDomain_SYS)
    RFIDInitial                              0x08002605   Thumb Code    54  cc1101.o(i.RFIDInitial)
    RF_Acknowledge                           0x08002641   Thumb Code   262  main.o(i.RF_Acknowledge)
    RF_SendPacket                            0x08002759   Thumb Code   180  main.o(i.RF_SendPacket)
    RTC_Bcd2ToByte                           0x08002811   Thumb Code    18  stm32f4xx_hal_rtc.o(i.RTC_Bcd2ToByte)
    RTC_ByteToBcd2                           0x08002823   Thumb Code    22  stm32f4xx_hal_rtc.o(i.RTC_ByteToBcd2)
    RTC_EnterInitMode                        0x08002839   Thumb Code    58  stm32f4xx_hal_rtc.o(i.RTC_EnterInitMode)
    Reply_PC                                 0x08002875   Thumb Code   426  main.o(i.Reply_PC)
    SPI_ExchangeByte                         0x08002abd   Thumb Code    32  spi.o(i.SPI_ExchangeByte)
    SVC_Handler                              0x08002ae1   Thumb Code     2  stm32f4xx_it.o(i.SVC_Handler)
    SetRTC                                   0x08002ae5   Thumb Code   104  rtc.o(i.SetRTC)
    Show_Message                             0x08002b51   Thumb Code    52  main.o(i.Show_Message)
    SpiFunction                              0x08002bf9   Thumb Code    46  spi.o(i.SpiFunction)
    SysTick_Handler                          0x08002c27   Thumb Code     4  stm32f4xx_it.o(i.SysTick_Handler)
    SystemClock_Config                       0x08002c2d   Thumb Code   154  main.o(i.SystemClock_Config)
    SystemInit                               0x08002cd1   Thumb Code    22  system_stm32f4xx.o(i.SystemInit)
    TIM6_DAC_IRQHandler                      0x08002ced   Thumb Code    26  stm32f4xx_it.o(i.TIM6_DAC_IRQHandler)
    TIM_Base_SetConfig                       0x08002d15   Thumb Code   156  stm32f4xx_hal_tim.o(i.TIM_Base_SetConfig)
    USART3_IRQHandler                        0x08002ddd   Thumb Code    26  stm32f4xx_it.o(i.USART3_IRQHandler)
    USART_CharReception_Callback             0x08002dfd   Thumb Code    54  usart.o(i.USART_CharReception_Callback)
    UsageFault_Handler                       0x08002e41   Thumb Code     2  stm32f4xx_it.o(i.UsageFault_Handler)
    __0printf$5                              0x08002e45   Thumb Code    22  printf5.o(i.__0printf$5)
    __1printf$5                              0x08002e45   Thumb Code     0  printf5.o(i.__0printf$5)
    __2printf                                0x08002e45   Thumb Code     0  printf5.o(i.__0printf$5)
    __scatterload_copy                       0x08002e85   Thumb Code    14  handlers.o(i.__scatterload_copy)
    __scatterload_null                       0x08002e93   Thumb Code     2  handlers.o(i.__scatterload_null)
    __scatterload_zeroinit                   0x08002e95   Thumb Code    14  handlers.o(i.__scatterload_zeroinit)
    fputc                                    0x08003165   Thumb Code    14  usart.o(i.fputc)
    main                                     0x08003179   Thumb Code   248  main.o(i.main)
    AHBPrescTable                            0x08003332   Data          16  system_stm32f4xx.o(.constdata)
    APBPrescTable                            0x08003342   Data           8  system_stm32f4xx.o(.constdata)
    Region$$Table$$Base                      0x0800334c   Number         0  anon$$obj.o(Region$$Table)
    Region$$Table$$Limit                     0x0800336c   Number         0  anon$$obj.o(Region$$Table)
    rxCatch                                  0x20000000   Data           1  cc1101.o(.data)
    txFiFoUnFlow                             0x20000001   Data           1  cc1101.o(.data)
    PaTabel                                  0x20000002   Data           8  cc1101.o(.data)
    MBID_byte1                               0x2000000a   Data           1  fram.o(.data)
    MBID_byte2                               0x2000000b   Data           1  fram.o(.data)
    INTERVAL                                 0x2000000c   Data           2  fram.o(.data)
    Chip_Addr                                0x2000000e   Data           1  main.o(.data)
    RSSI                                     0x2000000f   Data           1  main.o(.data)
    length                                   0x20000010   Data           1  main.o(.data)
    RxCounter                                0x20000011   Data           1  usart.o(.data)
    CommandState                             0x20000012   Data           1  usart.o(.data)
    basetime                                 0x20000014   Data           4  stm32f4xx_it.o(.data)
    uwTickFreq                               0x20000018   Data           1  stm32f4xx_hal.o(.data)
    uwTickPrio                               0x2000001c   Data           4  stm32f4xx_hal.o(.data)
    uwTick                                   0x20000020   Data           4  stm32f4xx_hal.o(.data)
    SystemCoreClock                          0x20000024   Data           4  system_stm32f4xx.o(.data)
    __stdout                                 0x20000028   Data           4  stdout.o(.data)
    RFID_init                                0x2000002c   Data       32736  fram.o(.bss)
    FRAM_Data                                0x2000800c   Data          16  fram.o(.bss)
    recvBuffer                               0x2000801c   Data         255  main.o(.bss)
    ackBuffer                                0x2000811b   Data         255  main.o(.bss)
    hrtc                                     0x2000821c   Data          32  rtc.o(.bss)
    htim6                                    0x2000823c   Data          64  tim.o(.bss)
    RxBuffer                                 0x2000827c   Data          21  usart.o(.bss)
    __initial_sp                             0x20008698   Data           0  startup_stm32f407xx.o(STACK)



==============================================================================

Memory Map of the image

  Image Entry point : 0x08000189

  Load Region LR_IROM1 (Base: 0x08000000, Size: 0x00003398, Max: 0x00100000, ABSOLUTE)

    Execution Region ER_IROM1 (Exec base: 0x08000000, Load base: 0x08000000, Size: 0x0000336c, Max: 0x00100000, ABSOLUTE)

    Exec Addr    Load Addr    Size         Type   Attr      Idx    E Section Name        Object

    0x08000000   0x08000000   0x00000188   Data   RO            3    RESET               startup_stm32f407xx.o
    0x08000188   0x08000188   0x00000000   Code   RO         3815  * .ARM.Collect$$$$00000000  mc_w.l(entry.o)
    0x08000188   0x08000188   0x00000004   Code   RO         4083    .ARM.Collect$$$$00000001  mc_w.l(entry2.o)
    0x0800018c   0x0800018c   0x00000004   Code   RO         4086    .ARM.Collect$$$$00000004  mc_w.l(entry5.o)
    0x08000190   0x08000190   0x00000000   Code   RO         4088    .ARM.Collect$$$$00000008  mc_w.l(entry7b.o)
    0x08000190   0x08000190   0x00000000   Code   RO         4090    .ARM.Collect$$$$0000000A  mc_w.l(entry8b.o)
    0x08000190   0x08000190   0x00000008   Code   RO         4091    .ARM.Collect$$$$0000000B  mc_w.l(entry9a.o)
    0x08000198   0x08000198   0x00000000   Code   RO         4093    .ARM.Collect$$$$0000000D  mc_w.l(entry10a.o)
    0x08000198   0x08000198   0x00000000   Code   RO         4095    .ARM.Collect$$$$0000000F  mc_w.l(entry11a.o)
    0x08000198   0x08000198   0x00000004   Code   RO         4084    .ARM.Collect$$$$00002712  mc_w.l(entry2.o)
    0x0800019c   0x0800019c   0x00000024   Code   RO            4    .text               startup_stm32f407xx.o
    0x080001c0   0x080001c0   0x00000062   Code   RO         3818    .text               mc_w.l(uldiv.o)
    0x08000222   0x08000222   0x00000024   Code   RO         3820    .text               mc_w.l(memseta.o)
    0x08000246   0x08000246   0x0000001e   Code   RO         4100    .text               mc_w.l(llshl.o)
    0x08000264   0x08000264   0x00000020   Code   RO         4102    .text               mc_w.l(llushr.o)
    0x08000284   0x08000284   0x00000024   Code   RO         4115    .text               mc_w.l(init.o)
    0x080002a8   0x080002a8   0x00000010   Code   RO          593    i.Activate_SPI      spi.o
    0x080002b8   0x080002b8   0x00000018   Code   RO          683    i.Activate_USART3_RXIT  usart.o
    0x080002d0   0x080002d0   0x00000002   Code   RO          764    i.BusFault_Handler  stm32f4xx_it.o
    0x080002d2   0x080002d2   0x0000001a   Code   RO           13    i.CC1101CalcRSSI_dBm  cc1101.o
    0x080002ec   0x080002ec   0x00000012   Code   RO           14    i.CC1101ClrRXBuff   cc1101.o
    0x080002fe   0x080002fe   0x00000012   Code   RO           15    i.CC1101ClrTXBuff   cc1101.o
    0x08000310   0x08000310   0x0000000e   Code   RO           16    i.CC1101GetRXCnt    cc1101.o
    0x0800031e   0x0800031e   0x00000002   PAD
    0x08000320   0x08000320   0x0000006c   Code   RO           17    i.CC1101Init        cc1101.o
    0x0800038c   0x0800038c   0x00000050   Code   RO           18    i.CC1101ReadMultiReg  cc1101.o
    0x080003dc   0x080003dc   0x00000034   Code   RO           20    i.CC1101ReadReg     cc1101.o
    0x08000410   0x08000410   0x00000034   Code   RO           21    i.CC1101ReadStatus  cc1101.o
    0x08000444   0x08000444   0x000000b0   Code   RO           22    i.CC1101RecPacket   cc1101.o
    0x080004f4   0x080004f4   0x00000048   Code   RO           23    i.CC1101Reset       cc1101.o
    0x0800053c   0x0800053c   0x000000c0   Code   RO           24    i.CC1101SendPacket  cc1101.o
    0x080005fc   0x080005fc   0x00000016   Code   RO           25    i.CC1101SetAddress  cc1101.o
    0x08000612   0x08000612   0x00000018   Code   RO           27    i.CC1101SetSYNC     cc1101.o
    0x0800062a   0x0800062a   0x00000038   Code   RO           28    i.CC1101SetTRMode   cc1101.o
    0x08000662   0x08000662   0x00000020   Code   RO           29    i.CC1101SetWORMode  cc1101.o
    0x08000682   0x08000682   0x0000002e   Code   RO           30    i.CC1101WORInit     cc1101.o
    0x080006b0   0x080006b0   0x00000028   Code   RO           31    i.CC1101WriteCmd    cc1101.o
    0x080006d8   0x080006d8   0x00000044   Code   RO           32    i.CC1101WriteMultiReg  cc1101.o
    0x0800071c   0x0800071c   0x00000030   Code   RO           33    i.CC1101WriteReg    cc1101.o
    0x0800074c   0x0800074c   0x00000128   Code   RO          385    i.Check_Assign_RFID  main.o
    0x08000874   0x08000874   0x00000002   Code   RO          765    i.DebugMon_Handler  stm32f4xx_it.o
    0x08000876   0x08000876   0x00000002   PAD
    0x08000878   0x08000878   0x00000014   Code   RO          766    i.EXTI0_IRQHandler  stm32f4xx_it.o
    0x0800088c   0x0800088c   0x00000014   Code   RO          767    i.EXTI1_IRQHandler  stm32f4xx_it.o
    0x080008a0   0x080008a0   0x00000068   Code   RO          684    i.Error_Callback    usart.o
    0x08000908   0x08000908   0x00000002   Code   RO          386    i.Error_Handler     main.o
    0x0800090a   0x0800090a   0x00000002   PAD
    0x0800090c   0x0800090c   0x00000044   Code   RO          312    i.FM25L256Read      fram.o
    0x08000950   0x08000950   0x0000005c   Code   RO          314    i.FM25L256Write     fram.o
    0x080009ac   0x080009ac   0x00000034   Code   RO          316    i.FM25L256WriteEnable  fram.o
    0x080009e0   0x080009e0   0x00000144   Code   RO          318    i.FRAM_Ctrl         fram.o
    0x08000b24   0x08000b24   0x00000088   Code   RO          387    i.Function_Ctrl     main.o
    0x08000bac   0x08000bac   0x00000020   Code   RO          539    i.GetRTC            rtc.o
    0x08000bcc   0x08000bcc   0x00000024   Code   RO         1827    i.HAL_Delay         stm32f4xx_hal.o
    0x08000bf0   0x08000bf0   0x00000002   Code   RO         1299    i.HAL_GPIO_EXTI_Callback  stm32f4xx_hal_gpio.o
    0x08000bf2   0x08000bf2   0x00000002   PAD
    0x08000bf4   0x08000bf4   0x00000018   Code   RO         1300    i.HAL_GPIO_EXTI_IRQHandler  stm32f4xx_hal_gpio.o
    0x08000c0c   0x08000c0c   0x000001b8   Code   RO         1301    i.HAL_GPIO_Init     stm32f4xx_hal_gpio.o
    0x08000dc4   0x08000dc4   0x0000000e   Code   RO         1304    i.HAL_GPIO_TogglePin  stm32f4xx_hal_gpio.o
    0x08000dd2   0x08000dd2   0x0000000a   Code   RO         1305    i.HAL_GPIO_WritePin  stm32f4xx_hal_gpio.o
    0x08000ddc   0x08000ddc   0x0000000c   Code   RO         1833    i.HAL_GetTick       stm32f4xx_hal.o
    0x08000de8   0x08000de8   0x00000010   Code   RO         1839    i.HAL_IncTick       stm32f4xx_hal.o
    0x08000df8   0x08000df8   0x00000034   Code   RO         1840    i.HAL_Init          stm32f4xx_hal.o
    0x08000e2c   0x08000e2c   0x00000040   Code   RO         1841    i.HAL_InitTick      stm32f4xx_hal.o
    0x08000e6c   0x08000e6c   0x00000030   Code   RO          870    i.HAL_MspInit       stm32f4xx_hal_msp.o
    0x08000e9c   0x08000e9c   0x00000022   Code   RO         1689    i.HAL_NVIC_DisableIRQ  stm32f4xx_hal_cortex.o
    0x08000ebe   0x08000ebe   0x0000001a   Code   RO         1690    i.HAL_NVIC_EnableIRQ  stm32f4xx_hal_cortex.o
    0x08000ed8   0x08000ed8   0x00000040   Code   RO         1696    i.HAL_NVIC_SetPriority  stm32f4xx_hal_cortex.o
    0x08000f18   0x08000f18   0x00000024   Code   RO         1697    i.HAL_NVIC_SetPriorityGrouping  stm32f4xx_hal_cortex.o
    0x08000f3c   0x08000f3c   0x0000013c   Code   RO         1052    i.HAL_RCCEx_PeriphCLKConfig  stm32f4xx_hal_rcc_ex.o
    0x08001078   0x08001078   0x00000134   Code   RO          947    i.HAL_RCC_ClockConfig  stm32f4xx_hal_rcc.o
    0x080011ac   0x080011ac   0x00000060   Code   RO          956    i.HAL_RCC_GetSysClockFreq  stm32f4xx_hal_rcc.o
    0x0800120c   0x0800120c   0x0000035c   Code   RO          959    i.HAL_RCC_OscConfig  stm32f4xx_hal_rcc.o
    0x08001568   0x08001568   0x00000044   Code   RO         2308    i.HAL_RTC_GetDate   stm32f4xx_hal_rtc.o
    0x080015ac   0x080015ac   0x00000058   Code   RO         2310    i.HAL_RTC_GetTime   stm32f4xx_hal_rtc.o
    0x08001604   0x08001604   0x000000ac   Code   RO         2311    i.HAL_RTC_Init      stm32f4xx_hal_rtc.o
    0x080016b0   0x080016b0   0x00000018   Code   RO          541    i.HAL_RTC_MspInit   rtc.o
    0x080016c8   0x080016c8   0x000000c8   Code   RO         2317    i.HAL_RTC_SetDate   stm32f4xx_hal_rtc.o
    0x08001790   0x08001790   0x000000ec   Code   RO         2318    i.HAL_RTC_SetTime   stm32f4xx_hal_rtc.o
    0x0800187c   0x0800187c   0x00000036   Code   RO         2319    i.HAL_RTC_WaitForSynchro  stm32f4xx_hal_rtc.o
    0x080018b2   0x080018b2   0x00000028   Code   RO         1701    i.HAL_SYSTICK_Config  stm32f4xx_hal_cortex.o
    0x080018da   0x080018da   0x00000002   Code   RO         3463    i.HAL_TIMEx_BreakCallback  stm32f4xx_hal_tim_ex.o
    0x080018dc   0x080018dc   0x00000002   Code   RO         3464    i.HAL_TIMEx_CommutCallback  stm32f4xx_hal_tim_ex.o
    0x080018de   0x080018de   0x00000002   PAD
    0x080018e0   0x080018e0   0x00000090   Code   RO         3481    i.HAL_TIMEx_MasterConfigSynchronization  stm32f4xx_hal_tim_ex.o
    0x08001970   0x08001970   0x00000036   Code   RO         2788    i.HAL_TIM_Base_Init  stm32f4xx_hal_tim.o
    0x080019a6   0x080019a6   0x00000002   PAD
    0x080019a8   0x080019a8   0x0000003c   Code   RO          642    i.HAL_TIM_Base_MspInit  tim.o
    0x080019e4   0x080019e4   0x00000022   Code   RO         2793    i.HAL_TIM_Base_Start_IT  stm32f4xx_hal_tim.o
    0x08001a06   0x08001a06   0x00000002   Code   RO         2817    i.HAL_TIM_IC_CaptureCallback  stm32f4xx_hal_tim.o
    0x08001a08   0x08001a08   0x00000166   Code   RO         2831    i.HAL_TIM_IRQHandler  stm32f4xx_hal_tim.o
    0x08001b6e   0x08001b6e   0x00000002   Code   RO         2834    i.HAL_TIM_OC_DelayElapsedCallback  stm32f4xx_hal_tim.o
    0x08001b70   0x08001b70   0x00000002   Code   RO         2861    i.HAL_TIM_PWM_PulseFinishedCallback  stm32f4xx_hal_tim.o
    0x08001b72   0x08001b72   0x00000002   Code   RO         2869    i.HAL_TIM_PeriodElapsedCallback  stm32f4xx_hal_tim.o
    0x08001b74   0x08001b74   0x00000002   Code   RO         2874    i.HAL_TIM_TriggerCallback  stm32f4xx_hal_tim.o
    0x08001b76   0x08001b76   0x00000002   Code   RO          768    i.HardFault_Handler  stm32f4xx_it.o
    0x08001b78   0x08001b78   0x00000070   Code   RO          319    i.Init_RFID_Info    fram.o
    0x08001be8   0x08001be8   0x00000018   Code   RO          685    i.LL_AHB1_GRP1_EnableClock  usart.o
    0x08001c00   0x08001c00   0x00000018   Code   RO          686    i.LL_APB1_GRP1_EnableClock  usart.o
    0x08001c18   0x08001c18   0x00000010   Code   RO         3714    i.LL_APB1_GRP1_ForceReset  stm32f4xx_ll_usart.o
    0x08001c28   0x08001c28   0x00000010   Code   RO         3715    i.LL_APB1_GRP1_ReleaseReset  stm32f4xx_ll_usart.o
    0x08001c38   0x08001c38   0x00000136   Code   RO          897    i.LL_GPIO_Init      stm32f4xx_ll_gpio.o
    0x08001d6e   0x08001d6e   0x00000020   Code   RO         2082    i.LL_RCC_GetSystemClocksFreq  stm32f4xx_ll_rcc.o
    0x08001d8e   0x08001d8e   0x00000064   Code   RO         2674    i.LL_SPI_Init       stm32f4xx_ll_spi.o
    0x08001df2   0x08001df2   0x00000002   PAD
    0x08001df4   0x08001df4   0x00000094   Code   RO         3718    i.LL_USART_DeInit   stm32f4xx_ll_usart.o
    0x08001e88   0x08001e88   0x000000a0   Code   RO         3719    i.LL_USART_Init     stm32f4xx_ll_usart.o
    0x08001f28   0x08001f28   0x000000b0   Code   RO         3720    i.LL_USART_SetBaudRate  stm32f4xx_ll_usart.o
    0x08001fd8   0x08001fd8   0x00000058   Code   RO          482    i.MOD_GPRS_RESET    gpio.o
    0x08002030   0x08002030   0x000001b0   Code   RO          483    i.MX_GPIO_Init      gpio.o
    0x080021e0   0x080021e0   0x0000002c   Code   RO          512    i.MX_IWDG_Init      iwdg.o
    0x0800220c   0x0800220c   0x00000080   Code   RO          542    i.MX_RTC_Init       rtc.o
    0x0800228c   0x0800228c   0x0000009c   Code   RO          594    i.MX_SPI2_Init      spi.o
    0x08002328   0x08002328   0x00000048   Code   RO          643    i.MX_TIM6_Init      tim.o
    0x08002370   0x08002370   0x000000c8   Code   RO          688    i.MX_USART3_UART_Init  usart.o
    0x08002438   0x08002438   0x00000002   Code   RO          769    i.MemManage_Handler  stm32f4xx_it.o
    0x0800243a   0x0800243a   0x00000002   Code   RO          770    i.NMI_Handler       stm32f4xx_it.o
    0x0800243c   0x0800243c   0x00000002   Code   RO          771    i.PendSV_Handler    stm32f4xx_it.o
    0x0800243e   0x0800243e   0x00000002   PAD
    0x08002440   0x08002440   0x000000f8   Code   RO          388    i.Polling_All_RFID  main.o
    0x08002538   0x08002538   0x0000001c   Code   RO         2085    i.RCC_GetHCLKClockFreq  stm32f4xx_ll_rcc.o
    0x08002554   0x08002554   0x0000001c   Code   RO         2086    i.RCC_GetPCLK1ClockFreq  stm32f4xx_ll_rcc.o
    0x08002570   0x08002570   0x0000001c   Code   RO         2087    i.RCC_GetPCLK2ClockFreq  stm32f4xx_ll_rcc.o
    0x0800258c   0x0800258c   0x0000002c   Code   RO         2088    i.RCC_GetSystemClockFreq  stm32f4xx_ll_rcc.o
    0x080025b8   0x080025b8   0x0000004c   Code   RO         2091    i.RCC_PLL_GetFreqDomain_SYS  stm32f4xx_ll_rcc.o
    0x08002604   0x08002604   0x0000003c   Code   RO           34    i.RFIDInitial       cc1101.o
    0x08002640   0x08002640   0x00000118   Code   RO          389    i.RF_Acknowledge    main.o
    0x08002758   0x08002758   0x000000b8   Code   RO          390    i.RF_SendPacket     main.o
    0x08002810   0x08002810   0x00000012   Code   RO         2320    i.RTC_Bcd2ToByte    stm32f4xx_hal_rtc.o
    0x08002822   0x08002822   0x00000016   Code   RO         2321    i.RTC_ByteToBcd2    stm32f4xx_hal_rtc.o
    0x08002838   0x08002838   0x0000003a   Code   RO         2322    i.RTC_EnterInitMode  stm32f4xx_hal_rtc.o
    0x08002872   0x08002872   0x00000002   PAD
    0x08002874   0x08002874   0x00000248   Code   RO          391    i.Reply_PC          main.o
    0x08002abc   0x08002abc   0x00000024   Code   RO          595    i.SPI_ExchangeByte  spi.o
    0x08002ae0   0x08002ae0   0x00000002   Code   RO          772    i.SVC_Handler       stm32f4xx_it.o
    0x08002ae2   0x08002ae2   0x00000002   PAD
    0x08002ae4   0x08002ae4   0x0000006c   Code   RO          543    i.SetRTC            rtc.o
    0x08002b50   0x08002b50   0x000000a8   Code   RO          392    i.Show_Message      main.o
    0x08002bf8   0x08002bf8   0x0000002e   Code   RO          596    i.SpiFunction       spi.o
    0x08002c26   0x08002c26   0x00000004   Code   RO          773    i.SysTick_Handler   stm32f4xx_it.o
    0x08002c2a   0x08002c2a   0x00000002   PAD
    0x08002c2c   0x08002c2c   0x000000a4   Code   RO          393    i.SystemClock_Config  main.o
    0x08002cd0   0x08002cd0   0x0000001c   Code   RO         3781    i.SystemInit        system_stm32f4xx.o
    0x08002cec   0x08002cec   0x00000028   Code   RO          774    i.TIM6_DAC_IRQHandler  stm32f4xx_it.o
    0x08002d14   0x08002d14   0x000000c8   Code   RO         2876    i.TIM_Base_SetConfig  stm32f4xx_hal_tim.o
    0x08002ddc   0x08002ddc   0x00000020   Code   RO          775    i.USART3_IRQHandler  stm32f4xx_it.o
    0x08002dfc   0x08002dfc   0x00000044   Code   RO          690    i.USART_CharReception_Callback  usart.o
    0x08002e40   0x08002e40   0x00000002   Code   RO          776    i.UsageFault_Handler  stm32f4xx_it.o
    0x08002e42   0x08002e42   0x00000002   PAD
    0x08002e44   0x08002e44   0x00000020   Code   RO         3955    i.__0printf$5       mc_w.l(printf5.o)
    0x08002e64   0x08002e64   0x00000020   Code   RO         1703    i.__NVIC_SetPriority  stm32f4xx_hal_cortex.o
    0x08002e84   0x08002e84   0x0000000e   Code   RO         4123    i.__scatterload_copy  mc_w.l(handlers.o)
    0x08002e92   0x08002e92   0x00000002   Code   RO         4124    i.__scatterload_null  mc_w.l(handlers.o)
    0x08002e94   0x08002e94   0x0000000e   Code   RO         4125    i.__scatterload_zeroinit  mc_w.l(handlers.o)
    0x08002ea2   0x08002ea2   0x00000002   PAD
    0x08002ea4   0x08002ea4   0x000002c0   Code   RO         3962    i._printf_core      mc_w.l(printf5.o)
    0x08003164   0x08003164   0x00000014   Code   RO          691    i.fputc             usart.o
    0x08003178   0x08003178   0x0000015c   Code   RO          394    i.main              main.o
    0x080032d4   0x080032d4   0x0000005e   Data   RO           35    .constdata          cc1101.o
    0x08003332   0x08003332   0x00000010   Data   RO         3782    .constdata          system_stm32f4xx.o
    0x08003342   0x08003342   0x00000008   Data   RO         3783    .constdata          system_stm32f4xx.o
    0x0800334a   0x0800334a   0x00000002   PAD
    0x0800334c   0x0800334c   0x00000020   Data   RO         4121    Region$$Table       anon$$obj.o


    Execution Region RW_IRAM2 (Exec base: 0x10000000, Load base: 0x08003398, Size: 0x00000000, Max: 0x00010000, ABSOLUTE)

    **** No section assigned to this execution region ****


    Execution Region RW_IRAM1 (Exec base: 0x20000000, Load base: 0x0800336c, Size: 0x00008698, Max: 0x00020000, ABSOLUTE)

    Exec Addr    Load Addr    Size         Type   Attr      Idx    E Section Name        Object

    0x20000000   0x0800336c   0x0000000a   Data   RW           36    .data               cc1101.o
    0x2000000a   0x08003376   0x00000004   Data   RW          321    .data               fram.o
    0x2000000e   0x0800337a   0x00000003   Data   RW          397    .data               main.o
    0x20000011   0x0800337d   0x00000002   Data   RW          693    .data               usart.o
    0x20000013   0x0800337f   0x00000001   PAD
    0x20000014   0x08003380   0x00000004   Data   RW          777    .data               stm32f4xx_it.o
    0x20000018   0x08003384   0x0000000c   Data   RW         1847    .data               stm32f4xx_hal.o
    0x20000024   0x08003390   0x00000004   Data   RW         3784    .data               system_stm32f4xx.o
    0x20000028   0x08003394   0x00000004   Data   RW         4097    .data               mc_w.l(stdout.o)
    0x2000002c        -       0x00007ff0   Zero   RW          320    .bss                fram.o
    0x2000801c        -       0x000001fe   Zero   RW          396    .bss                main.o
    0x2000821a   0x08003398   0x00000002   PAD
    0x2000821c        -       0x00000020   Zero   RW          544    .bss                rtc.o
    0x2000823c        -       0x00000040   Zero   RW          644    .bss                tim.o
    0x2000827c        -       0x00000015   Zero   RW          692    .bss                usart.o
    0x20008291   0x08003398   0x00000007   PAD
    0x20008298        -       0x00000400   Zero   RW            1    STACK               startup_stm32f407xx.o


==============================================================================

Image component sizes


      Code (inc. data)   RO Data    RW Data    ZI Data      Debug   Object Name

      1204         62         94         10          0     727391   cc1101.o
       648         98          0          4      32752       4159   fram.o
       520         68          0          0          0       1644   gpio.o
        44          6          0          0          0       2363   iwdg.o
      2410        476          0          3        510      11343   main.o
       292         24          0          0         32       2749   rtc.o
       254         22          0          0          0      18651   spi.o
        36          8        392          0       1024        824   startup_stm32f407xx.o
       180         28          0         12          0       9313   stm32f4xx_hal.o
       232         14          0          0          0      34561   stm32f4xx_hal_cortex.o
       490         52          0          0          0       4121   stm32f4xx_hal_gpio.o
        48          6          0          0          0        830   stm32f4xx_hal_msp.o
      1264         48          0          0          0       3990   stm32f4xx_hal_rcc.o
       316         20          0          0          0       1368   stm32f4xx_hal_rcc_ex.o
       916         30          0          0          0       7384   stm32f4xx_hal_rtc.o
       656         44          0          0          0       7141   stm32f4xx_hal_tim.o
       148         28          0          0          0       2405   stm32f4xx_hal_tim_ex.o
       132         28          0          4          0      18946   stm32f4xx_it.o
       310          0          0          0          0       7127   stm32f4xx_ll_gpio.o
       236         48          0          0          0      27655   stm32f4xx_ll_rcc.o
       100          0          0          0          0      20158   stm32f4xx_ll_spi.o
       516         66          0          0          0      17962   stm32f4xx_ll_usart.o
        28          6         24          4          0       1119   system_stm32f4xx.o
       132         20          0          0         64       1554   tim.o
       464         66          0          2         21      47446   usart.o

    ----------------------------------------------------------------------
     11600       1268        544         40      34412     982204   Object Totals
         0          0         32          0          0          0   (incl. Generated)
        24          0          2          1          9          0   (incl. Padding)

    ----------------------------------------------------------------------

      Code (inc. data)   RO Data    RW Data    ZI Data      Debug   Library Member Name

         0          0          0          0          0          0   entry.o
         0          0          0          0          0          0   entry10a.o
         0          0          0          0          0          0   entry11a.o
         8          4          0          0          0          0   entry2.o
         4          0          0          0          0          0   entry5.o
         0          0          0          0          0          0   entry7b.o
         0          0          0          0          0          0   entry8b.o
         8          4          0          0          0          0   entry9a.o
        30          0          0          0          0          0   handlers.o
        36          8          0          0          0         68   init.o
        30          0          0          0          0         68   llshl.o
        32          0          0          0          0         68   llushr.o
        36          0          0          0          0        108   memseta.o
       736         56          0          0          0        184   printf5.o
         0          0          0          4          0          0   stdout.o
        98          0          0          0          0         92   uldiv.o

    ----------------------------------------------------------------------
      1020         72          0          4          0        588   Library Totals
         2          0          0          0          0          0   (incl. Padding)

    ----------------------------------------------------------------------

      Code (inc. data)   RO Data    RW Data    ZI Data      Debug   Library Name

      1018         72          0          4          0        588   mc_w.l

    ----------------------------------------------------------------------
      1020         72          0          4          0        588   Library Totals

    ----------------------------------------------------------------------

==============================================================================


      Code (inc. data)   RO Data    RW Data    ZI Data      Debug   

     12620       1340        544         44      34412     971088   Grand Totals
     12620       1340        544         44      34412     971088   ELF Image Totals
     12620       1340        544         44          0          0   ROM Totals

==============================================================================

    Total RO  Size (Code + RO Data)                13164 (  12.86kB)
    Total RW  Size (RW Data + ZI Data)             34456 (  33.65kB)
    Total ROM Size (Code + RO Data + RW Data)      13208 (  12.90kB)

==============================================================================

