Component: ARM Compiler 5.06 update 6 (build 750) Tool: armlink [4d35ed]

==============================================================================

Section Cross References

    startup_stm32f407xx.o(RESET) refers to startup_stm32f407xx.o(STACK) for __initial_sp
    startup_stm32f407xx.o(RESET) refers to startup_stm32f407xx.o(.text) for Reset_Handler
    startup_stm32f407xx.o(RESET) refers to stm32f4xx_it.o(i.NMI_Handler) for NMI_Handler
    startup_stm32f407xx.o(RESET) refers to stm32f4xx_it.o(i.HardFault_Handler) for HardFault_Handler
    startup_stm32f407xx.o(RESET) refers to stm32f4xx_it.o(i.MemManage_Handler) for MemManage_Handler
    startup_stm32f407xx.o(RESET) refers to stm32f4xx_it.o(i.BusFault_Handler) for BusFault_Handler
    startup_stm32f407xx.o(RESET) refers to stm32f4xx_it.o(i.UsageFault_Handler) for UsageFault_Handler
    startup_stm32f407xx.o(RESET) refers to port.o(.emb_text) for SVC_Handler
    startup_stm32f407xx.o(RESET) refers to stm32f4xx_it.o(i.DebugMon_Handler) for DebugMon_Handler
    startup_stm32f407xx.o(RESET) refers to port.o(i.SysTick_Handler) for SysTick_Handler
    startup_stm32f407xx.o(RESET) refers to stm32f4xx_it.o(i.EXTI0_IRQHandler) for EXTI0_IRQHandler
    startup_stm32f407xx.o(RESET) refers to stm32f4xx_it.o(i.EXTI1_IRQHandler) for EXTI1_IRQHandler
    startup_stm32f407xx.o(RESET) refers to stm32f4xx_it.o(i.DMA1_Stream1_IRQHandler) for DMA1_Stream1_IRQHandler
    startup_stm32f407xx.o(RESET) refers to stm32f4xx_it.o(i.TIM1_UP_TIM10_IRQHandler) for TIM1_UP_TIM10_IRQHandler
    startup_stm32f407xx.o(RESET) refers to stm32f4xx_it.o(i.USART3_IRQHandler) for USART3_IRQHandler
    startup_stm32f407xx.o(.text) refers to system_stm32f4xx.o(i.SystemInit) for SystemInit
    startup_stm32f407xx.o(.text) refers to entry.o(.ARM.Collect$$$$00000000) for __main
    fram.o(i.FM25L256Read) refers to stm32f4xx_hal_gpio.o(i.HAL_GPIO_WritePin) for HAL_GPIO_WritePin
    fram.o(i.FM25L256Read) refers to spi.o(i.SpiFunction) for SpiFunction
    fram.o(i.FM25L256ReadStatusRegister) refers to stm32f4xx_hal_gpio.o(i.HAL_GPIO_WritePin) for HAL_GPIO_WritePin
    fram.o(i.FM25L256ReadStatusRegister) refers to spi.o(i.SpiFunction) for SpiFunction
    fram.o(i.FM25L256Write) refers to stm32f4xx_hal_gpio.o(i.HAL_GPIO_WritePin) for HAL_GPIO_WritePin
    fram.o(i.FM25L256Write) refers to spi.o(i.SpiFunction) for SpiFunction
    fram.o(i.FM25L256WriteDisable) refers to stm32f4xx_hal_gpio.o(i.HAL_GPIO_WritePin) for HAL_GPIO_WritePin
    fram.o(i.FM25L256WriteDisable) refers to spi.o(i.SpiFunction) for SpiFunction
    fram.o(i.FM25L256WriteEnable) refers to stm32f4xx_hal_gpio.o(i.HAL_GPIO_WritePin) for HAL_GPIO_WritePin
    fram.o(i.FM25L256WriteEnable) refers to spi.o(i.SpiFunction) for SpiFunction
    fram.o(i.FM25L256WriteStatusRegister) refers to stm32f4xx_hal_gpio.o(i.HAL_GPIO_WritePin) for HAL_GPIO_WritePin
    fram.o(i.FM25L256WriteStatusRegister) refers to spi.o(i.SpiFunction) for SpiFunction
    fram.o(i.FramCtrl) refers to fram.o(i.InitFramInfo) for InitFramInfo
    fram.o(i.FramCtrl) refers to printf8.o(i.__0printf$8) for __2printf
    fram.o(i.FramCtrl) refers to stm32f4xx_hal.o(i.HAL_Delay) for HAL_Delay
    fram.o(i.FramCtrl) refers to fram.o(i.FM25L256WriteEnable) for FM25L256WriteEnable
    fram.o(i.FramCtrl) refers to fram.o(i.FM25L256Write) for FM25L256Write
    fram.o(i.FramCtrl) refers to fram.o(i.FM25L256Read) for FM25L256Read
    fram.o(i.FramCtrl) refers to fram.o(.bss) for .bss
    fram.o(i.FramCtrl) refers to fram.o(.data) for .data
    fram.o(i.InitFramInfo) refers to fram.o(i.FM25L256Read) for FM25L256Read
    fram.o(i.InitFramInfo) refers to fram.o(.bss) for .bss
    fram.o(i.InitFramInfo) refers to fram.o(.data) for .data
    cc1101.o(i.CC1101ClrRXBuff) refers to cc1101.o(i.CC1101WriteCmd) for CC1101WriteCmd
    cc1101.o(i.CC1101ClrTXBuff) refers to cc1101.o(i.CC1101WriteCmd) for CC1101WriteCmd
    cc1101.o(i.CC1101GetRXCnt) refers to cc1101.o(i.CC1101ReadStatus) for CC1101ReadStatus
    cc1101.o(i.CC1101Init) refers to stm32f4xx_hal_cortex.o(i.HAL_NVIC_DisableIRQ) for HAL_NVIC_DisableIRQ
    cc1101.o(i.CC1101Init) refers to cc1101.o(i.CC1101Reset) for CC1101Reset
    cc1101.o(i.CC1101Init) refers to cc1101.o(i.CC1101WriteReg) for CC1101WriteReg
    cc1101.o(i.CC1101Init) refers to cc1101.o(i.CC1101SetAddress) for CC1101SetAddress
    cc1101.o(i.CC1101Init) refers to cc1101.o(i.CC1101SetSYNC) for CC1101SetSYNC
    cc1101.o(i.CC1101Init) refers to cc1101.o(i.CC1101WriteMultiReg) for CC1101WriteMultiReg
    cc1101.o(i.CC1101Init) refers to stm32f4xx_hal_cortex.o(i.HAL_NVIC_EnableIRQ) for HAL_NVIC_EnableIRQ
    cc1101.o(i.CC1101Init) refers to memseta.o(.text) for __aeabi_memclr4
    cc1101.o(i.CC1101Init) refers to cc1101.o(.constdata) for .constdata
    cc1101.o(i.CC1101Init) refers to cc1101.o(.data) for .data
    cc1101.o(i.CC1101Init) refers to cc1101.o(.bss) for .bss
[...]
    i.SystemInit                             0x08002e84   Section        0  system_stm32f4xx.o(i.SystemInit)
    i.SystemInitial                          0x08002e94   Section        0  main.o(i.SystemInitial)
    i.TIM1_UP_TIM10_IRQHandler               0x08002ef0   Section        0  stm32f4xx_it.o(i.TIM1_UP_TIM10_IRQHandler)
    i.TIM_Base_SetConfig                     0x08002efc   Section        0  stm32f4xx_hal_tim.o(i.TIM_Base_SetConfig)
    i.USART3_IRQHandler                      0x08002fc4   Section        0  stm32f4xx_it.o(i.USART3_IRQHandler)
    i.UsageFault_Handler                     0x08003018   Section        0  stm32f4xx_it.o(i.UsageFault_Handler)
    i.__0printf$8                            0x0800301c   Section        0  printf8.o(i.__0printf$8)
    i.__NVIC_SetPriority                     0x0800303c   Section        0  stm32f4xx_hal_cortex.o(i.__NVIC_SetPriority)
    __NVIC_SetPriority                       0x0800303d   Thumb Code    32  stm32f4xx_hal_cortex.o(i.__NVIC_SetPriority)
    i.__scatterload_copy                     0x0800305c   Section       14  handlers.o(i.__scatterload_copy)
    i.__scatterload_null                     0x0800306a   Section        2  handlers.o(i.__scatterload_null)
    i.__scatterload_zeroinit                 0x0800306c   Section       14  handlers.o(i.__scatterload_zeroinit)
    i._printf_core                           0x0800307c   Section        0  printf8.o(i._printf_core)
    _printf_core                             0x0800307d   Thumb Code   996  printf8.o(i._printf_core)
    i._printf_post_padding                   0x0800348c   Section        0  printf8.o(i._printf_post_padding)
    _printf_post_padding                     0x0800348d   Thumb Code    36  printf8.o(i._printf_post_padding)
    i._printf_pre_padding                    0x080034b0   Section        0  printf8.o(i._printf_pre_padding)
    _printf_pre_padding                      0x080034b1   Thumb Code    46  printf8.o(i._printf_pre_padding)
    i.fputc                                  0x080034e0   Section        0  usart.o(i.fputc)
    i.free                                   0x080034f4   Section        0  malloc.o(i.free)
    i.inHandlerMode                          0x08003544   Section        0  cmsis_os.o(i.inHandlerMode)
    inHandlerMode                            0x08003545   Thumb Code    12  cmsis_os.o(i.inHandlerMode)
    i.lte_usart_init                         0x08003550   Section        0  usart.o(i.lte_usart_init)
    i.lte_usart_process_data                 0x080035e0   Section        0  usart.o(i.lte_usart_process_data)
    i.lte_usart_rx_check                     0x080036b8   Section        0  usart.o(i.lte_usart_rx_check)
    i.lte_usart_send_data                    0x0800370c   Section        0  usart.o(i.lte_usart_send_data)
    i.lte_usart_send_string                  0x08003738   Section        0  usart.o(i.lte_usart_send_string)
    i.main                                   0x0800374c   Section        0  main.o(i.main)
    i.makeFreeRtosPriority                   0x0800377e   Section        0  cmsis_os.o(i.makeFreeRtosPriority)
    makeFreeRtosPriority                     0x0800377f   Thumb Code    12  cmsis_os.o(i.makeFreeRtosPriority)
    i.malloc                                 0x0800378c   Section        0  malloc.o(i.malloc)
    i.osDelay                                0x080037f8   Section        0  cmsis_os.o(i.osDelay)
    i.osKernelStart                          0x08003806   Section        0  cmsis_os.o(i.osKernelStart)
    i.osMessageCreate                        0x08003810   Section        0  cmsis_os.o(i.osMessageCreate)
    i.osMessageGet                           0x08003838   Section        0  cmsis_os.o(i.osMessageGet)
    i.osMessagePut                           0x080038cc   Section        0  cmsis_os.o(i.osMessagePut)
    i.osSemaphoreCreate                      0x08003928   Section        0  cmsis_os.o(i.osSemaphoreCreate)
    i.osSemaphoreRelease                     0x08003968   Section        0  cmsis_os.o(i.osSemaphoreRelease)
    i.osSemaphoreWait                        0x080039b8   Section        0  cmsis_os.o(i.osSemaphoreWait)
    i.osThreadCreate                         0x08003a1c   Section        0  cmsis_os.o(i.osThreadCreate)
    i.prvAddCurrentTaskToDelayedList         0x08003a70   Section        0  tasks.o(i.prvAddCurrentTaskToDelayedList)
    prvAddCurrentTaskToDelayedList           0x08003a71   Thumb Code   102  tasks.o(i.prvAddCurrentTaskToDelayedList)
    i.prvAddNewTaskToReadyList               0x08003ae0   Section        0  tasks.o(i.prvAddNewTaskToReadyList)
    prvAddNewTaskToReadyList                 0x08003ae1   Thumb Code   194  tasks.o(i.prvAddNewTaskToReadyList)
    i.prvCopyDataFromQueue                   0x08003bb0   Section        0  queue.o(i.prvCopyDataFromQueue)
    prvCopyDataFromQueue                     0x08003bb1   Thumb Code    38  queue.o(i.prvCopyDataFromQueue)
    i.prvCopyDataToQueue                     0x08003bd6   Section        0  queue.o(i.prvCopyDataToQueue)
    prvCopyDataToQueue                       0x08003bd7   Thumb Code   108  queue.o(i.prvCopyDataToQueue)
    i.prvDeleteTCB                           0x08003c42   Section        0  tasks.o(i.prvDeleteTCB)
    prvDeleteTCB                             0x08003c43   Thumb Code    52  tasks.o(i.prvDeleteTCB)
    i.prvHeapInit                            0x08003c78   Section        0  heap_4.o(i.prvHeapInit)
    prvHeapInit                              0x08003c79   Thumb Code    66  heap_4.o(i.prvHeapInit)
    i.prvIdleTask                            0x08003cc4   Section        0  tasks.o(i.prvIdleTask)
    prvIdleTask                              0x08003cc5   Thumb Code    86  tasks.o(i.prvIdleTask)
    i.prvInitialiseNewQueue                  0x08003d28   Section        0  queue.o(i.prvInitialiseNewQueue)
    prvInitialiseNewQueue                    0x08003d29   Thumb Code    22  queue.o(i.prvInitialiseNewQueue)
    i.prvInitialiseNewTask                   0x08003d3e   Section        0  tasks.o(i.prvInitialiseNewTask)
    prvInitialiseNewTask                     0x08003d3f   Thumb Code   152  tasks.o(i.prvInitialiseNewTask)
    i.prvInsertBlockIntoFreeList             0x08003dd8   Section        0  heap_4.o(i.prvInsertBlockIntoFreeList)
    prvInsertBlockIntoFreeList               0x08003dd9   Thumb Code    72  heap_4.o(i.prvInsertBlockIntoFreeList)
    i.prvIsQueueEmpty                        0x08003e24   Section        0  queue.o(i.prvIsQueueEmpty)
    prvIsQueueEmpty                          0x08003e25   Thumb Code    28  queue.o(i.prvIsQueueEmpty)
    i.prvResetNextTaskUnblockTime            0x08003e40   Section        0  tasks.o(i.prvResetNextTaskUnblockTime)
    prvResetNextTaskUnblockTime              0x08003e41   Thumb Code    26  tasks.o(i.prvResetNextTaskUnblockTime)
    i.prvTaskExitError                       0x08003e60   Section        0  port.o(i.prvTaskExitError)
    prvTaskExitError                         0x08003e61   Thumb Code    36  port.o(i.prvTaskExitError)
    i.prvUnlockQueue                         0x08003e88   Section        0  queue.o(i.prvUnlockQueue)
    prvUnlockQueue                           0x08003e89   Thumb Code   106  queue.o(i.prvUnlockQueue)
    i.pvPortMalloc                           0x08003ef4   Section        0  heap_4.o(i.pvPortMalloc)
    i.pvTaskIncrementMutexHeldCount          0x08003fd0   Section        0  tasks.o(i.pvTaskIncrementMutexHeldCount)
    i.pxPortInitialiseStack                  0x08003fe8   Section        0  port.o(i.pxPortInitialiseStack)
    i.strcatArray                            0x08004014   Section        0  main.o(i.strcatArray)
    i.uxListRemove                           0x0800403c   Section        0  list.o(i.uxListRemove)
    i.vApplicationGetIdleTaskMemory          0x08004064   Section        0  freertos.o(i.vApplicationGetIdleTaskMemory)
    i.vApplicationIdleHook                   0x08004078   Section        0  freertos.o(i.vApplicationIdleHook)
    i.vListInitialise                        0x080040a4   Section        0  list.o(i.vListInitialise)
    i.vListInitialiseItem                    0x080040ba   Section        0  list.o(i.vListInitialiseItem)
    i.vListInsert                            0x080040c0   Section        0  list.o(i.vListInsert)
    i.vListInsertEnd                         0x080040f0   Section        0  list.o(i.vListInsertEnd)
    i.vPortEnterCritical                     0x08004108   Section        0  port.o(i.vPortEnterCritical)
    i.vPortExitCritical                      0x08004148   Section        0  port.o(i.vPortExitCritical)
    i.vPortFree                              0x08004170   Section        0  heap_4.o(i.vPortFree)
    i.vPortSetupTimerInterrupt               0x080041d4   Section        0  port.o(i.vPortSetupTimerInterrupt)
    i.vPortValidateInterruptPriority         0x080041f8   Section        0  port.o(i.vPortValidateInterruptPriority)
    i.vTaskDelay                             0x0800424c   Section        0  tasks.o(i.vTaskDelay)
    i.vTaskInternalSetTimeOutState           0x08004298   Section        0  tasks.o(i.vTaskInternalSetTimeOutState)
    i.vTaskMissedYield                       0x080042a8   Section        0  tasks.o(i.vTaskMissedYield)
    i.vTaskPlaceOnEventList                  0x080042b4   Section        0  tasks.o(i.vTaskPlaceOnEventList)
    i.vTaskPriorityDisinheritAfterTimeout    0x080042e4   Section        0  tasks.o(i.vTaskPriorityDisinheritAfterTimeout)
    i.vTaskStartScheduler                    0x08004384   Section        0  tasks.o(i.vTaskStartScheduler)
    i.vTaskSuspendAll                        0x080043f0   Section        0  tasks.o(i.vTaskSuspendAll)
    i.vTaskSwitchContext                     0x08004400   Section        0  tasks.o(i.vTaskSwitchContext)
    i.xPortStartScheduler                    0x0800445c   Section        0  port.o(i.xPortStartScheduler)
    i.xQueueGenericCreate                    0x08004550   Section        0  queue.o(i.xQueueGenericCreate)
    i.xQueueGenericCreateStatic              0x08004592   Section        0  queue.o(i.xQueueGenericCreateStatic)
    i.xQueueGenericReset                     0x080045f8   Section        0  queue.o(i.xQueueGenericReset)
    i.xQueueGenericSend                      0x08004680   Section        0  queue.o(i.xQueueGenericSend)
    i.xQueueGenericSendFromISR               0x080047e0   Section        0  queue.o(i.xQueueGenericSendFromISR)
    i.xQueueGiveFromISR                      0x0800489e   Section        0  queue.o(i.xQueueGiveFromISR)
    i.xQueueReceive                          0x0800493c   Section        0  queue.o(i.xQueueReceive)
    i.xQueueReceiveFromISR                   0x08004a74   Section        0  queue.o(i.xQueueReceiveFromISR)
    i.xQueueSemaphoreTake                    0x08004b10   Section        0  queue.o(i.xQueueSemaphoreTake)
    i.xTaskCheckForTimeOut                   0x08004c88   Section        0  tasks.o(i.xTaskCheckForTimeOut)
    i.xTaskCreate                            0x08004cfc   Section        0  tasks.o(i.xTaskCreate)
    i.xTaskCreateStatic                      0x08004d56   Section        0  tasks.o(i.xTaskCreateStatic)
    i.xTaskGetSchedulerState                 0x08004dac   Section        0  tasks.o(i.xTaskGetSchedulerState)
    i.xTaskIncrementTick                     0x08004dc8   Section        0  tasks.o(i.xTaskIncrementTick)
    i.xTaskPriorityDisinherit                0x08004e94   Section        0  tasks.o(i.xTaskPriorityDisinherit)
    i.xTaskPriorityInherit                   0x08004f2c   Section        0  tasks.o(i.xTaskPriorityInherit)
    i.xTaskRemoveFromEventList               0x08004fb8   Section        0  tasks.o(i.xTaskRemoveFromEventList)
    i.xTaskResumeAll                         0x0800502c   Section        0  tasks.o(i.xTaskResumeAll)
    .constdata                               0x080050f0   Section       94  cc1101.o(.constdata)
    CC1101InitData                           0x080050f0   Data          94  cc1101.o(.constdata)
    .constdata                               0x08005150   Section      100  freertos.o(.constdata)
    .constdata                               0x080051b4   Section        8  usart.o(.constdata)
    STREAM_OFFSET_TAB                        0x080051b4   Data           8  usart.o(.constdata)
    .constdata                               0x080051bc   Section        8  stm32f4xx_it.o(.constdata)
    STREAM_OFFSET_TAB                        0x080051bc   Data           8  stm32f4xx_it.o(.constdata)
    .constdata                               0x080051c4   Section       16  system_stm32f4xx.o(.constdata)
    .constdata                               0x080051d4   Section        8  system_stm32f4xx.o(.constdata)
    .conststring                             0x080051dc   Section      142  main.o(.conststring)
    .conststring                             0x0800526c   Section       42  freertos.o(.conststring)
    .data                                    0x20000000   Section        4  fram.o(.data)
    .data                                    0x20000004   Section       10  cc1101.o(.data)
    .data                                    0x20000010   Section       40  freertos.o(.data)
    tailBuffer                               0x20000010   Data           2  freertos.o(.data)
    collectorIDBuffer                        0x20000012   Data           4  freertos.o(.data)
    .data                                    0x20000038   Section        8  crc.o(.data)
    .data                                    0x20000040   Section        4  usart.o(.data)
    old_pos                                  0x20000040   Data           4  usart.o(.data)
    .data                                    0x20000044   Section       12  stm32f4xx_hal.o(.data)
    .data                                    0x20000050   Section        4  system_stm32f4xx.o(.data)
    .data                                    0x20000054   Section       60  tasks.o(.data)
    uxDeletedTasksWaitingCleanUp             0x20000058   Data           4  tasks.o(.data)
    uxCurrentNumberOfTasks                   0x2000005c   Data           4  tasks.o(.data)
    xTickCount                               0x20000060   Data           4  tasks.o(.data)
    uxTopReadyPriority                       0x20000064   Data           4  tasks.o(.data)
    xSchedulerRunning                        0x20000068   Data           4  tasks.o(.data)
    xPendedTicks                             0x2000006c   Data           4  tasks.o(.data)
    xYieldPending                            0x20000070   Data           4  tasks.o(.data)
    xNumOfOverflows                          0x20000074   Data           4  tasks.o(.data)
    uxTaskNumber                             0x20000078   Data           4  tasks.o(.data)
    xNextTaskUnblockTime                     0x2000007c   Data           4  tasks.o(.data)
    xIdleTaskHandle                          0x20000080   Data           4  tasks.o(.data)
    uxSchedulerSuspended                     0x20000084   Data           4  tasks.o(.data)
    pxDelayedTaskList                        0x20000088   Data           4  tasks.o(.data)
    pxOverflowDelayedTaskList                0x2000008c   Data           4  tasks.o(.data)
    .data                                    0x20000090   Section       32  heap_4.o(.data)
    pxEnd                                    0x20000090   Data           4  heap_4.o(.data)
    xFreeBytesRemaining                      0x20000094   Data           4  heap_4.o(.data)
    xMinimumEverFreeBytesRemaining           0x20000098   Data           4  heap_4.o(.data)
    xNumberOfSuccessfulAllocations           0x2000009c   Data           4  heap_4.o(.data)
    xNumberOfSuccessfulFrees                 0x200000a0   Data           4  heap_4.o(.data)
    xBlockAllocatedBit                       0x200000a4   Data           4  heap_4.o(.data)
    xStart                                   0x200000a8   Data           8  heap_4.o(.data)
    .data                                    0x200000b0   Section       12  port.o(.data)
    ucMaxSysCallPriority                     0x200000b0   Data           1  port.o(.data)
    uxCriticalNesting                        0x200000b4   Data           4  port.o(.data)
    ulMaxPRIGROUPValue                       0x200000b8   Data           4  port.o(.data)
    .data                                    0x200000bc   Section        4  stdout.o(.data)
    .data                                    0x200000c0   Section        4  mvars.o(.data)
    .data                                    0x200000c4   Section        4  mvars.o(.data)
    .bss                                     0x200000c8   Section    32752  fram.o(.bss)
    .bss                                     0x200080b8   Section      524  cc1101.o(.bss)
    .bss                                     0x200082c4   Section      852  freertos.o(.bss)
    sendToCloudBuffer                        0x200082c4   Data         256  freertos.o(.bss)
    xIdleTaskTCBBuffer                       0x200083c4   Data          84  freertos.o(.bss)
    xIdleStack                               0x20008418   Data         512  freertos.o(.bss)
    .bss                                     0x20008618   Section       12  iwdg.o(.bss)
    .bss                                     0x20008624   Section       32  rtc.o(.bss)
    .bss                                     0x20008644   Section      258  usart.o(.bss)
    lte_usart_rx_dma_buffer                  0x20008644   Data         128  usart.o(.bss)
    .bss                                     0x20008748   Section       72  stm32f4xx_hal_timebase_tim.o(.bss)
    .bss                                     0x20008790   Section      240  tasks.o(.bss)
    pxReadyTasksLists                        0x20008790   Data         140  tasks.o(.bss)
    xDelayedTaskList1                        0x2000881c   Data          20  tasks.o(.bss)
    xDelayedTaskList2                        0x20008830   Data          20  tasks.o(.bss)
    xPendingReadyList                        0x20008844   Data          20  tasks.o(.bss)
    xTasksWaitingTermination                 0x20008858   Data          20  tasks.o(.bss)
    xSuspendedTaskList                       0x2000886c   Data          20  tasks.o(.bss)
    .bss                                     0x20008880   Section    15360  heap_4.o(.bss)
    ucHeap                                   0x20008880   Data       15360  heap_4.o(.bss)
    HEAP                                     0x2000c480   Section      512  startup_stm32f407xx.o(HEAP)
    STACK                                    0x2000c680   Section     1024  startup_stm32f407xx.o(STACK)

    Global Symbols

    Symbol Name                              Value     Ov Type        Size  Object(Section)

    BuildAttributes$$THM_ISAv4$E$P$D$K$B$S$7EM$VFPi3$EXTD16$VFPS$VFMA$PE$A:L22UL41UL21$X:L11$S22US41US21$IEEE1$IW$USESV6$~STKCKD$USESV7$~SHL$OSPACE$ROPI$EBA8$MICROLIB$REQ8$PRES8$EABIv2 0x00000000   Number         0  anon$$obj.o ABSOLUTE
    __ARM_use_no_argv                        0x00000000   Number         0  main.o ABSOLUTE
    _printf_a                                0x00000000   Number         0  stubs.o ABSOLUTE
    _printf_c                                0x00000000   Number         0  stubs.o ABSOLUTE
    _printf_charcount                        0x00000000   Number         0  stubs.o ABSOLUTE
    _printf_d                                0x00000000   Number         0  stubs.o ABSOLUTE
    _printf_e                                0x00000000   Number         0  stubs.o ABSOLUTE
    _printf_f                                0x00000000   Number         0  stubs.o ABSOLUTE
    _printf_flags                            0x00000000   Number         0  stubs.o ABSOLUTE
    _printf_fp_dec                           0x00000000   Number         0  stubs.o ABSOLUTE
    _printf_fp_hex                           0x00000000   Number         0  stubs.o ABSOLUTE
    _printf_g                                0x00000000   Number         0  stubs.o ABSOLUTE
    _printf_i                                0x00000000   Number         0  stubs.o ABSOLUTE
    _printf_int_dec                          0x00000000   Number         0  stubs.o ABSOLUTE
    _printf_l                                0x00000000   Number         0  stubs.o ABSOLUTE
    _printf_lc                               0x00000000   Number         0  stubs.o ABSOLUTE
    _printf_ll                               0x00000000   Number         0  stubs.o ABSOLUTE
    _printf_lld                              0x00000000   Number         0  stubs.o ABSOLUTE
    _printf_lli                              0x00000000   Number         0  stubs.o ABSOLUTE
    _printf_llo                              0x00000000   Number         0  stubs.o ABSOLUTE
    _printf_llu                              0x00000000   Number         0  stubs.o ABSOLUTE
    _printf_llx                              0x00000000   Number         0  stubs.o ABSOLUTE
    _printf_longlong_dec                     0x00000000   Number         0  stubs.o ABSOLUTE
    _printf_longlong_hex                     0x00000000   Number         0  stubs.o ABSOLUTE
    _printf_longlong_oct                     0x00000000   Number         0  stubs.o ABSOLUTE
    _printf_ls                               0x00000000   Number         0  stubs.o ABSOLUTE
    _printf_mbtowc                           0x00000000   Number         0  stubs.o ABSOLUTE
    _printf_n                                0x00000000   Number         0  stubs.o ABSOLUTE
    _printf_o                                0x00000000   Number         0  stubs.o ABSOLUTE
    _printf_p                                0x00000000   Number         0  stubs.o ABSOLUTE
    _printf_percent                          0x00000000   Number         0  stubs.o ABSOLUTE
    _printf_pre_padding                      0x00000000   Number         0  stubs.o ABSOLUTE
    _printf_return_value                     0x00000000   Number         0  stubs.o ABSOLUTE
    _printf_s                                0x00000000   Number         0  stubs.o ABSOLUTE
    _printf_sizespec                         0x00000000   Number         0  stubs.o ABSOLUTE
    _printf_str                              0x00000000   Number         0  stubs.o ABSOLUTE
    _printf_truncate_signed                  0x00000000   Number         0  stubs.o ABSOLUTE
    _printf_truncate_unsigned                0x00000000   Number         0  stubs.o ABSOLUTE
    _printf_u                                0x00000000   Number         0  stubs.o ABSOLUTE
    _printf_wc                               0x00000000   Number         0  stubs.o ABSOLUTE
    _printf_wctomb                           0x00000000   Number         0  stubs.o ABSOLUTE
    _printf_widthprec                        0x00000000   Number         0  stubs.o ABSOLUTE
    _printf_x                                0x00000000   Number         0  stubs.o ABSOLUTE
    __cpp_initialize__aeabi_                  - Undefined Weak Reference
    __cxa_finalize                            - Undefined Weak Reference
    __decompress                              - Undefined Weak Reference
    _clock_init                               - Undefined Weak Reference
    _microlib_exit                            - Undefined Weak Reference
    __Vectors_Size                           0x00000188   Number         0  startup_stm32f407xx.o ABSOLUTE
    __Vectors                                0x08000000   Data           4  startup_stm32f407xx.o(RESET)
    __Vectors_End                            0x08000188   Data           0  startup_stm32f407xx.o(RESET)
    __main                                   0x08000189   Thumb Code     0  entry.o(.ARM.Collect$$$$00000000)
    _main_stk                                0x08000189   Thumb Code     0  entry2.o(.ARM.Collect$$$$00000001)
    _main_scatterload                        0x0800018d   Thumb Code     0  entry5.o(.ARM.Collect$$$$00000004)
    __main_after_scatterload                 0x08000191   Thumb Code     0  entry5.o(.ARM.Collect$$$$00000004)
    _main_clock                              0x08000191   Thumb Code     0  entry7b.o(.ARM.Collect$$$$00000008)
    _main_cpp_init                           0x08000191   Thumb Code     0  entry8b.o(.ARM.Collect$$$$0000000A)
    _main_init                               0x08000191   Thumb Code     0  entry9a.o(.ARM.Collect$$$$0000000B)
    __rt_final_cpp                           0x08000199   Thumb Code     0  entry10a.o(.ARM.Collect$$$$0000000D)
    __rt_final_exit                          0x08000199   Thumb Code     0  entry11a.o(.ARM.Collect$$$$0000000F)
    SVC_Handler                              0x0800019d   Thumb Code    28  port.o(.emb_text)
    __asm___6_port_c_39a90d8d__prvStartFirstTask 0x080001bd   Thumb Code    36  port.o(.emb_text)
    __asm___6_port_c_39a90d8d__prvEnableVFP  0x080001e5   Thumb Code    16  port.o(.emb_text)
    PendSV_Handler                           0x080001f9   Thumb Code    88  port.o(.emb_text)
    vPortGetIPSR                             0x08000255   Thumb Code     6  port.o(.emb_text)
    Reset_Handler                            0x0800025d   Thumb Code     8  startup_stm32f407xx.o(.text)
    ADC_IRQHandler                           0x08000277   Thumb Code     0  startup_stm32f407xx.o(.text)
    CAN1_RX0_IRQHandler                      0x08000277   Thumb Code     0  startup_stm32f407xx.o(.text)
    CAN1_RX1_IRQHandler                      0x08000277   Thumb Code     0  startup_stm32f407xx.o(.text)
    CAN1_SCE_IRQHandler                      0x08000277   Thumb Code     0  startup_stm32f407xx.o(.text)
    CAN1_TX_IRQHandler                       0x08000277   Thumb Code     0  startup_stm32f407xx.o(.text)
    CAN2_RX0_IRQHandler                      0x08000277   Thumb Code     0  startup_stm32f407xx.o(.text)
    CAN2_RX1_IRQHandler                      0x08000277   Thumb Code     0  startup_stm32f407xx.o(.text)
    CAN2_SCE_IRQHandler                      0x08000277   Thumb Code     0  startup_stm32f407xx.o(.text)
    CAN2_TX_IRQHandler                       0x08000277   Thumb Code     0  startup_stm32f407xx.o(.text)
    DCMI_IRQHandler                          0x08000277   Thumb Code     0  startup_stm32f407xx.o(.text)
    DMA1_Stream0_IRQHandler                  0x08000277   Thumb Code     0  startup_stm32f407xx.o(.text)
    DMA1_Stream2_IRQHandler                  0x08000277   Thumb Code     0  startup_stm32f407xx.o(.text)
    DMA1_Stream3_IRQHandler                  0x08000277   Thumb Code     0  startup_stm32f407xx.o(.text)
    DMA1_Stream4_IRQHandler                  0x08000277   Thumb Code     0  startup_stm32f407xx.o(.text)
    DMA1_Stream5_IRQHandler                  0x08000277   Thumb Code     0  startup_stm32f407xx.o(.text)
    DMA1_Stream6_IRQHandler                  0x08000277   Thumb Code     0  startup_stm32f407xx.o(.text)
    DMA1_Stream7_IRQHandler                  0x08000277   Thumb Code     0  startup_stm32f407xx.o(.text)
    DMA2_Stream0_IRQHandler                  0x08000277   Thumb Code     0  startup_stm32f407xx.o(.text)
    DMA2_Stream1_IRQHandler                  0x08000277   Thumb Code     0  startup_stm32f407xx.o(.text)
    DMA2_Stream2_IRQHandler                  0x08000277   Thumb Code     0  startup_stm32f407xx.o(.text)
    DMA2_Stream3_IRQHandler                  0x08000277   Thumb Code     0  startup_stm32f407xx.o(.text)
    DMA2_Stream4_IRQHandler                  0x08000277   Thumb Code     0  startup_stm32f407xx.o(.text)
    DMA2_Stream5_IRQHandler                  0x08000277   Thumb Code     0  startup_stm32f407xx.o(.text)
    DMA2_Stream6_IRQHandler                  0x08000277   Thumb Code     0  startup_stm32f407xx.o(.text)
    DMA2_Stream7_IRQHandler                  0x08000277   Thumb Code     0  startup_stm32f407xx.o(.text)
    ETH_IRQHandler                           0x08000277   Thumb Code     0  startup_stm32f407xx.o(.text)
    ETH_WKUP_IRQHandler                      0x08000277   Thumb Code     0  startup_stm32f407xx.o(.text)
    EXTI15_10_IRQHandler                     0x08000277   Thumb Code     0  startup_stm32f407xx.o(.text)
    EXTI2_IRQHandler                         0x08000277   Thumb Code     0  startup_stm32f407xx.o(.text)
    EXTI3_IRQHandler                         0x08000277   Thumb Code     0  startup_stm32f407xx.o(.text)
    EXTI4_IRQHandler                         0x08000277   Thumb Code     0  startup_stm32f407xx.o(.text)
    EXTI9_5_IRQHandler                       0x08000277   Thumb Code     0  startup_stm32f407xx.o(.text)
    FLASH_IRQHandler                         0x08000277   Thumb Code     0  startup_stm32f407xx.o(.text)
    FMC_IRQHandler                           0x08000277   Thumb Code     0  startup_stm32f407xx.o(.text)
    FPU_IRQHandler                           0x08000277   Thumb Code     0  startup_stm32f407xx.o(.text)
    HASH_RNG_IRQHandler                      0x08000277   Thumb Code     0  startup_stm32f407xx.o(.text)
    I2C1_ER_IRQHandler                       0x08000277   Thumb Code     0  startup_stm32f407xx.o(.text)
    I2C1_EV_IRQHandler                       0x08000277   Thumb Code     0  startup_stm32f407xx.o(.text)
    I2C2_ER_IRQHandler                       0x08000277   Thumb Code     0  startup_stm32f407xx.o(.text)
    I2C2_EV_IRQHandler                       0x08000277   Thumb Code     0  startup_stm32f407xx.o(.text)
    I2C3_ER_IRQHandler                       0x08000277   Thumb Code     0  startup_stm32f407xx.o(.text)
    I2C3_EV_IRQHandler                       0x08000277   Thumb Code     0  startup_stm32f407xx.o(.text)
    OTG_FS_IRQHandler                        0x08000277   Thumb Code     0  startup_stm32f407xx.o(.text)
    OTG_FS_WKUP_IRQHandler                   0x08000277   Thumb Code     0  startup_stm32f407xx.o(.text)
    OTG_HS_EP1_IN_IRQHandler                 0x08000277   Thumb Code     0  startup_stm32f407xx.o(.text)
    OTG_HS_EP1_OUT_IRQHandler                0x08000277   Thumb Code     0  startup_stm32f407xx.o(.text)
    OTG_HS_IRQHandler                        0x08000277   Thumb Code     0  startup_stm32f407xx.o(.text)
    OTG_HS_WKUP_IRQHandler                   0x08000277   Thumb Code     0  startup_stm32f407xx.o(.text)
    PVD_IRQHandler                           0x08000277   Thumb Code     0  startup_stm32f407xx.o(.text)
    RCC_IRQHandler                           0x08000277   Thumb Code     0  startup_stm32f407xx.o(.text)
    RTC_Alarm_IRQHandler                     0x08000277   Thumb Code     0  startup_stm32f407xx.o(.text)
    RTC_WKUP_IRQHandler                      0x08000277   Thumb Code     0  startup_stm32f407xx.o(.text)
    SDIO_IRQHandler                          0x08000277   Thumb Code     0  startup_stm32f407xx.o(.text)
    SPI1_IRQHandler                          0x08000277   Thumb Code     0  startup_stm32f407xx.o(.text)
    SPI2_IRQHandler                          0x08000277   Thumb Code     0  startup_stm32f407xx.o(.text)
    SPI3_IRQHandler                          0x08000277   Thumb Code     0  startup_stm32f407xx.o(.text)
    TAMP_STAMP_IRQHandler                    0x08000277   Thumb Code     0  startup_stm32f407xx.o(.text)
    TIM1_BRK_TIM9_IRQHandler                 0x08000277   Thumb Code     0  startup_stm32f407xx.o(.text)
    TIM1_CC_IRQHandler                       0x08000277   Thumb Code     0  startup_stm32f407xx.o(.text)
    TIM1_TRG_COM_TIM11_IRQHandler            0x08000277   Thumb Code     0  startup_stm32f407xx.o(.text)
    TIM2_IRQHandler                          0x08000277   Thumb Code     0  startup_stm32f407xx.o(.text)
    TIM3_IRQHandler                          0x08000277   Thumb Code     0  startup_stm32f407xx.o(.text)
    TIM4_IRQHandler                          0x08000277   Thumb Code     0  startup_stm32f407xx.o(.text)
    TIM5_IRQHandler                          0x08000277   Thumb Code     0  startup_stm32f407xx.o(.text)
    TIM6_DAC_IRQHandler                      0x08000277   Thumb Code     0  startup_stm32f407xx.o(.text)
    TIM7_IRQHandler                          0x08000277   Thumb Code     0  startup_stm32f407xx.o(.text)
    TIM8_BRK_TIM12_IRQHandler                0x08000277   Thumb Code     0  startup_stm32f407xx.o(.text)
    TIM8_CC_IRQHandler                       0x08000277   Thumb Code     0  startup_stm32f407xx.o(.text)
    TIM8_TRG_COM_TIM14_IRQHandler            0x08000277   Thumb Code     0  startup_stm32f407xx.o(.text)
    TIM8_UP_TIM13_IRQHandler                 0x08000277   Thumb Code     0  startup_stm32f407xx.o(.text)
    UART4_IRQHandler                         0x08000277   Thumb Code     0  startup_stm32f407xx.o(.text)
    UART5_IRQHandler                         0x08000277   Thumb Code     0  startup_stm32f407xx.o(.text)
    USART1_IRQHandler                        0x08000277   Thumb Code     0  startup_stm32f407xx.o(.text)
    USART2_IRQHandler                        0x08000277   Thumb Code     0  startup_stm32f407xx.o(.text)
    USART6_IRQHandler                        0x08000277   Thumb Code     0  startup_stm32f407xx.o(.text)
    WWDG_IRQHandler                          0x08000277   Thumb Code     0  startup_stm32f407xx.o(.text)
    __aeabi_uldivmod                         0x08000281   Thumb Code    98  uldiv.o(.text)
    __aeabi_memcpy                           0x080002e3   Thumb Code    36  memcpya.o(.text)
    __aeabi_memcpy4                          0x080002e3   Thumb Code     0  memcpya.o(.text)
    __aeabi_memcpy8                          0x080002e3   Thumb Code     0  memcpya.o(.text)
    __aeabi_memset                           0x08000307   Thumb Code    14  memseta.o(.text)
    __aeabi_memset4                          0x08000307   Thumb Code     0  memseta.o(.text)
    __aeabi_memset8                          0x08000307   Thumb Code     0  memseta.o(.text)
    __aeabi_memclr                           0x08000315   Thumb Code     4  memseta.o(.text)
    __aeabi_memclr4                          0x08000315   Thumb Code     0  memseta.o(.text)
    __aeabi_memclr8                          0x08000315   Thumb Code     0  memseta.o(.text)
    memset                                   0x08000319   Thumb Code    18  memseta.o(.text)
    strlen                                   0x0800032b   Thumb Code    14  strlen.o(.text)
    __aeabi_llsl                             0x08000339   Thumb Code    30  llshl.o(.text)
    _ll_shift_l                              0x08000339   Thumb Code     0  llshl.o(.text)
    __aeabi_llsr                             0x08000357   Thumb Code    32  llushr.o(.text)
    _ll_ushift_r                             0x08000357   Thumb Code     0  llushr.o(.text)
    __scatterload                            0x08000379   Thumb Code    28  init.o(.text)
    __scatterload_rt2                        0x08000379   Thumb Code     0  init.o(.text)
    Activate_SPI                             0x0800039d   Thumb Code    12  spi.o(i.Activate_SPI)
    BusFault_Handler                         0x080003ad   Thumb Code     2  stm32f4xx_it.o(i.BusFault_Handler)
    CC1101CalcRSSI_dBm                       0x080003af   Thumb Code    26  cc1101.o(i.CC1101CalcRSSI_dBm)
    CC1101ClrRXBuff                          0x080003c9   Thumb Code    18  cc1101.o(i.CC1101ClrRXBuff)
    CC1101GetRXCnt                           0x080003db   Thumb Code    14  cc1101.o(i.CC1101GetRXCnt)
    CC1101Init                               0x080003e9   Thumb Code   108  cc1101.o(i.CC1101Init)
    CC1101ReadMultiReg                       0x08000461   Thumb Code    74  cc1101.o(i.CC1101ReadMultiReg)
    CC1101ReadReg                            0x080004b1   Thumb Code    46  cc1101.o(i.CC1101ReadReg)
    CC1101ReadStatus                         0x080004e5   Thumb Code    46  cc1101.o(i.CC1101ReadStatus)
    CC1101RecPacket                          0x08000519   Thumb Code   222  cc1101.o(i.CC1101RecPacket)
    CC1101RecvHandler                        0x080005fd   Thumb Code   128  cc1101.o(i.CC1101RecvHandler)
    CC1101Reset                              0x08000689   Thumb Code    94  cc1101.o(i.CC1101Reset)
    CC1101SetAddress                         0x080006ed   Thumb Code    22  cc1101.o(i.CC1101SetAddress)
    CC1101SetSYNC                            0x08000703   Thumb Code    24  cc1101.o(i.CC1101SetSYNC)
    CC1101SetTRMode                          0x0800071b   Thumb Code    56  cc1101.o(i.CC1101SetTRMode)
    CC1101SetWORMode                         0x08000753   Thumb Code    32  cc1101.o(i.CC1101SetWORMode)
    CC1101WORInit                            0x08000773   Thumb Code    46  cc1101.o(i.CC1101WORInit)
    CC1101WriteCmd                           0x080007a1   Thumb Code    36  cc1101.o(i.CC1101WriteCmd)
    CC1101WriteMultiReg                      0x080007c9   Thumb Code    62  cc1101.o(i.CC1101WriteMultiReg)
    CC1101WriteReg                           0x0800080d   Thumb Code    44  cc1101.o(i.CC1101WriteReg)
    CRC32_Calculate                          0x0800083d   Thumb Code   100  crc.o(i.CRC32_Calculate)
    CRC32_Check                              0x080008a5   Thumb Code   134  crc.o(i.CRC32_Check)
    DMA1_Stream1_IRQHandler                  0x08000999   Thumb Code   106  stm32f4xx_it.o(i.DMA1_Stream1_IRQHandler)
    DebugMon_Handler                         0x08000a19   Thumb Code     2  stm32f4xx_it.o(i.DebugMon_Handler)
    EXTI0_IRQHandler                         0x08000a1d   Thumb Code    16  stm32f4xx_it.o(i.EXTI0_IRQHandler)
    EXTI1_IRQHandler                         0x08000a31   Thumb Code    16  stm32f4xx_it.o(i.EXTI1_IRQHandler)
    Error_Handler                            0x08000a45   Thumb Code    18  main.o(i.Error_Handler)
    FM25L256Read                             0x08000a81   Thumb Code    62  fram.o(i.FM25L256Read)
    FM25L256Write                            0x08000ac5   Thumb Code    86  fram.o(i.FM25L256Write)
    FM25L256WriteEnable                      0x08000b21   Thumb Code    48  fram.o(i.FM25L256WriteEnable)
    FramCtrl                                 0x08000b55   Thumb Code   230  fram.o(i.FramCtrl)
    FunctionCtrl                             0x08000ccd   Thumb Code    76  freertos.o(i.FunctionCtrl)
    GetRTC                                   0x08000d2d   Thumb Code    86  rtc.o(i.GetRTC)
    HAL_CRC_Calculate_U                      0x08000d89   Thumb Code   108  crc.o(i.HAL_CRC_Calculate_U)
    HAL_CRC_Init                             0x08000df5   Thumb Code    34  stm32f4xx_hal_crc.o(i.HAL_CRC_Init)
    HAL_CRC_MspInit                          0x08000e19   Thumb Code    30  crc.o(i.HAL_CRC_MspInit)
    HAL_Delay                                0x08000e41   Thumb Code    32  stm32f4xx_hal.o(i.HAL_Delay)
    HAL_GPIO_EXTI_Callback                   0x08000e65   Thumb Code     2  stm32f4xx_hal_gpio.o(i.HAL_GPIO_EXTI_Callback)
    HAL_GPIO_EXTI_IRQHandler                 0x08000e69   Thumb Code    18  stm32f4xx_hal_gpio.o(i.HAL_GPIO_EXTI_IRQHandler)
    HAL_GPIO_Init                            0x08000e81   Thumb Code   450  stm32f4xx_hal_gpio.o(i.HAL_GPIO_Init)
    HAL_GPIO_ReadPin                         0x08001071   Thumb Code    10  stm32f4xx_hal_gpio.o(i.HAL_GPIO_ReadPin)
    HAL_GPIO_TogglePin                       0x0800107b   Thumb Code    16  stm32f4xx_hal_gpio.o(i.HAL_GPIO_TogglePin)
    HAL_GPIO_WritePin                        0x0800108b   Thumb Code    10  stm32f4xx_hal_gpio.o(i.HAL_GPIO_WritePin)
    HAL_GetTick                              0x08001095   Thumb Code     6  stm32f4xx_hal.o(i.HAL_GetTick)
    HAL_IWDG_Init                            0x080010a1   Thumb Code    90  stm32f4xx_hal_iwdg.o(i.HAL_IWDG_Init)
    HAL_IWDG_Refresh                         0x080010fb   Thumb Code    12  stm32f4xx_hal_iwdg.o(i.HAL_IWDG_Refresh)
    HAL_IncTick                              0x08001109   Thumb Code    12  stm32f4xx_hal.o(i.HAL_IncTick)
    HAL_Init                                 0x08001119   Thumb Code    48  stm32f4xx_hal.o(i.HAL_Init)
    HAL_InitTick                             0x0800114d   Thumb Code   100  stm32f4xx_hal_timebase_tim.o(i.HAL_InitTick)
    HAL_MspInit                              0x080011c1   Thumb Code    52  stm32f4xx_hal_msp.o(i.HAL_MspInit)
    HAL_NVIC_DisableIRQ                      0x080011f9   Thumb Code    34  stm32f4xx_hal_cortex.o(i.HAL_NVIC_DisableIRQ)
    HAL_NVIC_EnableIRQ                       0x0800121b   Thumb Code    26  stm32f4xx_hal_cortex.o(i.HAL_NVIC_EnableIRQ)
    HAL_NVIC_SetPriority                     0x08001235   Thumb Code    60  stm32f4xx_hal_cortex.o(i.HAL_NVIC_SetPriority)
    HAL_NVIC_SetPriorityGrouping             0x08001275   Thumb Code    26  stm32f4xx_hal_cortex.o(i.HAL_NVIC_SetPriorityGrouping)
    HAL_RCCEx_PeriphCLKConfig                0x08001299   Thumb Code   296  stm32f4xx_hal_rcc_ex.o(i.HAL_RCCEx_PeriphCLKConfig)
    HAL_RCC_ClockConfig                      0x080013d5   Thumb Code   288  stm32f4xx_hal_rcc.o(i.HAL_RCC_ClockConfig)
    HAL_RCC_GetClockConfig                   0x08001509   Thumb Code    54  stm32f4xx_hal_rcc.o(i.HAL_RCC_GetClockConfig)
    HAL_RCC_GetPCLK2Freq                     0x08001549   Thumb Code    20  stm32f4xx_hal_rcc.o(i.HAL_RCC_GetPCLK2Freq)
    HAL_RCC_GetSysClockFreq                  0x08001569   Thumb Code    88  stm32f4xx_hal_rcc.o(i.HAL_RCC_GetSysClockFreq)
    HAL_RCC_OscConfig                        0x080015c9   Thumb Code   856  stm32f4xx_hal_rcc.o(i.HAL_RCC_OscConfig)
    HAL_RTC_GetDate                          0x08001935   Thumb Code    62  stm32f4xx_hal_rtc.o(i.HAL_RTC_GetDate)
    HAL_RTC_GetTime                          0x08001979   Thumb Code    82  stm32f4xx_hal_rtc.o(i.HAL_RTC_GetTime)
    HAL_RTC_Init                             0x080019d1   Thumb Code   166  stm32f4xx_hal_rtc.o(i.HAL_RTC_Init)
    HAL_RTC_MspInit                          0x08001a7d   Thumb Code    48  rtc.o(i.HAL_RTC_MspInit)
    HAL_RTC_SetDate                          0x08001ab5   Thumb Code   194  stm32f4xx_hal_rtc.o(i.HAL_RTC_SetDate)
    HAL_RTC_SetTime                          0x08001b7d   Thumb Code   230  stm32f4xx_hal_rtc.o(i.HAL_RTC_SetTime)
    HAL_RTC_WaitForSynchro                   0x08001c69   Thumb Code    54  stm32f4xx_hal_rtc.o(i.HAL_RTC_WaitForSynchro)
    HAL_TIMEx_BreakCallback                  0x08001c9f   Thumb Code     2  stm32f4xx_hal_tim_ex.o(i.HAL_TIMEx_BreakCallback)
    HAL_TIMEx_CommutCallback                 0x08001ca1   Thumb Code     2  stm32f4xx_hal_tim_ex.o(i.HAL_TIMEx_CommutCallback)
    HAL_TIM_Base_Init                        0x08001ca3   Thumb Code    90  stm32f4xx_hal_tim.o(i.HAL_TIM_Base_Init)
    HAL_TIM_Base_MspInit                     0x08001cfd   Thumb Code     2  stm32f4xx_hal_tim.o(i.HAL_TIM_Base_MspInit)
    HAL_TIM_Base_Start_IT                    0x08001d01   Thumb Code   100  stm32f4xx_hal_tim.o(i.HAL_TIM_Base_Start_IT)
    HAL_TIM_IC_CaptureCallback               0x08001d81   Thumb Code     2  stm32f4xx_hal_tim.o(i.HAL_TIM_IC_CaptureCallback)
    HAL_TIM_IRQHandler                       0x08001d83   Thumb Code   358  stm32f4xx_hal_tim.o(i.HAL_TIM_IRQHandler)
    HAL_TIM_OC_DelayElapsedCallback          0x08001ee9   Thumb Code     2  stm32f4xx_hal_tim.o(i.HAL_TIM_OC_DelayElapsedCallback)
    HAL_TIM_PWM_PulseFinishedCallback        0x08001eeb   Thumb Code     2  stm32f4xx_hal_tim.o(i.HAL_TIM_PWM_PulseFinishedCallback)
    HAL_TIM_PeriodElapsedCallback            0x08001eed   Thumb Code    14  main.o(i.HAL_TIM_PeriodElapsedCallback)
    HAL_TIM_TriggerCallback                  0x08001f01   Thumb Code     2  stm32f4xx_hal_tim.o(i.HAL_TIM_TriggerCallback)
    HardFault_Handler                        0x08001f03   Thumb Code     2  stm32f4xx_it.o(i.HardFault_Handler)
    InitFramInfo                             0x08001f05   Thumb Code    92  fram.o(i.InitFramInfo)
    LED_Blinking                             0x08001f6d   Thumb Code    20  main.o(i.LED_Blinking)
    LL_GPIO_Init                             0x08001fb5   Thumb Code   310  stm32f4xx_ll_gpio.o(i.LL_GPIO_Init)
    LL_RCC_GetSystemClocksFreq               0x080020eb   Thumb Code    32  stm32f4xx_ll_rcc.o(i.LL_RCC_GetSystemClocksFreq)
    LL_SPI_Init                              0x0800210b   Thumb Code   100  stm32f4xx_ll_spi.o(i.LL_SPI_Init)
    LL_USART_Init                            0x08002171   Thumb Code   136  stm32f4xx_ll_usart.o(i.LL_USART_Init)
    MX_CRC_Init                              0x080022c1   Thumb Code    28  crc.o(i.MX_CRC_Init)
    MX_DMA_Init                              0x080022e5   Thumb Code    84  dma.o(i.MX_DMA_Init)
    MX_FREERTOS_Init                         0x08002345   Thumb Code   182  freertos.o(i.MX_FREERTOS_Init)
    MX_GPIO_Init                             0x08002409   Thumb Code   402  gpio.o(i.MX_GPIO_Init)
    MX_IWDG_Init                             0x080025b5   Thumb Code    36  iwdg.o(i.MX_IWDG_Init)
    MX_RTC_Init                              0x080025e1   Thumb Code   120  rtc.o(i.MX_RTC_Init)
    MX_SPI2_Init                             0x08002661   Thumb Code   142  spi.o(i.MX_SPI2_Init)
    MX_USART3_UART_Init                      0x080026fd   Thumb Code   308  usart.o(i.MX_USART3_UART_Init)
    MemManage_Handler                        0x08002849   Thumb Code     2  stm32f4xx_it.o(i.MemManage_Handler)
    ModuleLteReset                           0x0800284d   Thumb Code    54  main.o(i.ModuleLteReset)
    NMI_Handler                              0x080028a5   Thumb Code     2  stm32f4xx_it.o(i.NMI_Handler)
    RCC_GetHCLKClockFreq                     0x080028a9   Thumb Code    18  stm32f4xx_ll_rcc.o(i.RCC_GetHCLKClockFreq)
    RCC_GetPCLK1ClockFreq                    0x080028c5   Thumb Code    20  stm32f4xx_ll_rcc.o(i.RCC_GetPCLK1ClockFreq)
    RCC_GetPCLK2ClockFreq                    0x080028e1   Thumb Code    20  stm32f4xx_ll_rcc.o(i.RCC_GetPCLK2ClockFreq)
    RCC_GetSystemClockFreq                   0x080028fd   Thumb Code    30  stm32f4xx_ll_rcc.o(i.RCC_GetSystemClockFreq)
    RCC_PLL_GetFreqDomain_SYS                0x08002929   Thumb Code    68  stm32f4xx_ll_rcc.o(i.RCC_PLL_GetFreqDomain_SYS)
    RFIDInitial                              0x08002975   Thumb Code    66  cc1101.o(i.RFIDInitial)
    RTC_Bcd2ToByte                           0x080029bd   Thumb Code    18  stm32f4xx_hal_rtc.o(i.RTC_Bcd2ToByte)
    RTC_ByteToBcd2                           0x080029cf   Thumb Code    22  stm32f4xx_hal_rtc.o(i.RTC_ByteToBcd2)
    RTC_EnterInitMode                        0x080029e5   Thumb Code    58  stm32f4xx_hal_rtc.o(i.RTC_EnterInitMode)
    SPI_ExchangeByte                         0x08002a21   Thumb Code    30  spi.o(i.SPI_ExchangeByte)
    SendToCloud                              0x08002a45   Thumb Code   306  freertos.o(i.SendToCloud)
    SetRTC                                   0x08002b89   Thumb Code   104  rtc.o(i.SetRTC)
    ShowMessage                              0x08002bf5   Thumb Code    50  main.o(i.ShowMessage)
    SpiFunction                              0x08002c91   Thumb Code    46  spi.o(i.SpiFunction)
    StartCommandTask                         0x08002cc1   Thumb Code   130  freertos.o(i.StartCommandTask)
    StartRFIDInputTask                       0x08002d79   Thumb Code    34  freertos.o(i.StartRFIDInputTask)
    StartUsartRxDmaTask                      0x08002da5   Thumb Code    24  freertos.o(i.StartUsartRxDmaTask)
    SysTick_Handler                          0x08002dc1   Thumb Code    38  port.o(i.SysTick_Handler)
    SystemClock_Config                       0x08002ded   Thumb Code   144  main.o(i.SystemClock_Config)
    SystemInit                               0x08002e85   Thumb Code    12  system_stm32f4xx.o(i.SystemInit)
    SystemInitial                            0x08002e95   Thumb Code    82  main.o(i.SystemInitial)
    TIM1_UP_TIM10_IRQHandler                 0x08002ef1   Thumb Code     6  stm32f4xx_it.o(i.TIM1_UP_TIM10_IRQHandler)
    TIM_Base_SetConfig                       0x08002efd   Thumb Code   156  stm32f4xx_hal_tim.o(i.TIM_Base_SetConfig)
    USART3_IRQHandler                        0x08002fc5   Thumb Code    68  stm32f4xx_it.o(i.USART3_IRQHandler)
    UsageFault_Handler                       0x08003019   Thumb Code     2  stm32f4xx_it.o(i.UsageFault_Handler)
    __0printf$8                              0x0800301d   Thumb Code    22  printf8.o(i.__0printf$8)
    __1printf$8                              0x0800301d   Thumb Code     0  printf8.o(i.__0printf$8)
    __2printf                                0x0800301d   Thumb Code     0  printf8.o(i.__0printf$8)
    __scatterload_copy                       0x0800305d   Thumb Code    14  handlers.o(i.__scatterload_copy)
    __scatterload_null                       0x0800306b   Thumb Code     2  handlers.o(i.__scatterload_null)
    __scatterload_zeroinit                   0x0800306d   Thumb Code    14  handlers.o(i.__scatterload_zeroinit)
    fputc                                    0x080034e1   Thumb Code    14  usart.o(i.fputc)
    free                                     0x080034f5   Thumb Code    76  malloc.o(i.free)
    lte_usart_init                           0x08003551   Thumb Code   126  usart.o(i.lte_usart_init)
    lte_usart_process_data                   0x080035e1   Thumb Code   198  usart.o(i.lte_usart_process_data)
    lte_usart_rx_check                       0x080036b9   Thumb Code    68  usart.o(i.lte_usart_rx_check)
    lte_usart_send_data                      0x0800370d   Thumb Code    38  usart.o(i.lte_usart_send_data)
    lte_usart_send_string                    0x08003739   Thumb Code    20  usart.o(i.lte_usart_send_string)
    main                                     0x0800374d   Thumb Code    50  main.o(i.main)
    malloc                                   0x0800378d   Thumb Code    92  malloc.o(i.malloc)
    osDelay                                  0x080037f9   Thumb Code    14  cmsis_os.o(i.osDelay)
    osKernelStart                            0x08003807   Thumb Code    10  cmsis_os.o(i.osKernelStart)
    osMessageCreate                          0x08003811   Thumb Code    38  cmsis_os.o(i.osMessageCreate)
    osMessageGet                             0x08003839   Thumb Code   144  cmsis_os.o(i.osMessageGet)
    osMessagePut                             0x080038cd   Thumb Code    86  cmsis_os.o(i.osMessagePut)
    osSemaphoreCreate                        0x08003929   Thumb Code    62  cmsis_os.o(i.osSemaphoreCreate)
    osSemaphoreRelease                       0x08003969   Thumb Code    74  cmsis_os.o(i.osSemaphoreRelease)
    osSemaphoreWait                          0x080039b9   Thumb Code    96  cmsis_os.o(i.osSemaphoreWait)
    osThreadCreate                           0x08003a1d   Thumb Code    84  cmsis_os.o(i.osThreadCreate)
    pvPortMalloc                             0x08003ef5   Thumb Code   216  heap_4.o(i.pvPortMalloc)
    pvTaskIncrementMutexHeldCount            0x08003fd1   Thumb Code    18  tasks.o(i.pvTaskIncrementMutexHeldCount)
    pxPortInitialiseStack                    0x08003fe9   Thumb Code    40  port.o(i.pxPortInitialiseStack)
    strcatArray                              0x08004015   Thumb Code    40  main.o(i.strcatArray)
    uxListRemove                             0x0800403d   Thumb Code    38  list.o(i.uxListRemove)
    vApplicationGetIdleTaskMemory            0x08004065   Thumb Code    16  freertos.o(i.vApplicationGetIdleTaskMemory)
    vApplicationIdleHook                     0x08004079   Thumb Code    36  freertos.o(i.vApplicationIdleHook)
    vListInitialise                          0x080040a5   Thumb Code    22  list.o(i.vListInitialise)
    vListInitialiseItem                      0x080040bb   Thumb Code     6  list.o(i.vListInitialiseItem)
    vListInsert                              0x080040c1   Thumb Code    48  list.o(i.vListInsert)
    vListInsertEnd                           0x080040f1   Thumb Code    24  list.o(i.vListInsertEnd)
    vPortEnterCritical                       0x08004109   Thumb Code    54  port.o(i.vPortEnterCritical)
    vPortExitCritical                        0x08004149   Thumb Code    34  port.o(i.vPortExitCritical)
    vPortFree                                0x08004171   Thumb Code    94  heap_4.o(i.vPortFree)
    vPortSetupTimerInterrupt                 0x080041d5   Thumb Code    32  port.o(i.vPortSetupTimerInterrupt)
    vPortValidateInterruptPriority           0x080041f9   Thumb Code    74  port.o(i.vPortValidateInterruptPriority)
    vTaskDelay                               0x0800424d   Thumb Code    66  tasks.o(i.vTaskDelay)
    vTaskInternalSetTimeOutState             0x08004299   Thumb Code    12  tasks.o(i.vTaskInternalSetTimeOutState)
    vTaskMissedYield                         0x080042a9   Thumb Code     8  tasks.o(i.vTaskMissedYield)
    vTaskPlaceOnEventList                    0x080042b5   Thumb Code    44  tasks.o(i.vTaskPlaceOnEventList)
    vTaskPriorityDisinheritAfterTimeout      0x080042e5   Thumb Code   152  tasks.o(i.vTaskPriorityDisinheritAfterTimeout)
    vTaskStartScheduler                      0x08004385   Thumb Code    90  tasks.o(i.vTaskStartScheduler)
    vTaskSuspendAll                          0x080043f1   Thumb Code    10  tasks.o(i.vTaskSuspendAll)
    vTaskSwitchContext                       0x08004401   Thumb Code    82  tasks.o(i.vTaskSwitchContext)
    xPortStartScheduler                      0x0800445d   Thumb Code   222  port.o(i.xPortStartScheduler)
    xQueueGenericCreate                      0x08004551   Thumb Code    66  queue.o(i.xQueueGenericCreate)
    xQueueGenericCreateStatic                0x08004593   Thumb Code   102  queue.o(i.xQueueGenericCreateStatic)
    xQueueGenericReset                       0x080045f9   Thumb Code   132  queue.o(i.xQueueGenericReset)
    xQueueGenericSend                        0x08004681   Thumb Code   346  queue.o(i.xQueueGenericSend)
    xQueueGenericSendFromISR                 0x080047e1   Thumb Code   190  queue.o(i.xQueueGenericSendFromISR)
    xQueueGiveFromISR                        0x0800489f   Thumb Code   156  queue.o(i.xQueueGiveFromISR)
    xQueueReceive                            0x0800493d   Thumb Code   308  queue.o(i.xQueueReceive)
    xQueueReceiveFromISR                     0x08004a75   Thumb Code   154  queue.o(i.xQueueReceiveFromISR)
    xQueueSemaphoreTake                      0x08004b11   Thumb Code   372  queue.o(i.xQueueSemaphoreTake)
    xTaskCheckForTimeOut                     0x08004c89   Thumb Code   112  tasks.o(i.xTaskCheckForTimeOut)
    xTaskCreate                              0x08004cfd   Thumb Code    90  tasks.o(i.xTaskCreate)
    xTaskCreateStatic                        0x08004d57   Thumb Code    86  tasks.o(i.xTaskCreateStatic)
    xTaskGetSchedulerState                   0x08004dad   Thumb Code    22  tasks.o(i.xTaskGetSchedulerState)
    xTaskIncrementTick                       0x08004dc9   Thumb Code   194  tasks.o(i.xTaskIncrementTick)
    xTaskPriorityDisinherit                  0x08004e95   Thumb Code   144  tasks.o(i.xTaskPriorityDisinherit)
    xTaskPriorityInherit                     0x08004f2d   Thumb Code   130  tasks.o(i.xTaskPriorityInherit)
    xTaskRemoveFromEventList                 0x08004fb9   Thumb Code   108  tasks.o(i.xTaskRemoveFromEventList)
    xTaskResumeAll                           0x0800502d   Thumb Code   182  tasks.o(i.xTaskResumeAll)
    AHBPrescTable                            0x080051c4   Data          16  system_stm32f4xx.o(.constdata)
    APBPrescTable                            0x080051d4   Data           8  system_stm32f4xx.o(.constdata)
    Region$$Table$$Base                      0x08005298   Number         0  anon$$obj.o(Region$$Table)
    Region$$Table$$Limit                     0x080052b8   Number         0  anon$$obj.o(Region$$Table)
    CollectorID                              0x20000000   Data           4  fram.o(.data)
    rxCatch                                  0x20000004   Data           1  cc1101.o(.data)
    txFiFoUnFlow                             0x20000005   Data           1  cc1101.o(.data)
    PaTabel                                  0x20000006   Data           8  cc1101.o(.data)
    usartRxDmaTaskHandle                     0x20000018   Data           4  freertos.o(.data)
    rfidInputTaskHandle                      0x2000001c   Data           4  freertos.o(.data)
    commandTaskHandle                        0x20000020   Data           4  freertos.o(.data)
    usartRxQueueHandle                       0x20000024   Data           4  freertos.o(.data)
    rxBufferBinarySemHandle                  0x20000028   Data           4  freertos.o(.data)
    usartIdleBinarySemHandle                 0x2000002c   Data           4  freertos.o(.data)
    dmaHTBinarySemHandle                     0x20000030   Data           4  freertos.o(.data)
    dmaTCBinarySemHandle                     0x20000034   Data           4  freertos.o(.data)
    hcrc                                     0x20000038   Data           8  crc.o(.data)
    uwTickFreq                               0x20000044   Data           1  stm32f4xx_hal.o(.data)
    uwTickPrio                               0x20000048   Data           4  stm32f4xx_hal.o(.data)
    uwTick                                   0x2000004c   Data           4  stm32f4xx_hal.o(.data)
    SystemCoreClock                          0x20000050   Data           4  system_stm32f4xx.o(.data)
    pxCurrentTCB                             0x20000054   Data           4  tasks.o(.data)
    __stdout                                 0x200000bc   Data           4  stdout.o(.data)
    __microlib_freelist                      0x200000c0   Data           4  mvars.o(.data)
    __microlib_freelist_initialised          0x200000c4   Data           4  mvars.o(.data)
    RFID_init                                0x200000c8   Data       32736  fram.o(.bss)
    FRAM_Data                                0x200080a8   Data          16  fram.o(.bss)
    cc1101                                   0x200080b8   Data         524  cc1101.o(.bss)
    hiwdg                                    0x20008618   Data          12  iwdg.o(.bss)
    hrtc                                     0x20008624   Data          32  rtc.o(.bss)
    lte                                      0x200086c4   Data         130  usart.o(.bss)
    htim1                                    0x20008748   Data          72  stm32f4xx_hal_timebase_tim.o(.bss)
    __heap_base                              0x2000c480   Data           0  startup_stm32f407xx.o(HEAP)
    __heap_limit                             0x2000c680   Data           0  startup_stm32f407xx.o(HEAP)
    __initial_sp                             0x2000ca80   Data           0  startup_stm32f407xx.o(STACK)



==============================================================================

Memory Map of the image

  Image Entry point : 0x08000189

  Load Region LR_IROM1 (Base: 0x08000000, Size: 0x00005380, Max: 0x00100000, ABSOLUTE)

    Execution Region ER_IROM1 (Exec base: 0x08000000, Load base: 0x08000000, Size: 0x000052b8, Max: 0x00100000, ABSOLUTE)

    Exec Addr    Load Addr    Size         Type   Attr      Idx    E Section Name        Object

    0x08000000   0x08000000   0x00000188   Data   RO            3    RESET               startup_stm32f407xx.o
    0x08000188   0x08000188   0x00000000   Code   RO         5511  * .ARM.Collect$$$$00000000  mc_w.l(entry.o)
    0x08000188   0x08000188   0x00000004   Code   RO         5815    .ARM.Collect$$$$00000001  mc_w.l(entry2.o)
    0x0800018c   0x0800018c   0x00000004   Code   RO         5818    .ARM.Collect$$$$00000004  mc_w.l(entry5.o)
    0x08000190   0x08000190   0x00000000   Code   RO         5820    .ARM.Collect$$$$00000008  mc_w.l(entry7b.o)
    0x08000190   0x08000190   0x00000000   Code   RO         5822    .ARM.Collect$$$$0000000A  mc_w.l(entry8b.o)
    0x08000190   0x08000190   0x00000008   Code   RO         5823    .ARM.Collect$$$$0000000B  mc_w.l(entry9a.o)
    0x08000198   0x08000198   0x00000000   Code   RO         5825    .ARM.Collect$$$$0000000D  mc_w.l(entry10a.o)
    0x08000198   0x08000198   0x00000000   Code   RO         5827    .ARM.Collect$$$$0000000F  mc_w.l(entry11a.o)
    0x08000198   0x08000198   0x00000004   Code   RO         5816    .ARM.Collect$$$$00002712  mc_w.l(entry2.o)
    0x0800019c   0x0800019c   0x000000be   Code   RO         5434    .emb_text           port.o
    0x0800025a   0x0800025a   0x00000002   PAD
    0x0800025c   0x0800025c   0x00000024   Code   RO            4    .text               startup_stm32f407xx.o
    0x08000280   0x08000280   0x00000062   Code   RO         5514    .text               mc_w.l(uldiv.o)
    0x080002e2   0x080002e2   0x00000024   Code   RO         5516    .text               mc_w.l(memcpya.o)
    0x08000306   0x08000306   0x00000024   Code   RO         5520    .text               mc_w.l(memseta.o)
    0x0800032a   0x0800032a   0x0000000e   Code   RO         5522    .text               mc_w.l(strlen.o)
    0x08000338   0x08000338   0x0000001e   Code   RO         5832    .text               mc_w.l(llshl.o)
    0x08000356   0x08000356   0x00000020   Code   RO         5834    .text               mc_w.l(llushr.o)
    0x08000376   0x08000376   0x00000002   PAD
    0x08000378   0x08000378   0x00000024   Code   RO         5849    .text               mc_w.l(init.o)
    0x0800039c   0x0800039c   0x00000010   Code   RO          823    i.Activate_SPI      spi.o
    0x080003ac   0x080003ac   0x00000002   Code   RO          968    i.BusFault_Handler  stm32f4xx_it.o
    0x080003ae   0x080003ae   0x0000001a   Code   RO          241    i.CC1101CalcRSSI_dBm  cc1101.o
    0x080003c8   0x080003c8   0x00000012   Code   RO          242    i.CC1101ClrRXBuff   cc1101.o
    0x080003da   0x080003da   0x0000000e   Code   RO          244    i.CC1101GetRXCnt    cc1101.o
    0x080003e8   0x080003e8   0x00000078   Code   RO          245    i.CC1101Init        cc1101.o
    0x08000460   0x08000460   0x00000050   Code   RO          246    i.CC1101ReadMultiReg  cc1101.o
    0x080004b0   0x080004b0   0x00000034   Code   RO          248    i.CC1101ReadReg     cc1101.o
    0x080004e4   0x080004e4   0x00000034   Code   RO          249    i.CC1101ReadStatus  cc1101.o
    0x08000518   0x08000518   0x000000e4   Code   RO          250    i.CC1101RecPacket   cc1101.o
    0x080005fc   0x080005fc   0x0000008c   Code   RO          251    i.CC1101RecvHandler  cc1101.o
    0x08000688   0x08000688   0x00000064   Code   RO          252    i.CC1101Reset       cc1101.o
    0x080006ec   0x080006ec   0x00000016   Code   RO          254    i.CC1101SetAddress  cc1101.o
    0x08000702   0x08000702   0x00000018   Code   RO          256    i.CC1101SetSYNC     cc1101.o
    0x0800071a   0x0800071a   0x00000038   Code   RO          257    i.CC1101SetTRMode   cc1101.o
    0x08000752   0x08000752   0x00000020   Code   RO          258    i.CC1101SetWORMode  cc1101.o
    0x08000772   0x08000772   0x0000002e   Code   RO          259    i.CC1101WORInit     cc1101.o
    0x080007a0   0x080007a0   0x00000028   Code   RO          260    i.CC1101WriteCmd    cc1101.o
    0x080007c8   0x080007c8   0x00000044   Code   RO          261    i.CC1101WriteMultiReg  cc1101.o
    0x0800080c   0x0800080c   0x00000030   Code   RO          262    i.CC1101WriteReg    cc1101.o
    0x0800083c   0x0800083c   0x00000068   Code   RO          643    i.CRC32_Calculate   crc.o
    0x080008a4   0x080008a4   0x0000008c   Code   RO          644    i.CRC32_Check       crc.o
    0x08000930   0x08000930   0x00000066   Code   RO          645    i.CRC_Handle_8      crc.o
    0x08000996   0x08000996   0x00000002   PAD
    0x08000998   0x08000998   0x00000080   Code   RO          969    i.DMA1_Stream1_IRQHandler  stm32f4xx_it.o
    0x08000a18   0x08000a18   0x00000002   Code   RO          970    i.DebugMon_Handler  stm32f4xx_it.o
    0x08000a1a   0x08000a1a   0x00000002   PAD
    0x08000a1c   0x08000a1c   0x00000014   Code   RO          971    i.EXTI0_IRQHandler  stm32f4xx_it.o
    0x08000a30   0x08000a30   0x00000014   Code   RO          972    i.EXTI1_IRQHandler  stm32f4xx_it.o
    0x08000a44   0x08000a44   0x0000003c   Code   RO          410    i.Error_Handler     main.o
    0x08000a80   0x08000a80   0x00000044   Code   RO           13    i.FM25L256Read      fram.o
    0x08000ac4   0x08000ac4   0x0000005c   Code   RO           15    i.FM25L256Write     fram.o
    0x08000b20   0x08000b20   0x00000034   Code   RO           17    i.FM25L256WriteEnable  fram.o
    0x08000b54   0x08000b54   0x00000178   Code   RO           19    i.FramCtrl          fram.o
    0x08000ccc   0x08000ccc   0x00000060   Code   RO          563    i.FunctionCtrl      freertos.o
    0x08000d2c   0x08000d2c   0x0000005c   Code   RO          769    i.GetRTC            rtc.o
    0x08000d88   0x08000d88   0x0000006c   Code   RO          646    i.HAL_CRC_Calculate_U  crc.o
    0x08000df4   0x08000df4   0x00000022   Code   RO         1131    i.HAL_CRC_Init      stm32f4xx_hal_crc.o
    0x08000e16   0x08000e16   0x00000002   PAD
    0x08000e18   0x08000e18   0x00000028   Code   RO          648    i.HAL_CRC_MspInit   crc.o
    0x08000e40   0x08000e40   0x00000024   Code   RO         2068    i.HAL_Delay         stm32f4xx_hal.o
    0x08000e64   0x08000e64   0x00000002   Code   RO         1540    i.HAL_GPIO_EXTI_Callback  stm32f4xx_hal_gpio.o
    0x08000e66   0x08000e66   0x00000002   PAD
    0x08000e68   0x08000e68   0x00000018   Code   RO         1541    i.HAL_GPIO_EXTI_IRQHandler  stm32f4xx_hal_gpio.o
    0x08000e80   0x08000e80   0x000001f0   Code   RO         1542    i.HAL_GPIO_Init     stm32f4xx_hal_gpio.o
    0x08001070   0x08001070   0x0000000a   Code   RO         1544    i.HAL_GPIO_ReadPin  stm32f4xx_hal_gpio.o
    0x0800107a   0x0800107a   0x00000010   Code   RO         1545    i.HAL_GPIO_TogglePin  stm32f4xx_hal_gpio.o
    0x0800108a   0x0800108a   0x0000000a   Code   RO         1546    i.HAL_GPIO_WritePin  stm32f4xx_hal_gpio.o
    0x08001094   0x08001094   0x0000000c   Code   RO         2074    i.HAL_GetTick       stm32f4xx_hal.o
    0x080010a0   0x080010a0   0x0000005a   Code   RO         2643    i.HAL_IWDG_Init     stm32f4xx_hal_iwdg.o
    0x080010fa   0x080010fa   0x0000000c   Code   RO         2644    i.HAL_IWDG_Refresh  stm32f4xx_hal_iwdg.o
    0x08001106   0x08001106   0x00000002   PAD
    0x08001108   0x08001108   0x00000010   Code   RO         2080    i.HAL_IncTick       stm32f4xx_hal.o
    0x08001118   0x08001118   0x00000034   Code   RO         2081    i.HAL_Init          stm32f4xx_hal.o
    0x0800114c   0x0800114c   0x00000074   Code   RO         1088    i.HAL_InitTick      stm32f4xx_hal_timebase_tim.o
    0x080011c0   0x080011c0   0x00000038   Code   RO         1064    i.HAL_MspInit       stm32f4xx_hal_msp.o
    0x080011f8   0x080011f8   0x00000022   Code   RO         1930    i.HAL_NVIC_DisableIRQ  stm32f4xx_hal_cortex.o
    0x0800121a   0x0800121a   0x0000001a   Code   RO         1931    i.HAL_NVIC_EnableIRQ  stm32f4xx_hal_cortex.o
    0x08001234   0x08001234   0x00000040   Code   RO         1937    i.HAL_NVIC_SetPriority  stm32f4xx_hal_cortex.o
    0x08001274   0x08001274   0x00000024   Code   RO         1938    i.HAL_NVIC_SetPriorityGrouping  stm32f4xx_hal_cortex.o
    0x08001298   0x08001298   0x0000013c   Code   RO         1293    i.HAL_RCCEx_PeriphCLKConfig  stm32f4xx_hal_rcc_ex.o
    0x080013d4   0x080013d4   0x00000134   Code   RO         1188    i.HAL_RCC_ClockConfig  stm32f4xx_hal_rcc.o
    0x08001508   0x08001508   0x00000040   Code   RO         1192    i.HAL_RCC_GetClockConfig  stm32f4xx_hal_rcc.o
    0x08001548   0x08001548   0x00000020   Code   RO         1196    i.HAL_RCC_GetPCLK2Freq  stm32f4xx_hal_rcc.o
    0x08001568   0x08001568   0x00000060   Code   RO         1197    i.HAL_RCC_GetSysClockFreq  stm32f4xx_hal_rcc.o
    0x080015c8   0x080015c8   0x0000036c   Code   RO         1200    i.HAL_RCC_OscConfig  stm32f4xx_hal_rcc.o
    0x08001934   0x08001934   0x00000044   Code   RO         2683    i.HAL_RTC_GetDate   stm32f4xx_hal_rtc.o
    0x08001978   0x08001978   0x00000058   Code   RO         2685    i.HAL_RTC_GetTime   stm32f4xx_hal_rtc.o
    0x080019d0   0x080019d0   0x000000ac   Code   RO         2686    i.HAL_RTC_Init      stm32f4xx_hal_rtc.o
    0x08001a7c   0x08001a7c   0x00000038   Code   RO          771    i.HAL_RTC_MspInit   rtc.o
    0x08001ab4   0x08001ab4   0x000000c8   Code   RO         2692    i.HAL_RTC_SetDate   stm32f4xx_hal_rtc.o
    0x08001b7c   0x08001b7c   0x000000ec   Code   RO         2693    i.HAL_RTC_SetTime   stm32f4xx_hal_rtc.o
    0x08001c68   0x08001c68   0x00000036   Code   RO         2694    i.HAL_RTC_WaitForSynchro  stm32f4xx_hal_rtc.o
    0x08001c9e   0x08001c9e   0x00000002   Code   RO         3846    i.HAL_TIMEx_BreakCallback  stm32f4xx_hal_tim_ex.o
    0x08001ca0   0x08001ca0   0x00000002   Code   RO         3847    i.HAL_TIMEx_CommutCallback  stm32f4xx_hal_tim_ex.o
    0x08001ca2   0x08001ca2   0x0000005a   Code   RO         3142    i.HAL_TIM_Base_Init  stm32f4xx_hal_tim.o
    0x08001cfc   0x08001cfc   0x00000002   Code   RO         3144    i.HAL_TIM_Base_MspInit  stm32f4xx_hal_tim.o
    0x08001cfe   0x08001cfe   0x00000002   PAD
    0x08001d00   0x08001d00   0x00000080   Code   RO         3147    i.HAL_TIM_Base_Start_IT  stm32f4xx_hal_tim.o
    0x08001d80   0x08001d80   0x00000002   Code   RO         3176    i.HAL_TIM_IC_CaptureCallback  stm32f4xx_hal_tim.o
    0x08001d82   0x08001d82   0x00000166   Code   RO         3190    i.HAL_TIM_IRQHandler  stm32f4xx_hal_tim.o
    0x08001ee8   0x08001ee8   0x00000002   Code   RO         3193    i.HAL_TIM_OC_DelayElapsedCallback  stm32f4xx_hal_tim.o
    0x08001eea   0x08001eea   0x00000002   Code   RO         3220    i.HAL_TIM_PWM_PulseFinishedCallback  stm32f4xx_hal_tim.o
    0x08001eec   0x08001eec   0x00000014   Code   RO          411    i.HAL_TIM_PeriodElapsedCallback  main.o
    0x08001f00   0x08001f00   0x00000002   Code   RO         3233    i.HAL_TIM_TriggerCallback  stm32f4xx_hal_tim.o
    0x08001f02   0x08001f02   0x00000002   Code   RO          973    i.HardFault_Handler  stm32f4xx_it.o
    0x08001f04   0x08001f04   0x00000068   Code   RO           20    i.InitFramInfo      fram.o
    0x08001f6c   0x08001f6c   0x00000018   Code   RO          412    i.LED_Blinking      main.o
    0x08001f84   0x08001f84   0x00000018   Code   RO          871    i.LL_AHB1_GRP1_EnableClock  usart.o
    0x08001f9c   0x08001f9c   0x00000018   Code   RO          872    i.LL_APB1_GRP1_EnableClock  usart.o
    0x08001fb4   0x08001fb4   0x00000136   Code   RO         2548    i.LL_GPIO_Init      stm32f4xx_ll_gpio.o
    0x080020ea   0x080020ea   0x00000020   Code   RO         2323    i.LL_RCC_GetSystemClocksFreq  stm32f4xx_ll_rcc.o
    0x0800210a   0x0800210a   0x00000064   Code   RO         3074    i.LL_SPI_Init       stm32f4xx_ll_spi.o
    0x0800216e   0x0800216e   0x00000002   PAD
    0x08002170   0x08002170   0x000000a0   Code   RO         4118    i.LL_USART_Init     stm32f4xx_ll_usart.o
    0x08002210   0x08002210   0x000000b0   Code   RO         4119    i.LL_USART_SetBaudRate  stm32f4xx_ll_usart.o
    0x080022c0   0x080022c0   0x00000024   Code   RO          649    i.MX_CRC_Init       crc.o
    0x080022e4   0x080022e4   0x00000060   Code   RO          708    i.MX_DMA_Init       dma.o
    0x08002344   0x08002344   0x000000c4   Code   RO          564    i.MX_FREERTOS_Init  freertos.o
    0x08002408   0x08002408   0x000001ac   Code   RO          539    i.MX_GPIO_Init      gpio.o
    0x080025b4   0x080025b4   0x0000002c   Code   RO          739    i.MX_IWDG_Init      iwdg.o
    0x080025e0   0x080025e0   0x00000080   Code   RO          772    i.MX_RTC_Init       rtc.o
    0x08002660   0x08002660   0x0000009c   Code   RO          824    i.MX_SPI2_Init      spi.o
    0x080026fc   0x080026fc   0x0000014c   Code   RO          874    i.MX_USART3_UART_Init  usart.o
    0x08002848   0x08002848   0x00000002   Code   RO          974    i.MemManage_Handler  stm32f4xx_it.o
    0x0800284a   0x0800284a   0x00000002   PAD
    0x0800284c   0x0800284c   0x00000058   Code   RO          413    i.ModuleLteReset    main.o
    0x080028a4   0x080028a4   0x00000002   Code   RO          975    i.NMI_Handler       stm32f4xx_it.o
    0x080028a6   0x080028a6   0x00000002   PAD
    0x080028a8   0x080028a8   0x0000001c   Code   RO         2326    i.RCC_GetHCLKClockFreq  stm32f4xx_ll_rcc.o
    0x080028c4   0x080028c4   0x0000001c   Code   RO         2327    i.RCC_GetPCLK1ClockFreq  stm32f4xx_ll_rcc.o
    0x080028e0   0x080028e0   0x0000001c   Code   RO         2328    i.RCC_GetPCLK2ClockFreq  stm32f4xx_ll_rcc.o
    0x080028fc   0x080028fc   0x0000002c   Code   RO         2329    i.RCC_GetSystemClockFreq  stm32f4xx_ll_rcc.o
    0x08002928   0x08002928   0x0000004c   Code   RO         2332    i.RCC_PLL_GetFreqDomain_SYS  stm32f4xx_ll_rcc.o
    0x08002974   0x08002974   0x00000048   Code   RO          263    i.RFIDInitial       cc1101.o
    0x080029bc   0x080029bc   0x00000012   Code   RO         2695    i.RTC_Bcd2ToByte    stm32f4xx_hal_rtc.o
    0x080029ce   0x080029ce   0x00000016   Code   RO         2696    i.RTC_ByteToBcd2    stm32f4xx_hal_rtc.o
    0x080029e4   0x080029e4   0x0000003a   Code   RO         2697    i.RTC_EnterInitMode  stm32f4xx_hal_rtc.o
    0x08002a1e   0x08002a1e   0x00000002   PAD
    0x08002a20   0x08002a20   0x00000024   Code   RO          825    i.SPI_ExchangeByte  spi.o
    0x08002a44   0x08002a44   0x00000144   Code   RO          565    i.SendToCloud       freertos.o
    0x08002b88   0x08002b88   0x0000006c   Code   RO          773    i.SetRTC            rtc.o
    0x08002bf4   0x08002bf4   0x0000009c   Code   RO          414    i.ShowMessage       main.o
    0x08002c90   0x08002c90   0x0000002e   Code   RO          826    i.SpiFunction       spi.o
    0x08002cbe   0x08002cbe   0x00000002   PAD
    0x08002cc0   0x08002cc0   0x000000b8   Code   RO          566    i.StartCommandTask  freertos.o
    0x08002d78   0x08002d78   0x0000002c   Code   RO          567    i.StartRFIDInputTask  freertos.o
    0x08002da4   0x08002da4   0x0000001c   Code   RO          568    i.StartUsartRxDmaTask  freertos.o
    0x08002dc0   0x08002dc0   0x0000002c   Code   RO         5435    i.SysTick_Handler   port.o
    0x08002dec   0x08002dec   0x00000098   Code   RO          415    i.SystemClock_Config  main.o
    0x08002e84   0x08002e84   0x00000010   Code   RO         4180    i.SystemInit        system_stm32f4xx.o
    0x08002e94   0x08002e94   0x0000005c   Code   RO          416    i.SystemInitial     main.o
    0x08002ef0   0x08002ef0   0x0000000c   Code   RO          976    i.TIM1_UP_TIM10_IRQHandler  stm32f4xx_it.o
    0x08002efc   0x08002efc   0x000000c8   Code   RO         3235    i.TIM_Base_SetConfig  stm32f4xx_hal_tim.o
    0x08002fc4   0x08002fc4   0x00000054   Code   RO          977    i.USART3_IRQHandler  stm32f4xx_it.o
    0x08003018   0x08003018   0x00000002   Code   RO          978    i.UsageFault_Handler  stm32f4xx_it.o
    0x0800301a   0x0800301a   0x00000002   PAD
    0x0800301c   0x0800301c   0x00000020   Code   RO         5733    i.__0printf$8       mc_w.l(printf8.o)
    0x0800303c   0x0800303c   0x00000020   Code   RO         1944    i.__NVIC_SetPriority  stm32f4xx_hal_cortex.o
    0x0800305c   0x0800305c   0x0000000e   Code   RO         5857    i.__scatterload_copy  mc_w.l(handlers.o)
    0x0800306a   0x0800306a   0x00000002   Code   RO         5858    i.__scatterload_null  mc_w.l(handlers.o)
    0x0800306c   0x0800306c   0x0000000e   Code   RO         5859    i.__scatterload_zeroinit  mc_w.l(handlers.o)
    0x0800307a   0x0800307a   0x00000002   PAD
    0x0800307c   0x0800307c   0x00000410   Code   RO         5740    i._printf_core      mc_w.l(printf8.o)
    0x0800348c   0x0800348c   0x00000024   Code   RO         5741    i._printf_post_padding  mc_w.l(printf8.o)
    0x080034b0   0x080034b0   0x0000002e   Code   RO         5742    i._printf_pre_padding  mc_w.l(printf8.o)
    0x080034de   0x080034de   0x00000002   PAD
    0x080034e0   0x080034e0   0x00000014   Code   RO          875    i.fputc             usart.o
    0x080034f4   0x080034f4   0x00000050   Code   RO         5787    i.free              mc_w.l(malloc.o)
    0x08003544   0x08003544   0x0000000c   Code   RO         4998    i.inHandlerMode     cmsis_os.o
    0x08003550   0x08003550   0x00000090   Code   RO          877    i.lte_usart_init    usart.o
    0x080035e0   0x080035e0   0x000000d8   Code   RO          878    i.lte_usart_process_data  usart.o
    0x080036b8   0x080036b8   0x00000054   Code   RO          879    i.lte_usart_rx_check  usart.o
    0x0800370c   0x0800370c   0x0000002c   Code   RO          880    i.lte_usart_send_data  usart.o
    0x08003738   0x08003738   0x00000014   Code   RO          881    i.lte_usart_send_string  usart.o
    0x0800374c   0x0800374c   0x00000032   Code   RO          417    i.main              main.o
    0x0800377e   0x0800377e   0x0000000c   Code   RO         5000    i.makeFreeRtosPriority  cmsis_os.o
    0x0800378a   0x0800378a   0x00000002   PAD
    0x0800378c   0x0800378c   0x0000006c   Code   RO         5788    i.malloc            mc_w.l(malloc.o)
    0x080037f8   0x080037f8   0x0000000e   Code   RO         5002    i.osDelay           cmsis_os.o
    0x08003806   0x08003806   0x0000000a   Code   RO         5005    i.osKernelStart     cmsis_os.o
    0x08003810   0x08003810   0x00000026   Code   RO         5014    i.osMessageCreate   cmsis_os.o
    0x08003836   0x08003836   0x00000002   PAD
    0x08003838   0x08003838   0x00000094   Code   RO         5016    i.osMessageGet      cmsis_os.o
    0x080038cc   0x080038cc   0x0000005c   Code   RO         5018    i.osMessagePut      cmsis_os.o
    0x08003928   0x08003928   0x0000003e   Code   RO         5031    i.osSemaphoreCreate  cmsis_os.o
    0x08003966   0x08003966   0x00000002   PAD
    0x08003968   0x08003968   0x00000050   Code   RO         5034    i.osSemaphoreRelease  cmsis_os.o
    0x080039b8   0x080039b8   0x00000064   Code   RO         5035    i.osSemaphoreWait   cmsis_os.o
    0x08003a1c   0x08003a1c   0x00000054   Code   RO         5039    i.osThreadCreate    cmsis_os.o
    0x08003a70   0x08003a70   0x00000070   Code   RO         4682    i.prvAddCurrentTaskToDelayedList  tasks.o
    0x08003ae0   0x08003ae0   0x000000d0   Code   RO         4683    i.prvAddNewTaskToReadyList  tasks.o
    0x08003bb0   0x08003bb0   0x00000026   Code   RO         4358    i.prvCopyDataFromQueue  queue.o
    0x08003bd6   0x08003bd6   0x0000006c   Code   RO         4359    i.prvCopyDataToQueue  queue.o
    0x08003c42   0x08003c42   0x00000034   Code   RO         4684    i.prvDeleteTCB      tasks.o
    0x08003c76   0x08003c76   0x00000002   PAD
    0x08003c78   0x08003c78   0x0000004c   Code   RO         5367    i.prvHeapInit       heap_4.o
    0x08003cc4   0x08003cc4   0x00000064   Code   RO         4685    i.prvIdleTask       tasks.o
    0x08003d28   0x08003d28   0x00000016   Code   RO         4361    i.prvInitialiseNewQueue  queue.o
    0x08003d3e   0x08003d3e   0x00000098   Code   RO         4686    i.prvInitialiseNewTask  tasks.o
    0x08003dd6   0x08003dd6   0x00000002   PAD
    0x08003dd8   0x08003dd8   0x0000004c   Code   RO         5368    i.prvInsertBlockIntoFreeList  heap_4.o
    0x08003e24   0x08003e24   0x0000001c   Code   RO         4362    i.prvIsQueueEmpty   queue.o
    0x08003e40   0x08003e40   0x00000020   Code   RO         4687    i.prvResetNextTaskUnblockTime  tasks.o
    0x08003e60   0x08003e60   0x00000028   Code   RO         5436    i.prvTaskExitError  port.o
    0x08003e88   0x08003e88   0x0000006a   Code   RO         4363    i.prvUnlockQueue    queue.o
    0x08003ef2   0x08003ef2   0x00000002   PAD
    0x08003ef4   0x08003ef4   0x000000dc   Code   RO         5369    i.pvPortMalloc      heap_4.o
    0x08003fd0   0x08003fd0   0x00000018   Code   RO         4689    i.pvTaskIncrementMutexHeldCount  tasks.o
    0x08003fe8   0x08003fe8   0x0000002c   Code   RO         5437    i.pxPortInitialiseStack  port.o
    0x08004014   0x08004014   0x00000028   Code   RO          418    i.strcatArray       main.o
    0x0800403c   0x0800403c   0x00000026   Code   RO         4318    i.uxListRemove      list.o
    0x08004062   0x08004062   0x00000002   PAD
    0x08004064   0x08004064   0x00000014   Code   RO          569    i.vApplicationGetIdleTaskMemory  freertos.o
    0x08004078   0x08004078   0x0000002c   Code   RO          570    i.vApplicationIdleHook  freertos.o
    0x080040a4   0x080040a4   0x00000016   Code   RO         4319    i.vListInitialise   list.o
    0x080040ba   0x080040ba   0x00000006   Code   RO         4320    i.vListInitialiseItem  list.o
    0x080040c0   0x080040c0   0x00000030   Code   RO         4321    i.vListInsert       list.o
    0x080040f0   0x080040f0   0x00000018   Code   RO         4322    i.vListInsertEnd    list.o
    0x08004108   0x08004108   0x00000040   Code   RO         5439    i.vPortEnterCritical  port.o
    0x08004148   0x08004148   0x00000028   Code   RO         5440    i.vPortExitCritical  port.o
    0x08004170   0x08004170   0x00000064   Code   RO         5370    i.vPortFree         heap_4.o
    0x080041d4   0x080041d4   0x00000024   Code   RO         5441    i.vPortSetupTimerInterrupt  port.o
    0x080041f8   0x080041f8   0x00000054   Code   RO         5442    i.vPortValidateInterruptPriority  port.o
    0x0800424c   0x0800424c   0x0000004c   Code   RO         4696    i.vTaskDelay        tasks.o
    0x08004298   0x08004298   0x00000010   Code   RO         4699    i.vTaskInternalSetTimeOutState  tasks.o
    0x080042a8   0x080042a8   0x0000000c   Code   RO         4700    i.vTaskMissedYield  tasks.o
    0x080042b4   0x080042b4   0x00000030   Code   RO         4702    i.vTaskPlaceOnEventList  tasks.o
    0x080042e4   0x080042e4   0x000000a0   Code   RO         4704    i.vTaskPriorityDisinheritAfterTimeout  tasks.o
    0x08004384   0x08004384   0x0000006c   Code   RO         4709    i.vTaskStartScheduler  tasks.o
    0x080043f0   0x080043f0   0x00000010   Code   RO         4711    i.vTaskSuspendAll   tasks.o
    0x08004400   0x08004400   0x0000005c   Code   RO         4712    i.vTaskSwitchContext  tasks.o
    0x0800445c   0x0800445c   0x000000f4   Code   RO         5443    i.xPortStartScheduler  port.o
    0x08004550   0x08004550   0x00000042   Code   RO         4372    i.xQueueGenericCreate  queue.o
    0x08004592   0x08004592   0x00000066   Code   RO         4373    i.xQueueGenericCreateStatic  queue.o
    0x080045f8   0x080045f8   0x00000088   Code   RO         4374    i.xQueueGenericReset  queue.o
    0x08004680   0x08004680   0x00000160   Code   RO         4375    i.xQueueGenericSend  queue.o
    0x080047e0   0x080047e0   0x000000be   Code   RO         4376    i.xQueueGenericSendFromISR  queue.o
    0x0800489e   0x0800489e   0x0000009c   Code   RO         4377    i.xQueueGiveFromISR  queue.o
    0x0800493a   0x0800493a   0x00000002   PAD
    0x0800493c   0x0800493c   0x00000138   Code   RO         4382    i.xQueueReceive     queue.o
    0x08004a74   0x08004a74   0x0000009a   Code   RO         4383    i.xQueueReceiveFromISR  queue.o
    0x08004b0e   0x08004b0e   0x00000002   PAD
    0x08004b10   0x08004b10   0x00000178   Code   RO         4384    i.xQueueSemaphoreTake  queue.o
    0x08004c88   0x08004c88   0x00000074   Code   RO         4714    i.xTaskCheckForTimeOut  tasks.o
    0x08004cfc   0x08004cfc   0x0000005a   Code   RO         4715    i.xTaskCreate       tasks.o
    0x08004d56   0x08004d56   0x00000056   Code   RO         4716    i.xTaskCreateStatic  tasks.o
    0x08004dac   0x08004dac   0x0000001c   Code   RO         4720    i.xTaskGetSchedulerState  tasks.o
    0x08004dc8   0x08004dc8   0x000000cc   Code   RO         4723    i.xTaskIncrementTick  tasks.o
    0x08004e94   0x08004e94   0x00000098   Code   RO         4726    i.xTaskPriorityDisinherit  tasks.o
    0x08004f2c   0x08004f2c   0x0000008c   Code   RO         4727    i.xTaskPriorityInherit  tasks.o
    0x08004fb8   0x08004fb8   0x00000074   Code   RO         4728    i.xTaskRemoveFromEventList  tasks.o
    0x0800502c   0x0800502c   0x000000c4   Code   RO         4729    i.xTaskResumeAll    tasks.o
    0x080050f0   0x080050f0   0x0000005e   Data   RO          266    .constdata          cc1101.o
    0x0800514e   0x0800514e   0x00000002   PAD
    0x08005150   0x08005150   0x00000064   Data   RO          572    .constdata          freertos.o
    0x080051b4   0x080051b4   0x00000008   Data   RO          883    .constdata          usart.o
    0x080051bc   0x080051bc   0x00000008   Data   RO          979    .constdata          stm32f4xx_it.o
    0x080051c4   0x080051c4   0x00000010   Data   RO         4181    .constdata          system_stm32f4xx.o
    0x080051d4   0x080051d4   0x00000008   Data   RO         4182    .constdata          system_stm32f4xx.o
    0x080051dc   0x080051dc   0x0000008e   Data   RO          419    .conststring        main.o
    0x0800526a   0x0800526a   0x00000002   PAD
    0x0800526c   0x0800526c   0x0000002a   Data   RO          573    .conststring        freertos.o
    0x08005296   0x08005296   0x00000002   PAD
    0x08005298   0x08005298   0x00000020   Data   RO         5855    Region$$Table       anon$$obj.o


    Execution Region RW_IRAM2 (Exec base: 0x10000000, Load base: 0x08005380, Size: 0x00000000, Max: 0x00010000, ABSOLUTE)

    **** No section assigned to this execution region ****


    Execution Region RW_IRAM1 (Exec base: 0x20000000, Load base: 0x080052b8, Size: 0x0000ca80, Max: 0x00020000, ABSOLUTE)

    Exec Addr    Load Addr    Size         Type   Attr      Idx    E Section Name        Object

    0x20000000   0x080052b8   0x00000004   Data   RW           22    .data               fram.o
    0x20000004   0x080052bc   0x0000000a   Data   RW          267    .data               cc1101.o
    0x2000000e   0x080052c6   0x00000002   PAD
    0x20000010   0x080052c8   0x00000028   Data   RW          574    .data               freertos.o
    0x20000038   0x080052f0   0x00000008   Data   RW          650    .data               crc.o
    0x20000040   0x080052f8   0x00000004   Data   RW          884    .data               usart.o
    0x20000044   0x080052fc   0x0000000c   Data   RW         2088    .data               stm32f4xx_hal.o
    0x20000050   0x08005308   0x00000004   Data   RW         4183    .data               system_stm32f4xx.o
    0x20000054   0x0800530c   0x0000003c   Data   RW         4732    .data               tasks.o
    0x20000090   0x08005348   0x00000020   Data   RW         5376    .data               heap_4.o
    0x200000b0   0x08005368   0x0000000c   Data   RW         5444    .data               port.o
    0x200000bc   0x08005374   0x00000004   Data   RW         5829    .data               mc_w.l(stdout.o)
    0x200000c0   0x08005378   0x00000004   Data   RW         5836    .data               mc_w.l(mvars.o)
    0x200000c4   0x0800537c   0x00000004   Data   RW         5837    .data               mc_w.l(mvars.o)
    0x200000c8        -       0x00007ff0   Zero   RW           21    .bss                fram.o
    0x200080b8        -       0x0000020c   Zero   RW          265    .bss                cc1101.o
    0x200082c4        -       0x00000354   Zero   RW          571    .bss                freertos.o
    0x20008618        -       0x0000000c   Zero   RW          740    .bss                iwdg.o
    0x20008624        -       0x00000020   Zero   RW          774    .bss                rtc.o
    0x20008644        -       0x00000102   Zero   RW          882    .bss                usart.o
    0x20008746   0x08005380   0x00000002   PAD
    0x20008748        -       0x00000048   Zero   RW         1091    .bss                stm32f4xx_hal_timebase_tim.o
    0x20008790        -       0x000000f0   Zero   RW         4731    .bss                tasks.o
    0x20008880        -       0x00003c00   Zero   RW         5375    .bss                heap_4.o
    0x2000c480        -       0x00000200   Zero   RW            2    HEAP                startup_stm32f407xx.o
    0x2000c680        -       0x00000400   Zero   RW            1    STACK               startup_stm32f407xx.o


==============================================================================

Image component sizes


      Code (inc. data)   RO Data    RW Data    ZI Data      Debug   Object Name

      1238         74         94         10        524      13238   cc1101.o
       652         20          0          0          0      33876   cmsis_os.o
       530         28          0          8          0       5569   crc.o
        96         12          0          0          0      36685   dma.o
         0          0          0          0          0      19920   event_groups.o
       692        174          0          4      32752     726477   fram.o
       936        132        142         40        852       6860   freertos.o
       428         26          0          0          0       1147   gpio.o
       472         24          0         32      15360       7331   heap_4.o
        44          8          0          0         12        699   iwdg.o
       138          0          0          0          0       3474   list.o
       682        210        142          0          0      36862   main.o
       786         82          0         12          0      11709   port.o
      2146         18          0          0          0      21023   queue.o
       384         26          0          0         32       2921   rtc.o
       254         24          0          0          0      18715   spi.o
        36          8        392          0       1536        824   startup_stm32f407xx.o
       116         18          0         12          0       8634   stm32f4xx_hal.o
       192         14          0          0          0      33784   stm32f4xx_hal_cortex.o
        34          0          0          0          0       1023   stm32f4xx_hal_crc.o
       558         52          0          0          0       4588   stm32f4xx_hal_gpio.o
       102          0          0          0          0       1851   stm32f4xx_hal_iwdg.o
        56          4          0          0          0        842   stm32f4xx_hal_msp.o
      1376         70          0          0          0       5230   stm32f4xx_hal_rcc.o
       316         20          0          0          0       1368   stm32f4xx_hal_rcc_ex.o
       916         30          0          0          0       7384   stm32f4xx_hal_rtc.o
       786         72          0          0          0       7228   stm32f4xx_hal_tim.o
         4          0          0          0          0       1561   stm32f4xx_hal_tim_ex.o
       116         16          0          0         72       1383   stm32f4xx_hal_timebase_tim.o
       276         52          8          0          0      34092   stm32f4xx_it.o
       310          0          0          0          0       7139   stm32f4xx_ll_gpio.o
       236         48          0          0          0      27655   stm32f4xx_ll_rcc.o
       100          0          0          0          0      14470   stm32f4xx_ll_spi.o
       336         24          0          0          0      16296   stm32f4xx_ll_usart.o
         0          0          0          0          0        392   stream_buffer.o
        16          4         24          4          0       1091   system_stm32f4xx.o
      2336        174          0         60        240      27403   tasks.o
       908        100          8          4        258      36322   usart.o

    ----------------------------------------------------------------------
     18648       1564        848        188      51640    1187066   Object Totals
         0          0         32          0          0          0   (incl. Generated)
        44          0          6          2          2          0   (incl. Padding)

    ----------------------------------------------------------------------

      Code (inc. data)   RO Data    RW Data    ZI Data      Debug   Library Member Name

         0          0          0          0          0          0   entry.o
         0          0          0          0          0          0   entry10a.o
         0          0          0          0          0          0   entry11a.o
         8          4          0          0          0          0   entry2.o
         4          0          0          0          0          0   entry5.o
         0          0          0          0          0          0   entry7b.o
         0          0          0          0          0          0   entry8b.o
         8          4          0          0          0          0   entry9a.o
        30          0          0          0          0          0   handlers.o
        36          8          0          0          0         68   init.o
        30          0          0          0          0         68   llshl.o
        32          0          0          0          0         68   llushr.o
       188         20          0          0          0        160   malloc.o
        36          0          0          0          0         68   memcpya.o
        36          0          0          0          0        108   memseta.o
         0          0          0          8          0          0   mvars.o
      1154         54          0          0          0        352   printf8.o
         0          0          0          4          0          0   stdout.o
        14          0          0          0          0         68   strlen.o
        98          0          0          0          0         92   uldiv.o

    ----------------------------------------------------------------------
      1680         90          0         12          0       1052   Library Totals
         6          0          0          0          0          0   (incl. Padding)

    ----------------------------------------------------------------------

      Code (inc. data)   RO Data    RW Data    ZI Data      Debug   Library Name

      1674         90          0         12          0       1052   mc_w.l

    ----------------------------------------------------------------------
      1680         90          0         12          0       1052   Library Totals

    ----------------------------------------------------------------------

==============================================================================


      Code (inc. data)   RO Data    RW Data    ZI Data      Debug   

     20328       1654        848        200      51640    1168354   Grand Totals
     20328       1654        848        200      51640    1168354   ELF Image Totals
     20328       1654        848        200          0          0   ROM Totals

==============================================================================

    Total RO  Size (Code + RO Data)                21176 (  20.68kB)
    Total RW  Size (RW Data + ZI Data)             51840 (  50.63kB)
    Total ROM Size (Code + RO Data + RW Data)      21376 (  20.88kB)

==============================================================================

