<html>
<body>
<pre>
<h1>µVision Build Log</h1>
<h2>Project:</h2>
D:\GitHub\cc1101_ctrl\Project\CC1101_ctrl.uvproj
Project File Date:  11/20/2017

<h2>Output:</h2>
Rebuild target 'CC1101_ctrl'
assembling startup_stm32f4xx.s...
compiling misc.c...
compiling stm32f4xx_exti.c...
compiling stm32f4xx_rcc.c...
compiling stm32f4xx_syscfg.c...
compiling stm32f4xx_gpio.c...
compiling stm32f4xx_spi.c...
compiling stm32f4xx_usart.c...
compiling stm32f4xx_tim.c...
compiling system_stm32f4xx.c...
compiling stm32f4_discovery.c...
compiling main.c...
compiling stm32f4xx_it.c...
compiling bsp_debug_usart.c...
compiling bsp_basic_tim.c...
compiling cc1101.c...
compiling bsp_spi.c...
compiling bsp_key.c...
linking...
Program Size: Code=8388 RO-data=548 RW-data=64 ZI-data=1088  
FromELF: creating hex file...
"..\Output\CC1101_ctrl.axf" - 0 Error(s), 0 Warning(s).
Load "..\\Output\\CC1101_ctrl.axf" 
Erase Done.
Programming Done.
Verify OK.
Application running ...
Load "..\\Output\\CC1101_ctrl.axf" 
Erase Done.
Programming Done.
Verify OK.
Application running ...
Clean started: Project: 'CC1101_ctrl'
   deleting intermediate output files for target 'CC1101_ctrl'
</pre>
</body>
</html>
h information to list the image map.
Finished: 2 information, 0 warning and 4 error messages.
"..\Output\CC1101_ctrl.axf" - 4 Error(s), 0 Warning(s).
Target not created
